Archive member included to satisfy reference by file (symbol)

/Applications/STM32CubeIDE.app/Contents/Eclipse/plugins/com.st.stm32cube.ide.mcu.externaltools.gnu-tools-for-stm32.9-2020-q2-update.macos64_2.0.0.202105311346/tools/bin/../lib/gcc/arm-none-eabi/9.3.1/../../../../arm-none-eabi/lib/thumb/v6-m/nofp/libc_nano.a(lib_a-atoi.o)
                              ./Core/Src/main.o (atoi)
/Applications/STM32CubeIDE.app/Contents/Eclipse/plugins/com.st.stm32cube.ide.mcu.externaltools.gnu-tools-for-stm32.9-2020-q2-update.macos64_2.0.0.202105311346/tools/bin/../lib/gcc/arm-none-eabi/9.3.1/../../../../arm-none-eabi/lib/thumb/v6-m/nofp/libc_nano.a(lib_a-errno.o)
                              ./Core/Src/syscalls.o (__errno)
/Applications/STM32CubeIDE.app/Contents/Eclipse/plugins/com.st.stm32cube.ide.mcu.externaltools.gnu-tools-for-stm32.9-2020-q2-update.macos64_2.0.0.202105311346/tools/bin/../lib/gcc/arm-none-eabi/9.3.1/../../../../arm-none-eabi/lib/thumb/v6-m/nofp/libc_nano.a(lib_a-exit.o)
                              /Applications/STM32CubeIDE.app/Contents/Eclipse/plugins/com.st.stm32cube.ide.mcu.externaltools.gnu-tools-for-stm32.9-2020-q2-update.macos64_2.0.0.202105311346/tools/bin/../lib/gcc/arm-none-eabi/9.3.1/../../../../arm-none-eabi/lib/thumb/v6-m/nofp/crt0.o (exit)
/Applications/STM32CubeIDE.app/Contents/Eclipse/plugins/com.st.stm32cube.ide.mcu.externaltools.gnu-tools-for-stm32.9-2020-q2-update.macos64_2.0.0.202105311346/tools/bin/../lib/gcc/arm-none-eabi/9.3.1/../../../../arm-none-eabi/lib/thumb/v6-m/nofp/libc_nano.a(lib_a-impure.o)
                              /Applications/STM32CubeIDE.app/Contents/Eclipse/plugins/com.st.stm32cube.ide.mcu.externaltools.gnu-tools-for-stm32.9-2020-q2-update.macos64_2.0.0.202105311346/tools/bin/../lib/gcc/arm-none-eabi/9.3.1/../../../../arm-none-eabi/lib/thumb/v6-m/nofp/libc_nano.a(lib_a-exit.o) (_global_impure_ptr)
/Applications/STM32CubeIDE.app/Contents/Eclipse/plugins/com.st.stm32cube.ide.mcu.externaltools.gnu-tools-for-stm32.9-2020-q2-update.macos64_2.0.0.202105311346/tools/bin/../lib/gcc/arm-none-eabi/9.3.1/../../../../arm-none-eabi/lib/thumb/v6-m/nofp/libc_nano.a(lib_a-init.o)
                              /Applications/STM32CubeIDE.app/Contents/Eclipse/plugins/com.st.stm32cube.ide.mcu.externaltools.gnu-tools-for-stm32.9-2020-q2-update.macos64_2.0.0.202105311346/tools/bin/../lib/gcc/arm-none-eabi/9.3.1/../../../../arm-none-eabi/lib/thumb/v6-m/nofp/crt0.o (__libc_init_array)
/Applications/STM32CubeIDE.app/Contents/Eclipse/plugins/com.st.stm32cube.ide.mcu.externaltools.gnu-tools-for-stm32.9-2020-q2-update.macos64_2.0.0.202105311346/tools/bin/../lib/gcc/arm-none-eabi/9.3.1/../../../../arm-none-eabi/lib/thumb/v6-m/nofp/libc_nano.a(lib_a-memcpy-stub.o)
                              ./Drivers/STM32F0xx_HAL_Driver/Src/stm32f0xx_hal_rcc.o (memcpy)
/Applications/STM32CubeIDE.app/Contents/Eclipse/plugins/com.st.stm32cube.ide.mcu.externaltools.gnu-tools-for-stm32.9-2020-q2-update.macos64_2.0.0.202105311346/tools/bin/../lib/gcc/arm-none-eabi/9.3.1/../../../../arm-none-eabi/lib/thumb/v6-m/nofp/libc_nano.a(lib_a-memset.o)
                              /Applications/STM32CubeIDE.app/Contents/Eclipse/plugins/com.st.stm32cube.ide.mcu.externaltools.gnu-tools-for-stm32.9-2020-q2-update.macos64_2.0.0.202105311346/tools/bin/../lib/gcc/arm-none-eabi/9.3.1/../../../../arm-none-eabi/lib/thumb/v6-m/nofp/crt0.o (memset)
/Applications/STM32CubeIDE.app/Contents/Eclipse/plugins/com.st.stm32cube.ide.mcu.externaltools.gnu-tools-for-stm32.9-2020-q2-update.macos64_2.0.0.202105311346/tools/bin/../lib/gcc/arm-none-eabi/9.3.1/../../../../arm-none-eabi/lib/thumb/v6-m/nofp/libc_nano.a(lib_a-sprintf.o)
                              ./Core/Src/POST.o (sprintf)
/Applications/STM32CubeIDE.app/Contents/Eclipse/plugins/com.st.stm32cube.ide.mcu.externaltools.gnu-tools-for-stm32.9-2020-q2-update.macos64_2.0.0.202105311346/tools/bin/../lib/gcc/arm-none-eabi/9.3.1/../../../../arm-none-eabi/lib/thumb/v6-m/nofp/libc_nano.a(lib_a-strcmp.o)
                              ./Core/Src/main.o (strcmp)
/Applications/STM32CubeIDE.app/Contents/Eclipse/plugins/com.st.stm32cube.ide.mcu.externaltools.gnu-tools-for-stm32.9-2020-q2-update.macos64_2.0.0.202105311346/tools/bin/../lib/gcc/arm-none-eabi/9.3.1/../../../../arm-none-eabi/lib/thumb/v6-m/nofp/libc_nano.a(lib_a-strcpy.o)
                              ./Core/Src/POST.o (strcpy)
/Applications/STM32CubeIDE.app/Contents/Eclipse/plugins/com.st.stm32cube.ide.mcu.externaltools.gnu-tools-for-stm32.9-2020-q2-update.macos64_2.0.0.202105311346/tools/bin/../lib/gcc/arm-none-eabi/9.3.1/../../../../arm-none-eabi/lib/thumb/v6-m/nofp/libc_nano.a(lib_a-strlen.o)
                              ./Core/Src/main.o (strlen)
/Applications/STM32CubeIDE.app/Contents/Eclipse/plugins/com.st.stm32cube.ide.mcu.externaltools.gnu-tools-for-stm32.9-2020-q2-update.macos64_2.0.0.202105311346/tools/bin/../lib/gcc/arm-none-eabi/9.3.1/../../../../arm-none-eabi/lib/thumb/v6-m/nofp/libc_nano.a(lib_a-strtol.o)
[...]
Memory Configuration

Name             Origin             Length             Attributes
RAM              0x0000000020000000 0x0000000000001800 xrw
FLASH            0x0000000008000000 0x0000000000008000 xr
*default*        0x0000000000000000 0xffffffffffffffff

Linker script and memory map

LOAD /Applications/STM32CubeIDE.app/Contents/Eclipse/plugins/com.st.stm32cube.ide.mcu.externaltools.gnu-tools-for-stm32.9-2020-q2-update.macos64_2.0.0.202105311346/tools/bin/../lib/gcc/arm-none-eabi/9.3.1/thumb/v6-m/nofp/crti.o
LOAD /Applications/STM32CubeIDE.app/Contents/Eclipse/plugins/com.st.stm32cube.ide.mcu.externaltools.gnu-tools-for-stm32.9-2020-q2-update.macos64_2.0.0.202105311346/tools/bin/../lib/gcc/arm-none-eabi/9.3.1/thumb/v6-m/nofp/crtbegin.o
LOAD /Applications/STM32CubeIDE.app/Contents/Eclipse/plugins/com.st.stm32cube.ide.mcu.externaltools.gnu-tools-for-stm32.9-2020-q2-update.macos64_2.0.0.202105311346/tools/bin/../lib/gcc/arm-none-eabi/9.3.1/../../../../arm-none-eabi/lib/thumb/v6-m/nofp/crt0.o
LOAD ./Core/Src/POST.o
LOAD ./Core/Src/i2c.o
LOAD ./Core/Src/i2cSlave.o
LOAD ./Core/Src/main.o
LOAD ./Core/Src/memory.o
LOAD ./Core/Src/power.o
LOAD ./Core/Src/stm32f0xx_hal_msp.o
LOAD ./Core/Src/stm32f0xx_hal_timebase_tim.o
LOAD ./Core/Src/stm32f0xx_it.o
LOAD ./Core/Src/syscalls.o
LOAD ./Core/Src/sysmem.o
LOAD ./Core/Src/system_stm32f0xx.o
LOAD ./Core/Startup/startup_stm32f048g6ux.o
LOAD ./Drivers/STM32F0xx_HAL_Driver/Src/stm32f0xx_hal.o
LOAD ./Drivers/STM32F0xx_HAL_Driver/Src/stm32f0xx_hal_adc.o
LOAD ./Drivers/STM32F0xx_HAL_Driver/Src/stm32f0xx_hal_adc_ex.o
LOAD ./Drivers/STM32F0xx_HAL_Driver/Src/stm32f0xx_hal_cortex.o
LOAD ./Drivers/STM32F0xx_HAL_Driver/Src/stm32f0xx_hal_dma.o
LOAD ./Drivers/STM32F0xx_HAL_Driver/Src/stm32f0xx_hal_exti.o
LOAD ./Drivers/STM32F0xx_HAL_Driver/Src/stm32f0xx_hal_flash.o
LOAD ./Drivers/STM32F0xx_HAL_Driver/Src/stm32f0xx_hal_flash_ex.o
LOAD ./Drivers/STM32F0xx_HAL_Driver/Src/stm32f0xx_hal_gpio.o
LOAD ./Drivers/STM32F0xx_HAL_Driver/Src/stm32f0xx_hal_i2c.o
LOAD ./Drivers/STM32F0xx_HAL_Driver/Src/stm32f0xx_hal_i2c_ex.o
LOAD ./Drivers/STM32F0xx_HAL_Driver/Src/stm32f0xx_hal_pcd.o
LOAD ./Drivers/STM32F0xx_HAL_Driver/Src/stm32f0xx_hal_pcd_ex.o
LOAD ./Drivers/STM32F0xx_HAL_Driver/Src/stm32f0xx_hal_pwr.o
LOAD ./Drivers/STM32F0xx_HAL_Driver/Src/stm32f0xx_hal_pwr_ex.o
LOAD ./Drivers/STM32F0xx_HAL_Driver/Src/stm32f0xx_hal_rcc.o
LOAD ./Drivers/STM32F0xx_HAL_Driver/Src/stm32f0xx_hal_rcc_ex.o
LOAD ./Drivers/STM32F0xx_HAL_Driver/Src/stm32f0xx_hal_spi.o
LOAD ./Drivers/STM32F0xx_HAL_Driver/Src/stm32f0xx_hal_spi_ex.o
LOAD ./Drivers/STM32F0xx_HAL_Driver/Src/stm32f0xx_hal_tim.o
LOAD ./Drivers/STM32F0xx_HAL_Driver/Src/stm32f0xx_hal_tim_ex.o
LOAD ./Drivers/STM32F0xx_HAL_Driver/Src/stm32f0xx_ll_usb.o
LOAD ./Middlewares/ST/STM32_USB_Device_Library/Class/CDC/Src/usbd_cdc.o
LOAD ./Middlewares/ST/STM32_USB_Device_Library/Core/Src/usbd_core.o
LOAD ./Middlewares/ST/STM32_USB_Device_Library/Core/Src/usbd_ctlreq.o
LOAD ./Middlewares/ST/STM32_USB_Device_Library/Core/Src/usbd_ioreq.o
LOAD ./USB_DEVICE/App/usb_device.o
LOAD ./USB_DEVICE/App/usbd_cdc_if.o
LOAD ./USB_DEVICE/App/usbd_desc.o
LOAD ./USB_DEVICE/Target/usbd_conf.o
START GROUP
LOAD /Applications/STM32CubeIDE.app/Contents/Eclipse/plugins/com.st.stm32cube.ide.mcu.externaltools.gnu-tools-for-stm32.9-2020-q2-update.macos64_2.0.0.202105311346/tools/bin/../lib/gcc/arm-none-eabi/9.3.1/../../../../arm-none-eabi/lib/thumb/v6-m/nofp/libc_nano.a
LOAD /Applications/STM32CubeIDE.app/Contents/Eclipse/plugins/com.st.stm32cube.ide.mcu.externaltools.gnu-tools-for-stm32.9-2020-q2-update.macos64_2.0.0.202105311346/tools/bin/../lib/gcc/arm-none-eabi/9.3.1/../../../../arm-none-eabi/lib/thumb/v6-m/nofp/libm.a
END GROUP
START GROUP
LOAD /Applications/STM32CubeIDE.app/Contents/Eclipse/plugins/com.st.stm32cube.ide.mcu.externaltools.gnu-tools-for-stm32.9-2020-q2-update.macos64_2.0.0.202105311346/tools/bin/../lib/gcc/arm-none-eabi/9.3.1/thumb/v6-m/nofp/libgcc.a
LOAD /Applications/STM32CubeIDE.app/Contents/Eclipse/plugins/com.st.stm32cube.ide.mcu.externaltools.gnu-tools-for-stm32.9-2020-q2-update.macos64_2.0.0.202105311346/tools/bin/../lib/gcc/arm-none-eabi/9.3.1/../../../../arm-none-eabi/lib/thumb/v6-m/nofp/libc_nano.a
END GROUP
START GROUP
LOAD /Applications/STM32CubeIDE.app/Contents/Eclipse/plugins/com.st.stm32cube.ide.mcu.externaltools.gnu-tools-for-stm32.9-2020-q2-update.macos64_2.0.0.202105311346/tools/bin/../lib/gcc/arm-none-eabi/9.3.1/thumb/v6-m/nofp/libgcc.a
LOAD /Applications/STM32CubeIDE.app/Contents/Eclipse/plugins/com.st.stm32cube.ide.mcu.externaltools.gnu-tools-for-stm32.9-2020-q2-update.macos64_2.0.0.202105311346/tools/bin/../lib/gcc/arm-none-eabi/9.3.1/../../../../arm-none-eabi/lib/thumb/v6-m/nofp/libc_nano.a
LOAD /Applications/STM32CubeIDE.app/Contents/Eclipse/plugins/com.st.stm32cube.ide.mcu.externaltools.gnu-tools-for-stm32.9-2020-q2-update.macos64_2.0.0.202105311346/tools/bin/../lib/gcc/arm-none-eabi/9.3.1/../../../../arm-none-eabi/lib/thumb/v6-m/nofp/libnosys.a
END GROUP
START GROUP
LOAD /Applications/STM32CubeIDE.app/Contents/Eclipse/plugins/com.st.stm32cube.ide.mcu.externaltools.gnu-tools-for-stm32.9-2020-q2-update.macos64_2.0.0.202105311346/tools/bin/../lib/gcc/arm-none-eabi/9.3.1/thumb/v6-m/nofp/libgcc.a
LOAD /Applications/STM32CubeIDE.app/Contents/Eclipse/plugins/com.st.stm32cube.ide.mcu.externaltools.gnu-tools-for-stm32.9-2020-q2-update.macos64_2.0.0.202105311346/tools/bin/../lib/gcc/arm-none-eabi/9.3.1/../../../../arm-none-eabi/lib/thumb/v6-m/nofp/libc_nano.a
LOAD /Applications/STM32CubeIDE.app/Contents/Eclipse/plugins/com.st.stm32cube.ide.mcu.externaltools.gnu-tools-for-stm32.9-2020-q2-update.macos64_2.0.0.202105311346/tools/bin/../lib/gcc/arm-none-eabi/9.3.1/../../../../arm-none-eabi/lib/thumb/v6-m/nofp/libnosys.a
END GROUP
LOAD /Applications/STM32CubeIDE.app/Contents/Eclipse/plugins/com.st.stm32cube.ide.mcu.externaltools.gnu-tools-for-stm32.9-2020-q2-update.macos64_2.0.0.202105311346/tools/bin/../lib/gcc/arm-none-eabi/9.3.1/thumb/v6-m/nofp/crtend.o
LOAD /Applications/STM32CubeIDE.app/Contents/Eclipse/plugins/com.st.stm32cube.ide.mcu.externaltools.gnu-tools-for-stm32.9-2020-q2-update.macos64_2.0.0.202105311346/tools/bin/../lib/gcc/arm-none-eabi/9.3.1/thumb/v6-m/nofp/crtn.o
                0x0000000020001800                _estack = (ORIGIN (RAM) + LENGTH (RAM))
                0x0000000000000200                _Min_Heap_Size = 0x200
                0x0000000000000325                _Min_Stack_Size = 0x325

.isr_vector     0x0000000008000000       0xc0
                0x0000000008000000                . = ALIGN (0x4)
 *(.isr_vector)
 .isr_vector    0x0000000008000000       0xc0 ./Core/Startup/startup_stm32f048g6ux.o
                0x0000000008000000                g_pfnVectors
                0x00000000080000c0                . = ALIGN (0x4)

.text           0x00000000080000c0     0x6b2c
                0x00000000080000c0                . = ALIGN (0x4)
 *(.text)
 .text          0x00000000080000c0       0x48 /Applications/STM32CubeIDE.app/Contents/Eclipse/plugins/com.st.stm32cube.ide.mcu.externaltools.gnu-tools-for-stm32.9-2020-q2-update.macos64_2.0.0.202105311346/tools/bin/../lib/gcc/arm-none-eabi/9.3.1/thumb/v6-m/nofp/crtbegin.o
 .text          0x0000000008000108       0x14 /Applications/STM32CubeIDE.app/Contents/Eclipse/plugins/com.st.stm32cube.ide.mcu.externaltools.gnu-tools-for-stm32.9-2020-q2-update.macos64_2.0.0.202105311346/tools/bin/../lib/gcc/arm-none-eabi/9.3.1/../../../../arm-none-eabi/lib/thumb/v6-m/nofp/libc_nano.a(lib_a-strcmp.o)
                0x0000000008000108                strcmp
 .text          0x000000000800011c        0xe /Applications/STM32CubeIDE.app/Contents/Eclipse/plugins/com.st.stm32cube.ide.mcu.externaltools.gnu-tools-for-stm32.9-2020-q2-update.macos64_2.0.0.202105311346/tools/bin/../lib/gcc/arm-none-eabi/9.3.1/../../../../arm-none-eabi/lib/thumb/v6-m/nofp/libc_nano.a(lib_a-strlen.o)
                0x000000000800011c                strlen
 *fill*         0x000000000800012a        0x2 
 .text          0x000000000800012c       0x14 /Applications/STM32CubeIDE.app/Contents/Eclipse/plugins/com.st.stm32cube.ide.mcu.externaltools.gnu-tools-for-stm32.9-2020-q2-update.macos64_2.0.0.202105311346/tools/bin/../lib/gcc/arm-none-eabi/9.3.1/thumb/v6-m/nofp/libgcc.a(_thumb1_case_sqi.o)
                0x000000000800012c                __gnu_thumb1_case_sqi
 .text          0x0000000008000140       0x14 /Applications/STM32CubeIDE.app/Contents/Eclipse/plugins/com.st.stm32cube.ide.mcu.externaltools.gnu-tools-for-stm32.9-2020-q2-update.macos64_2.0.0.202105311346/tools/bin/../lib/gcc/arm-none-eabi/9.3.1/thumb/v6-m/nofp/libgcc.a(_thumb1_case_uqi.o)
                0x0000000008000140                __gnu_thumb1_case_uqi
 .text          0x0000000008000154       0x14 /Applications/STM32CubeIDE.app/Contents/Eclipse/plugins/com.st.stm32cube.ide.mcu.externaltools.gnu-tools-for-stm32.9-2020-q2-update.macos64_2.0.0.202105311346/tools/bin/../lib/gcc/arm-none-eabi/9.3.1/thumb/v6-m/nofp/libgcc.a(_thumb1_case_shi.o)
                0x0000000008000154                __gnu_thumb1_case_shi
 .text          0x0000000008000168       0x14 /Applications/STM32CubeIDE.app/Contents/Eclipse/plugins/com.st.stm32cube.ide.mcu.externaltools.gnu-tools-for-stm32.9-2020-q2-update.macos64_2.0.0.202105311346/tools/bin/../lib/gcc/arm-none-eabi/9.3.1/thumb/v6-m/nofp/libgcc.a(_thumb1_case_uhi.o)
                0x0000000008000168                __gnu_thumb1_case_uhi
 .text          0x000000000800017c      0x114 /Applications/STM32CubeIDE.app/Contents/Eclipse/plugins/com.st.stm32cube.ide.mcu.externaltools.gnu-tools-for-stm32.9-2020-q2-update.macos64_2.0.0.202105311346/tools/bin/../lib/gcc/arm-none-eabi/9.3.1/thumb/v6-m/nofp/libgcc.a(_udivsi3.o)
                0x000000000800017c                __udivsi3
                0x000000000800017c                __aeabi_uidiv
                0x0000000008000288                __aeabi_uidivmod
 .text          0x0000000008000290        0x4 /Applications/STM32CubeIDE.app/Contents/Eclipse/plugins/com.st.stm32cube.ide.mcu.externaltools.gnu-tools-for-stm32.9-2020-q2-update.macos64_2.0.0.202105311346/tools/bin/../lib/gcc/arm-none-eabi/9.3.1/thumb/v6-m/nofp/libgcc.a(_dvmd_tls.o)
                0x0000000008000290                __aeabi_ldiv0
                0x0000000008000290                __aeabi_idiv0
 .text          0x0000000008000294       0x18 /Applications/STM32CubeIDE.app/Contents/Eclipse/plugins/com.st.stm32cube.ide.mcu.externaltools.gnu-tools-for-stm32.9-2020-q2-update.macos64_2.0.0.202105311346/tools/bin/../lib/gcc/arm-none-eabi/9.3.1/thumb/v6-m/nofp/libgcc.a(_lshrdi3.o)
                0x0000000008000294                __aeabi_llsr
                0x0000000008000294                __lshrdi3
 *(.text*)
 .text.clearBuf
                0x00000000080002ac       0x10 ./Core/Src/POST.o
                0x00000000080002ac                clearBuf
 .text.POST     0x00000000080002bc      0x18c ./Core/Src/POST.o
                0x00000000080002bc                POST
 .text.setLineDirection
                0x0000000008000448       0x34 ./Core/Src/i2c.o
                0x0000000008000448                setLineDirection
 .text.SFT_I2C_Init
                0x000000000800047c       0x28 ./Core/Src/i2c.o
                0x000000000800047c                SFT_I2C_Init
 .text.startCondition
                0x00000000080004a4       0x4e ./Core/Src/i2c.o
                0x00000000080004a4                startCondition
 .text.stopCondition
                0x00000000080004f2       0x32 ./Core/Src/i2c.o
                0x00000000080004f2                stopCondition
 .text.sendByte
                0x0000000008000524       0x50 ./Core/Src/i2c.o
                0x0000000008000524                sendByte
 .text.recvByte
                0x0000000008000574       0x94 ./Core/Src/i2c.o
                0x0000000008000574                recvByte
 .text.readReceipt
                0x0000000008000608       0x54 ./Core/Src/i2c.o
                0x0000000008000608                readReceipt
 .text.SFT_I2C_Master_Transmit
                0x000000000800065c       0x3a ./Core/Src/i2c.o
                0x000000000800065c                SFT_I2C_Master_Transmit
 .text.SFT_I2C_Master_Receive
                0x0000000008000696       0x44 ./Core/Src/i2c.o
                0x0000000008000696                SFT_I2C_Master_Receive
 *fill*         0x00000000080006da        0x2 
 .text.MX_SPI1_Init
                0x00000000080006dc       0x4c ./Core/Src/main.o
 .text.Set_CS.part.0
                0x0000000008000728       0x14 ./Core/Src/main.o
 .text.DisableSPI
                0x000000000800073c       0x30 ./Core/Src/main.o
                0x000000000800073c                DisableSPI
 .text.SetI2C_Mask
                0x000000000800076c       0x28 ./Core/Src/main.o
                0x000000000800076c                SetI2C_Mask
 .text.ClrI2C_Mask
                0x0000000008000794       0x28 ./Core/Src/main.o
                0x0000000008000794                ClrI2C_Mask
 .text.Set_CS   0x00000000080007bc       0x20 ./Core/Src/main.o
                0x00000000080007bc                Set_CS
 .text.EnableSPI
                0x00000000080007dc       0x44 ./Core/Src/main.o
                0x00000000080007dc                EnableSPI
 .text.Clr_CS   0x0000000008000820       0x20 ./Core/Src/main.o
                0x0000000008000820                Clr_CS
 .text.Test_RxPacket
                0x0000000008000840       0x30 ./Core/Src/main.o
                0x0000000008000840                Test_RxPacket
 .text.UART_putstr
                0x0000000008000870       0x18 ./Core/Src/main.o
                0x0000000008000870                UART_putstr
 .text.UART_putstrln
                0x0000000008000888       0x28 ./Core/Src/main.o
                0x0000000008000888                UART_putstrln
 .text.UART_SendByte
                0x00000000080008b0       0x16 ./Core/Src/main.o
                0x00000000080008b0                UART_SendByte
 *fill*         0x00000000080008c6        0x2 
 .text.ReadUartNonBlock
                0x00000000080008c8       0x38 ./Core/Src/main.o
                0x00000000080008c8                ReadUartNonBlock
 .text.userInput
                0x0000000008000900       0x90 ./Core/Src/main.o
                0x0000000008000900                userInput
 .text.UART_Con_Mash
                0x0000000008000990      0x39c ./Core/Src/main.o
                0x0000000008000990                UART_Con_Mash
 .text.ByteToHEX
                0x0000000008000d2c       0x16 ./Core/Src/main.o
                0x0000000008000d2c                ByteToHEX
 *fill*         0x0000000008000d42        0x2 
 .text.main2    0x0000000008000d44       0x48 ./Core/Src/main.o
                0x0000000008000d44                main2
 .text.SystemClock_Config
                0x0000000008000d8c       0x7c ./Core/Src/main.o
                0x0000000008000d8c                SystemClock_Config
 .text.startup.main
                0x0000000008000e08      0x2cc ./Core/Src/main.o
                0x0000000008000e08                main
 .text.HAL_TIM_PeriodElapsedCallback
                0x00000000080010d4       0x44 ./Core/Src/main.o
                0x00000000080010d4                HAL_TIM_PeriodElapsedCallback
 .text.Error_Handler
                0x0000000008001118        0x4 ./Core/Src/main.o
                0x0000000008001118                Error_Handler
 .text.SPI_ReadStatus
                0x000000000800111c       0x48 ./Core/Src/memory.o
                0x000000000800111c                SPI_ReadStatus
 .text.Flash_WriteEnable
                0x0000000008001164       0x30 ./Core/Src/memory.o
                0x0000000008001164                Flash_WriteEnable
 .text.SPI_EraseAddr
                0x0000000008001194       0x54 ./Core/Src/memory.o
                0x0000000008001194                SPI_EraseAddr
 .text.Flash_PageWrite
                0x00000000080011e8       0x88 ./Core/Src/memory.o
                0x00000000080011e8                Flash_PageWrite
 .text.SPI_Reset
                0x0000000008001270       0x34 ./Core/Src/memory.o
                0x0000000008001270                SPI_Reset
 .text.SPI_ReadID
                0x00000000080012a4       0x5c ./Core/Src/memory.o
                0x00000000080012a4                SPI_ReadID
 .text.Xmodem_SPI
                0x0000000008001300      0x18c ./Core/Src/memory.o
                0x0000000008001300                Xmodem_SPI
 .text.Xmodem_Init
                0x000000000800148c       0x40 ./Core/Src/memory.o
                0x000000000800148c                Xmodem_Init
 .text.FlashDump
                0x00000000080014cc       0xa8 ./Core/Src/memory.o
                0x00000000080014cc                FlashDump
 .text.memoryMenu
                0x0000000008001574       0xd4 ./Core/Src/memory.o
                0x0000000008001574                memoryMenu
 .text.writeConfig
                0x0000000008001648       0x5c ./Core/Src/memory.o
                0x0000000008001648                writeConfig
 .text.readConfig
                0x00000000080016a4       0x18 ./Core/Src/memory.o
                0x00000000080016a4                readConfig
 .text.PowerSM  0x00000000080016bc      0x148 ./Core/Src/power.o
                0x00000000080016bc                PowerSM
 .text.debouncer
                0x0000000008001804       0x46 ./Core/Src/power.o
                0x0000000008001804                debouncer
 *fill*         0x000000000800184a        0x2 
 .text.checkPowerLevels
                0x000000000800184c      0x194 ./Core/Src/power.o
                0x000000000800184c                checkPowerLevels
 .text.HAL_MspInit
                0x00000000080019e0       0x3c ./Core/Src/stm32f0xx_hal_msp.o
                0x00000000080019e0                HAL_MspInit
 .text.HAL_ADC_MspInit
                0x0000000008001a1c       0x2c ./Core/Src/stm32f0xx_hal_msp.o
                0x0000000008001a1c                HAL_ADC_MspInit
 .text.HAL_I2C_MspInit
                0x0000000008001a48       0x6c ./Core/Src/stm32f0xx_hal_msp.o
                0x0000000008001a48                HAL_I2C_MspInit
 .text.HAL_SPI_MspInit
                0x0000000008001ab4       0x78 ./Core/Src/stm32f0xx_hal_msp.o
                0x0000000008001ab4                HAL_SPI_MspInit
 .text.HAL_SPI_MspDeInit
                0x0000000008001b2c       0x34 ./Core/Src/stm32f0xx_hal_msp.o
                0x0000000008001b2c                HAL_SPI_MspDeInit
 .text.HAL_InitTick
                0x0000000008001b60       0x7c ./Core/Src/stm32f0xx_hal_timebase_tim.o
                0x0000000008001b60                HAL_InitTick
 .text.NMI_Handler
                0x0000000008001bdc        0x2 ./Core/Src/stm32f0xx_it.o
                0x0000000008001bdc                NMI_Handler
 .text.HardFault_Handler
                0x0000000008001bde        0x2 ./Core/Src/stm32f0xx_it.o
                0x0000000008001bde                HardFault_Handler
 .text.SVC_Handler
                0x0000000008001be0        0x2 ./Core/Src/stm32f0xx_it.o
                0x0000000008001be0                SVC_Handler
 .text.PendSV_Handler
                0x0000000008001be2        0x2 ./Core/Src/stm32f0xx_it.o
                0x0000000008001be2                PendSV_Handler
 .text.SysTick_Handler
                0x0000000008001be4        0x2 ./Core/Src/stm32f0xx_it.o
                0x0000000008001be4                SysTick_Handler
 *fill*         0x0000000008001be6        0x2 
 .text.TIM17_IRQHandler
                0x0000000008001be8       0x10 ./Core/Src/stm32f0xx_it.o
                0x0000000008001be8                TIM17_IRQHandler
 .text.SPI1_IRQHandler
                0x0000000008001bf8       0x10 ./Core/Src/stm32f0xx_it.o
                0x0000000008001bf8                SPI1_IRQHandler
 .text.USB_IRQHandler
                0x0000000008001c08       0x10 ./Core/Src/stm32f0xx_it.o
                0x0000000008001c08                USB_IRQHandler
 .text._sbrk    0x0000000008001c18       0x40 ./Core/Src/sysmem.o
                0x0000000008001c18                _sbrk
 .text.SystemInit
                0x0000000008001c58        0x2 ./Core/Src/system_stm32f0xx.o
                0x0000000008001c58                SystemInit
 *fill*         0x0000000008001c5a        0x2 
 .text.Reset_Handler
                0x0000000008001c5c       0x50 ./Core/Startup/startup_stm32f048g6ux.o
                0x0000000008001c5c                Reset_Handler
 .text.Default_Handler
                0x0000000008001cac        0x2 ./Core/Startup/startup_stm32f048g6ux.o
                0x0000000008001cac                TIM1_BRK_UP_TRG_COM_IRQHandler
                0x0000000008001cac                TSC_IRQHandler
                0x0000000008001cac                I2C1_IRQHandler
                0x0000000008001cac                RCC_CRS_IRQHandler
                0x0000000008001cac                EXTI2_3_IRQHandler
                0x0000000008001cac                ADC1_IRQHandler
                0x0000000008001cac                CEC_CAN_IRQHandler
                0x0000000008001cac                RTC_IRQHandler
                0x0000000008001cac                TIM16_IRQHandler
                0x0000000008001cac                TIM3_IRQHandler
                0x0000000008001cac                EXTI4_15_IRQHandler
                0x0000000008001cac                DMA1_Channel1_IRQHandler
                0x0000000008001cac                Default_Handler
                0x0000000008001cac                TIM14_IRQHandler
                0x0000000008001cac                DMA1_Channel4_5_IRQHandler
                0x0000000008001cac                EXTI0_1_IRQHandler
                0x0000000008001cac                SPI2_IRQHandler
                0x0000000008001cac                WWDG_IRQHandler
                0x0000000008001cac                TIM2_IRQHandler
                0x0000000008001cac                DMA1_Channel2_3_IRQHandler
                0x0000000008001cac                USART2_IRQHandler
                0x0000000008001cac                VDDIO2_IRQHandler
                0x0000000008001cac                FLASH_IRQHandler
                0x0000000008001cac                USART1_IRQHandler
                0x0000000008001cac                TIM1_CC_IRQHandler
 *fill*         0x0000000008001cae        0x2 
 .text.HAL_Init
                0x0000000008001cb0       0x20 ./Drivers/STM32F0xx_HAL_Driver/Src/stm32f0xx_hal.o
                0x0000000008001cb0                HAL_Init
 .text.HAL_IncTick
                0x0000000008001cd0       0x18 ./Drivers/STM32F0xx_HAL_Driver/Src/stm32f0xx_hal.o
                0x0000000008001cd0                HAL_IncTick
 .text.HAL_GetTick
                0x0000000008001ce8        0xc ./Drivers/STM32F0xx_HAL_Driver/Src/stm32f0xx_hal.o
                0x0000000008001ce8                HAL_GetTick
 .text.HAL_Delay
                0x0000000008001cf4       0x24 ./Drivers/STM32F0xx_HAL_Driver/Src/stm32f0xx_hal.o
                0x0000000008001cf4                HAL_Delay
 .text.HAL_ADC_Init
                0x0000000008001d18      0x150 ./Drivers/STM32F0xx_HAL_Driver/Src/stm32f0xx_hal_adc.o
                0x0000000008001d18                HAL_ADC_Init
 .text.HAL_ADC_ConfigChannel
                0x0000000008001e68      0x108 ./Drivers/STM32F0xx_HAL_Driver/Src/stm32f0xx_hal_adc.o
                0x0000000008001e68                HAL_ADC_ConfigChannel
 .text.HAL_NVIC_SetPriority
                0x0000000008001f70       0x54 ./Drivers/STM32F0xx_HAL_Driver/Src/stm32f0xx_hal_cortex.o
                0x0000000008001f70                HAL_NVIC_SetPriority
 .text.HAL_NVIC_EnableIRQ
                0x0000000008001fc4       0x18 ./Drivers/STM32F0xx_HAL_Driver/Src/stm32f0xx_hal_cortex.o
                0x0000000008001fc4                HAL_NVIC_EnableIRQ
 .text.HAL_NVIC_DisableIRQ
                0x0000000008001fdc       0x20 ./Drivers/STM32F0xx_HAL_Driver/Src/stm32f0xx_hal_cortex.o
                0x0000000008001fdc                HAL_NVIC_DisableIRQ
 .text.HAL_DMA_Abort_IT
                0x0000000008001ffc       0x46 ./Drivers/STM32F0xx_HAL_Driver/Src/stm32f0xx_hal_dma.o
                0x0000000008001ffc                HAL_DMA_Abort_IT
 *fill*         0x0000000008002042        0x2 
 .text.FLASH_SetErrorCode
                0x0000000008002044       0x3c ./Drivers/STM32F0xx_HAL_Driver/Src/stm32f0xx_hal_flash.o
 .text.HAL_FLASH_Unlock
                0x0000000008002080       0x28 ./Drivers/STM32F0xx_HAL_Driver/Src/stm32f0xx_hal_flash.o
                0x0000000008002080                HAL_FLASH_Unlock
 .text.HAL_FLASH_Lock
                0x00000000080020a8       0x14 ./Drivers/STM32F0xx_HAL_Driver/Src/stm32f0xx_hal_flash.o
                0x00000000080020a8                HAL_FLASH_Lock
 .text.FLASH_WaitForLastOperation
                0x00000000080020bc       0x58 ./Drivers/STM32F0xx_HAL_Driver/Src/stm32f0xx_hal_flash.o
                0x00000000080020bc                FLASH_WaitForLastOperation
 .text.HAL_FLASH_Program
                0x0000000008002114       0x84 ./Drivers/STM32F0xx_HAL_Driver/Src/stm32f0xx_hal_flash.o
                0x0000000008002114                HAL_FLASH_Program
 .text.FLASH_MassErase
                0x0000000008002198       0x24 ./Drivers/STM32F0xx_HAL_Driver/Src/stm32f0xx_hal_flash_ex.o
 .text.FLASH_PageErase
                0x00000000080021bc       0x24 ./Drivers/STM32F0xx_HAL_Driver/Src/stm32f0xx_hal_flash_ex.o
                0x00000000080021bc                FLASH_PageErase
 .text.HAL_FLASHEx_Erase
                0x00000000080021e0       0x94 ./Drivers/STM32F0xx_HAL_Driver/Src/stm32f0xx_hal_flash_ex.o
                0x00000000080021e0                HAL_FLASHEx_Erase
 .text.HAL_GPIO_Init
                0x0000000008002274      0x160 ./Drivers/STM32F0xx_HAL_Driver/Src/stm32f0xx_hal_gpio.o
                0x0000000008002274                HAL_GPIO_Init
 .text.HAL_GPIO_DeInit
                0x00000000080023d4       0xd0 ./Drivers/STM32F0xx_HAL_Driver/Src/stm32f0xx_hal_gpio.o
                0x00000000080023d4                HAL_GPIO_DeInit
 .text.HAL_GPIO_ReadPin
                0x00000000080024a4        0xc ./Drivers/STM32F0xx_HAL_Driver/Src/stm32f0xx_hal_gpio.o
                0x00000000080024a4                HAL_GPIO_ReadPin
 .text.HAL_GPIO_WritePin
                0x00000000080024b0        0xc ./Drivers/STM32F0xx_HAL_Driver/Src/stm32f0xx_hal_gpio.o
                0x00000000080024b0                HAL_GPIO_WritePin
 .text.HAL_I2C_Init
                0x00000000080024bc       0xac ./Drivers/STM32F0xx_HAL_Driver/Src/stm32f0xx_hal_i2c.o
                0x00000000080024bc                HAL_I2C_Init
 .text.HAL_I2CEx_ConfigAnalogFilter
                0x0000000008002568       0x4c ./Drivers/STM32F0xx_HAL_Driver/Src/stm32f0xx_hal_i2c_ex.o
                0x0000000008002568                HAL_I2CEx_ConfigAnalogFilter
 .text.HAL_I2CEx_ConfigDigitalFilter
                0x00000000080025b4       0x48 ./Drivers/STM32F0xx_HAL_Driver/Src/stm32f0xx_hal_i2c_ex.o
                0x00000000080025b4                HAL_I2CEx_ConfigDigitalFilter
 .text.HAL_PCD_Init
                0x00000000080025fc       0xd8 ./Drivers/STM32F0xx_HAL_Driver/Src/stm32f0xx_hal_pcd.o
                0x00000000080025fc                HAL_PCD_Init
 .text.HAL_PCD_Start
                0x00000000080026d4       0x26 ./Drivers/STM32F0xx_HAL_Driver/Src/stm32f0xx_hal_pcd.o
                0x00000000080026d4                HAL_PCD_Start
 .text.HAL_PCD_SetAddress
                0x00000000080026fa       0x24 ./Drivers/STM32F0xx_HAL_Driver/Src/stm32f0xx_hal_pcd.o
                0x00000000080026fa                HAL_PCD_SetAddress
 *fill*         0x000000000800271e        0x2 
 .text.HAL_PCD_IRQHandler
                0x0000000008002720      0xa2c ./Drivers/STM32F0xx_HAL_Driver/Src/stm32f0xx_hal_pcd.o
                0x0000000008002720                HAL_PCD_IRQHandler
 .text.HAL_PCD_EP_Open
                0x000000000800314c       0x62 ./Drivers/STM32F0xx_HAL_Driver/Src/stm32f0xx_hal_pcd.o
                0x000000000800314c                HAL_PCD_EP_Open
 .text.HAL_PCD_EP_Close
                0x00000000080031ae       0x4e ./Drivers/STM32F0xx_HAL_Driver/Src/stm32f0xx_hal_pcd.o
                0x00000000080031ae                HAL_PCD_EP_Close
 .text.HAL_PCD_EP_Receive
                0x00000000080031fc       0x42 ./Drivers/STM32F0xx_HAL_Driver/Src/stm32f0xx_hal_pcd.o
                0x00000000080031fc                HAL_PCD_EP_Receive
 .text.HAL_PCD_EP_GetRxCount
                0x000000000800323e       0x12 ./Drivers/STM32F0xx_HAL_Driver/Src/stm32f0xx_hal_pcd.o
                0x000000000800323e                HAL_PCD_EP_GetRxCount
 .text.HAL_PCD_EP_Transmit
                0x0000000008003250       0x3a ./Drivers/STM32F0xx_HAL_Driver/Src/stm32f0xx_hal_pcd.o
                0x0000000008003250                HAL_PCD_EP_Transmit
 .text.HAL_PCD_EP_SetStall
                0x000000000800328a       0x56 ./Drivers/STM32F0xx_HAL_Driver/Src/stm32f0xx_hal_pcd.o
                0x000000000800328a                HAL_PCD_EP_SetStall
 .text.HAL_PCD_EP_ClrStall
                0x00000000080032e0       0x5e ./Drivers/STM32F0xx_HAL_Driver/Src/stm32f0xx_hal_pcd.o
                0x00000000080032e0                HAL_PCD_EP_ClrStall
 .text.HAL_PCDEx_PMAConfig
                0x000000000800333e       0x34 ./Drivers/STM32F0xx_HAL_Driver/Src/stm32f0xx_hal_pcd_ex.o
                0x000000000800333e                HAL_PCDEx_PMAConfig
 .text.HAL_PCDEx_ActivateLPM
                0x0000000008003372       0x28 ./Drivers/STM32F0xx_HAL_Driver/Src/stm32f0xx_hal_pcd_ex.o
                0x0000000008003372                HAL_PCDEx_ActivateLPM
 .text.HAL_PCDEx_LPM_Callback
                0x000000000800339a        0x2 ./Drivers/STM32F0xx_HAL_Driver/Src/stm32f0xx_hal_pcd_ex.o
                0x000000000800339a                HAL_PCDEx_LPM_Callback
 .text.HAL_RCC_OscConfig
                0x000000000800339c      0x4a0 ./Drivers/STM32F0xx_HAL_Driver/Src/stm32f0xx_hal_rcc.o
                0x000000000800339c                HAL_RCC_OscConfig
 .text.HAL_RCC_GetSysClockFreq
                0x000000000800383c       0x84 ./Drivers/STM32F0xx_HAL_Driver/Src/stm32f0xx_hal_rcc.o
                0x000000000800383c                HAL_RCC_GetSysClockFreq
 .text.HAL_RCC_ClockConfig
                0x00000000080038c0      0x118 ./Drivers/STM32F0xx_HAL_Driver/Src/stm32f0xx_hal_rcc.o
                0x00000000080038c0                HAL_RCC_ClockConfig
 .text.HAL_RCC_GetPCLK1Freq
                0x00000000080039d8       0x20 ./Drivers/STM32F0xx_HAL_Driver/Src/stm32f0xx_hal_rcc.o
                0x00000000080039d8                HAL_RCC_GetPCLK1Freq
 .text.HAL_RCC_GetClockConfig
                0x00000000080039f8       0x38 ./Drivers/STM32F0xx_HAL_Driver/Src/stm32f0xx_hal_rcc.o
                0x00000000080039f8                HAL_RCC_GetClockConfig
 .text.HAL_RCCEx_PeriphCLKConfig
                0x0000000008003a30      0x130 ./Drivers/STM32F0xx_HAL_Driver/Src/stm32f0xx_hal_rcc_ex.o
                0x0000000008003a30                HAL_RCCEx_PeriphCLKConfig
 .text.SPI_WaitFlagStateUntilTimeout.constprop.0
                0x0000000008003b60       0xb8 ./Drivers/STM32F0xx_HAL_Driver/Src/stm32f0xx_hal_spi.o
 .text.SPI_WaitFifoStateUntilTimeout.constprop.0
                0x0000000008003c18       0xd8 ./Drivers/STM32F0xx_HAL_Driver/Src/stm32f0xx_hal_spi.o
 .text.SPI_EndRxTransaction
                0x0000000008003cf0       0x7a ./Drivers/STM32F0xx_HAL_Driver/Src/stm32f0xx_hal_spi.o
 .text.SPI_EndRxTxTransaction
                0x0000000008003d6a       0x46 ./Drivers/STM32F0xx_HAL_Driver/Src/stm32f0xx_hal_spi.o
 .text.HAL_SPI_Init
                0x0000000008003db0       0xf0 ./Drivers/STM32F0xx_HAL_Driver/Src/stm32f0xx_hal_spi.o
                0x0000000008003db0                HAL_SPI_Init
 .text.HAL_SPI_DeInit
                0x0000000008003ea0       0x2e ./Drivers/STM32F0xx_HAL_Driver/Src/stm32f0xx_hal_spi.o
                0x0000000008003ea0                HAL_SPI_DeInit
 .text.HAL_SPI_Transmit
                0x0000000008003ece      0x17a ./Drivers/STM32F0xx_HAL_Driver/Src/stm32f0xx_hal_spi.o
                0x0000000008003ece                HAL_SPI_Transmit
 .text.HAL_SPI_TransmitReceive
                0x0000000008004048      0x20c ./Drivers/STM32F0xx_HAL_Driver/Src/stm32f0xx_hal_spi.o
                0x0000000008004048                HAL_SPI_TransmitReceive
 .text.HAL_SPI_Receive
                0x0000000008004254      0x178 ./Drivers/STM32F0xx_HAL_Driver/Src/stm32f0xx_hal_spi.o
                0x0000000008004254                HAL_SPI_Receive
 .text.HAL_SPI_ErrorCallback
                0x00000000080043cc        0x2 ./Drivers/STM32F0xx_HAL_Driver/Src/stm32f0xx_hal_spi.o
                0x00000000080043cc                HAL_SPI_ErrorCallback
 *fill*         0x00000000080043ce        0x2 
 .text.HAL_SPI_IRQHandler
                0x00000000080043d0      0x120 ./Drivers/STM32F0xx_HAL_Driver/Src/stm32f0xx_hal_spi.o
                0x00000000080043d0                HAL_SPI_IRQHandler
 .text.SPI_DMAAbortOnError
                0x00000000080044f0       0x14 ./Drivers/STM32F0xx_HAL_Driver/Src/stm32f0xx_hal_spi.o
 .text.HAL_TIM_Base_MspInit
                0x0000000008004504        0x2 ./Drivers/STM32F0xx_HAL_Driver/Src/stm32f0xx_hal_tim.o
                0x0000000008004504                HAL_TIM_Base_MspInit
 *fill*         0x0000000008004506        0x2 
 .text.HAL_TIM_Base_Start_IT
                0x0000000008004508       0x58 ./Drivers/STM32F0xx_HAL_Driver/Src/stm32f0xx_hal_tim.o
                0x0000000008004508                HAL_TIM_Base_Start_IT
 .text.HAL_TIM_OC_DelayElapsedCallback
                0x0000000008004560        0x2 ./Drivers/STM32F0xx_HAL_Driver/Src/stm32f0xx_hal_tim.o
                0x0000000008004560                HAL_TIM_OC_DelayElapsedCallback
 .text.HAL_TIM_IC_CaptureCallback
                0x0000000008004562        0x2 ./Drivers/STM32F0xx_HAL_Driver/Src/stm32f0xx_hal_tim.o
                0x0000000008004562                HAL_TIM_IC_CaptureCallback
 .text.HAL_TIM_PWM_PulseFinishedCallback
                0x0000000008004564        0x2 ./Drivers/STM32F0xx_HAL_Driver/Src/stm32f0xx_hal_tim.o
                0x0000000008004564                HAL_TIM_PWM_PulseFinishedCallback
 .text.HAL_TIM_TriggerCallback
                0x0000000008004566        0x2 ./Drivers/STM32F0xx_HAL_Driver/Src/stm32f0xx_hal_tim.o
                0x0000000008004566                HAL_TIM_TriggerCallback
 .text.HAL_TIM_IRQHandler
                0x0000000008004568      0x148 ./Drivers/STM32F0xx_HAL_Driver/Src/stm32f0xx_hal_tim.o
                0x0000000008004568                HAL_TIM_IRQHandler
 .text.TIM_Base_SetConfig
                0x00000000080046b0       0x90 ./Drivers/STM32F0xx_HAL_Driver/Src/stm32f0xx_hal_tim.o
                0x00000000080046b0                TIM_Base_SetConfig
 .text.HAL_TIM_Base_Init
                0x0000000008004740       0x50 ./Drivers/STM32F0xx_HAL_Driver/Src/stm32f0xx_hal_tim.o
                0x0000000008004740                HAL_TIM_Base_Init
 .text.HAL_TIMEx_CommutCallback
                0x0000000008004790        0x2 ./Drivers/STM32F0xx_HAL_Driver/Src/stm32f0xx_hal_tim_ex.o
                0x0000000008004790                HAL_TIMEx_CommutCallback
 .text.HAL_TIMEx_BreakCallback
                0x0000000008004792        0x2 ./Drivers/STM32F0xx_HAL_Driver/Src/stm32f0xx_hal_tim_ex.o
                0x0000000008004792                HAL_TIMEx_BreakCallback
 .text.USB_EnableGlobalInt
                0x0000000008004794       0x14 ./Drivers/STM32F0xx_HAL_Driver/Src/stm32f0xx_ll_usb.o
                0x0000000008004794                USB_EnableGlobalInt
 .text.USB_DisableGlobalInt
                0x00000000080047a8       0x14 ./Drivers/STM32F0xx_HAL_Driver/Src/stm32f0xx_ll_usb.o
                0x00000000080047a8                USB_DisableGlobalInt
 .text.USB_DevInit
                0x00000000080047bc       0x26 ./Drivers/STM32F0xx_HAL_Driver/Src/stm32f0xx_ll_usb.o
                0x00000000080047bc                USB_DevInit
 *fill*         0x00000000080047e2        0x2 
 .text.USB_ActivateEndpoint
                0x00000000080047e4      0x27c ./Drivers/STM32F0xx_HAL_Driver/Src/stm32f0xx_ll_usb.o
                0x00000000080047e4                USB_ActivateEndpoint
 .text.USB_DeactivateEndpoint
                0x0000000008004a60      0x12c ./Drivers/STM32F0xx_HAL_Driver/Src/stm32f0xx_ll_usb.o
                0x0000000008004a60                USB_DeactivateEndpoint
 .text.USB_EPSetStall
                0x0000000008004b8c       0x3c ./Drivers/STM32F0xx_HAL_Driver/Src/stm32f0xx_ll_usb.o
                0x0000000008004b8c                USB_EPSetStall
 .text.USB_EPClearStall
                0x0000000008004bc8       0x84 ./Drivers/STM32F0xx_HAL_Driver/Src/stm32f0xx_ll_usb.o
                0x0000000008004bc8                USB_EPClearStall
 .text.USB_SetDevAddress
                0x0000000008004c4c        0xe ./Drivers/STM32F0xx_HAL_Driver/Src/stm32f0xx_ll_usb.o
                0x0000000008004c4c                USB_SetDevAddress
 .text.USB_DevConnect
                0x0000000008004c5a       0x10 ./Drivers/STM32F0xx_HAL_Driver/Src/stm32f0xx_ll_usb.o
                0x0000000008004c5a                USB_DevConnect
 .text.USB_ReadInterrupts
                0x0000000008004c6a        0x8 ./Drivers/STM32F0xx_HAL_Driver/Src/stm32f0xx_ll_usb.o
                0x0000000008004c6a                USB_ReadInterrupts
 .text.USB_WritePMA
                0x0000000008004c72       0x2a ./Drivers/STM32F0xx_HAL_Driver/Src/stm32f0xx_ll_usb.o
                0x0000000008004c72                USB_WritePMA
 .text.USB_EPStartXfer
                0x0000000008004c9c      0x554 ./Drivers/STM32F0xx_HAL_Driver/Src/stm32f0xx_ll_usb.o
                0x0000000008004c9c                USB_EPStartXfer
 .text.USB_ReadPMA
                0x00000000080051f0       0x38 ./Drivers/STM32F0xx_HAL_Driver/Src/stm32f0xx_ll_usb.o
                0x00000000080051f0                USB_ReadPMA
 .text.USBD_CDC_EP0_RxReady
                0x0000000008005228       0x34 ./Middlewares/ST/STM32_USB_Device_Library/Class/CDC/Src/usbd_cdc.o
 .text.USBD_CDC_GetFSCfgDesc
                0x000000000800525c        0xc ./Middlewares/ST/STM32_USB_Device_Library/Class/CDC/Src/usbd_cdc.o
 .text.USBD_CDC_GetHSCfgDesc
                0x0000000008005268        0xc ./Middlewares/ST/STM32_USB_Device_Library/Class/CDC/Src/usbd_cdc.o
 .text.USBD_CDC_GetOtherSpeedCfgDesc
                0x0000000008005274        0xc ./Middlewares/ST/STM32_USB_Device_Library/Class/CDC/Src/usbd_cdc.o
 .text.USBD_CDC_GetDeviceQualifierDescriptor
                0x0000000008005280        0xc ./Middlewares/ST/STM32_USB_Device_Library/Class/CDC/Src/usbd_cdc.o
                0x0000000008005280                USBD_CDC_GetDeviceQualifierDescriptor
 .text.USBD_CDC_DataOut
                0x000000000800528c       0x34 ./Middlewares/ST/STM32_USB_Device_Library/Class/CDC/Src/usbd_cdc.o
 .text.USBD_CDC_DataIn
                0x00000000080052c0       0x54 ./Middlewares/ST/STM32_USB_Device_Library/Class/CDC/Src/usbd_cdc.o
 .text.USBD_CDC_Setup
                0x0000000008005314       0xc8 ./Middlewares/ST/STM32_USB_Device_Library/Class/CDC/Src/usbd_cdc.o
 .text.USBD_CDC_DeInit
                0x00000000080053dc       0x46 ./Middlewares/ST/STM32_USB_Device_Library/Class/CDC/Src/usbd_cdc.o
 .text.USBD_CDC_Init
                0x0000000008005422       0xa4 ./Middlewares/ST/STM32_USB_Device_Library/Class/CDC/Src/usbd_cdc.o
 .text.USBD_CDC_RegisterInterface
                0x00000000080054c6       0x12 ./Middlewares/ST/STM32_USB_Device_Library/Class/CDC/Src/usbd_cdc.o
                0x00000000080054c6                USBD_CDC_RegisterInterface
 .text.USBD_CDC_SetTxBuffer
                0x00000000080054d8       0x16 ./Middlewares/ST/STM32_USB_Device_Library/Class/CDC/Src/usbd_cdc.o
                0x00000000080054d8                USBD_CDC_SetTxBuffer
 .text.USBD_CDC_SetRxBuffer
                0x00000000080054ee        0xe ./Middlewares/ST/STM32_USB_Device_Library/Class/CDC/Src/usbd_cdc.o
                0x00000000080054ee                USBD_CDC_SetRxBuffer
 .text.USBD_CDC_TransmitPacket
                0x00000000080054fc       0x38 ./Middlewares/ST/STM32_USB_Device_Library/Class/CDC/Src/usbd_cdc.o
                0x00000000080054fc                USBD_CDC_TransmitPacket
 .text.USBD_CDC_ReceivePacket
                0x0000000008005534       0x34 ./Middlewares/ST/STM32_USB_Device_Library/Class/CDC/Src/usbd_cdc.o
                0x0000000008005534                USBD_CDC_ReceivePacket
 .text.USBD_Init
                0x0000000008005568       0x34 ./Middlewares/ST/STM32_USB_Device_Library/Core/Src/usbd_core.o
                0x0000000008005568                USBD_Init
 .text.USBD_RegisterClass
                0x000000000800559c       0x12 ./Middlewares/ST/STM32_USB_Device_Library/Core/Src/usbd_core.o
                0x000000000800559c                USBD_RegisterClass
 .text.USBD_Start
                0x00000000080055ae        0xa ./Middlewares/ST/STM32_USB_Device_Library/Core/Src/usbd_core.o
                0x00000000080055ae                USBD_Start
 .text.USBD_SetClassConfig
                0x00000000080055b8       0x1a ./Middlewares/ST/STM32_USB_Device_Library/Core/Src/usbd_core.o
                0x00000000080055b8                USBD_SetClassConfig
 .text.USBD_ClrClassConfig
                0x00000000080055d2       0x10 ./Middlewares/ST/STM32_USB_Device_Library/Core/Src/usbd_core.o
                0x00000000080055d2                USBD_ClrClassConfig
 *fill*         0x00000000080055e2        0x2 
 .text.USBD_LL_SetupStage
                0x00000000080055e4       0x64 ./Middlewares/ST/STM32_USB_Device_Library/Core/Src/usbd_core.o
                0x00000000080055e4                USBD_LL_SetupStage
 .text.USBD_LL_DataOutStage
                0x0000000008005648       0x8c ./Middlewares/ST/STM32_USB_Device_Library/Core/Src/usbd_core.o
                0x0000000008005648                USBD_LL_DataOutStage
 .text.USBD_LL_DataInStage
                0x00000000080056d4       0xca ./Middlewares/ST/STM32_USB_Device_Library/Core/Src/usbd_core.o
                0x00000000080056d4                USBD_LL_DataInStage
 .text.USBD_LL_Reset
                0x000000000800579e       0x54 ./Middlewares/ST/STM32_USB_Device_Library/Core/Src/usbd_core.o
                0x000000000800579e                USBD_LL_Reset
 .text.USBD_LL_SetSpeed
                0x00000000080057f2        0x6 ./Middlewares/ST/STM32_USB_Device_Library/Core/Src/usbd_core.o
                0x00000000080057f2                USBD_LL_SetSpeed
 .text.USBD_LL_Suspend
                0x00000000080057f8       0x18 ./Middlewares/ST/STM32_USB_Device_Library/Core/Src/usbd_core.o
                0x00000000080057f8                USBD_LL_Suspend
 .text.USBD_LL_Resume
                0x0000000008005810       0x18 ./Middlewares/ST/STM32_USB_Device_Library/Core/Src/usbd_core.o
                0x0000000008005810                USBD_LL_Resume
 .text.USBD_LL_SOF
                0x0000000008005828       0x1e ./Middlewares/ST/STM32_USB_Device_Library/Core/Src/usbd_core.o
                0x0000000008005828                USBD_LL_SOF
 .text.USBD_CtlError.constprop.0
                0x0000000008005846       0x14 ./Middlewares/ST/STM32_USB_Device_Library/Core/Src/usbd_ctlreq.o
 *fill*         0x000000000800585a        0x2 
 .text.USBD_StdDevReq
                0x000000000800585c      0x26c ./Middlewares/ST/STM32_USB_Device_Library/Core/Src/usbd_ctlreq.o
                0x000000000800585c                USBD_StdDevReq
 .text.USBD_StdItfReq
                0x0000000008005ac8       0x50 ./Middlewares/ST/STM32_USB_Device_Library/Core/Src/usbd_ctlreq.o
                0x0000000008005ac8                USBD_StdItfReq
 .text.USBD_StdEPReq
                0x0000000008005b18      0x12c ./Middlewares/ST/STM32_USB_Device_Library/Core/Src/usbd_ctlreq.o
                0x0000000008005b18                USBD_StdEPReq
 .text.USBD_ParseSetupRequest
                0x0000000008005c44       0x28 ./Middlewares/ST/STM32_USB_Device_Library/Core/Src/usbd_ctlreq.o
                0x0000000008005c44                USBD_ParseSetupRequest
 .text.USBD_CtlError
                0x0000000008005c6c       0x14 ./Middlewares/ST/STM32_USB_Device_Library/Core/Src/usbd_ctlreq.o
                0x0000000008005c6c                USBD_CtlError
 .text.USBD_GetString
                0x0000000008005c80       0x3c ./Middlewares/ST/STM32_USB_Device_Library/Core/Src/usbd_ctlreq.o
                0x0000000008005c80                USBD_GetString
 .text.USBD_CtlSendData
                0x0000000008005cbc       0x1c ./Middlewares/ST/STM32_USB_Device_Library/Core/Src/usbd_ioreq.o
                0x0000000008005cbc                USBD_CtlSendData
 .text.USBD_CtlContinueSendData
                0x0000000008005cd8       0x10 ./Middlewares/ST/STM32_USB_Device_Library/Core/Src/usbd_ioreq.o
                0x0000000008005cd8                USBD_CtlContinueSendData
 .text.USBD_CtlPrepareRx
                0x0000000008005ce8       0x20 ./Middlewares/ST/STM32_USB_Device_Library/Core/Src/usbd_ioreq.o
                0x0000000008005ce8                USBD_CtlPrepareRx
 .text.USBD_CtlContinueRx
                0x0000000008005d08       0x10 ./Middlewares/ST/STM32_USB_Device_Library/Core/Src/usbd_ioreq.o
                0x0000000008005d08                USBD_CtlContinueRx
 .text.USBD_CtlSendStatus
                0x0000000008005d18       0x18 ./Middlewares/ST/STM32_USB_Device_Library/Core/Src/usbd_ioreq.o
                0x0000000008005d18                USBD_CtlSendStatus
 .text.USBD_CtlReceiveStatus
                0x0000000008005d30       0x18 ./Middlewares/ST/STM32_USB_Device_Library/Core/Src/usbd_ioreq.o
                0x0000000008005d30                USBD_CtlReceiveStatus
 .text.MX_USB_DEVICE_Init
                0x0000000008005d48       0x58 ./USB_DEVICE/App/usb_device.o
                0x0000000008005d48                MX_USB_DEVICE_Init
 .text.CDC_DeInit_FS
                0x0000000008005da0        0x4 ./USB_DEVICE/App/usbd_cdc_if.o
 .text.CDC_Control_FS
                0x0000000008005da4        0x4 ./USB_DEVICE/App/usbd_cdc_if.o
 .text.CDC_Receive_FS
                0x0000000008005da8       0x24 ./USB_DEVICE/App/usbd_cdc_if.o
 .text.CDC_Init_FS
                0x0000000008005dcc       0x28 ./USB_DEVICE/App/usbd_cdc_if.o
 .text.CDC_Transmit_FS
                0x0000000008005df4       0x2c ./USB_DEVICE/App/usbd_cdc_if.o
                0x0000000008005df4                CDC_Transmit_FS
 .text.USBD_FS_DeviceDescriptor
                0x0000000008005e20        0xc ./USB_DEVICE/App/usbd_desc.o
                0x0000000008005e20                USBD_FS_DeviceDescriptor
 .text.USBD_FS_LangIDStrDescriptor
                0x0000000008005e2c        0xc ./USB_DEVICE/App/usbd_desc.o
                0x0000000008005e2c                USBD_FS_LangIDStrDescriptor
 .text.IntToUnicode
                0x0000000008005e38       0x24 ./USB_DEVICE/App/usbd_desc.o
 .text.USBD_FS_SerialStrDescriptor
                0x0000000008005e5c       0x44 ./USB_DEVICE/App/usbd_desc.o
                0x0000000008005e5c                USBD_FS_SerialStrDescriptor
 .text.USBD_FS_ManufacturerStrDescriptor
                0x0000000008005ea0       0x1c ./USB_DEVICE/App/usbd_desc.o
                0x0000000008005ea0                USBD_FS_ManufacturerStrDescriptor
 .text.USBD_FS_ProductStrDescriptor
                0x0000000008005ebc       0x1c ./USB_DEVICE/App/usbd_desc.o
                0x0000000008005ebc                USBD_FS_ProductStrDescriptor
 .text.USBD_FS_ConfigStrDescriptor
                0x0000000008005ed8       0x1c ./USB_DEVICE/App/usbd_desc.o
                0x0000000008005ed8                USBD_FS_ConfigStrDescriptor
 .text.USBD_FS_InterfaceStrDescriptor
                0x0000000008005ef4       0x1c ./USB_DEVICE/App/usbd_desc.o
                0x0000000008005ef4                USBD_FS_InterfaceStrDescriptor
 .text.HAL_PCD_MspInit
                0x0000000008005f10       0x38 ./USB_DEVICE/Target/usbd_conf.o
                0x0000000008005f10                HAL_PCD_MspInit
 .text.HAL_PCD_SetupStageCallback
                0x0000000008005f48       0x12 ./USB_DEVICE/Target/usbd_conf.o
                0x0000000008005f48                HAL_PCD_SetupStageCallback
 .text.HAL_PCD_DataOutStageCallback
                0x0000000008005f5a       0x1a ./USB_DEVICE/Target/usbd_conf.o
                0x0000000008005f5a                HAL_PCD_DataOutStageCallback
 .text.HAL_PCD_DataInStageCallback
                0x0000000008005f74       0x16 ./USB_DEVICE/Target/usbd_conf.o
                0x0000000008005f74                HAL_PCD_DataInStageCallback
 .text.HAL_PCD_SOFCallback
                0x0000000008005f8a        0xe ./USB_DEVICE/Target/usbd_conf.o
                0x0000000008005f8a                HAL_PCD_SOFCallback
 .text.HAL_PCD_ResetCallback
                0x0000000008005f98       0x22 ./USB_DEVICE/Target/usbd_conf.o
                0x0000000008005f98                HAL_PCD_ResetCallback
 *fill*         0x0000000008005fba        0x2 
 .text.HAL_PCD_SuspendCallback
                0x0000000008005fbc       0x24 ./USB_DEVICE/Target/usbd_conf.o
                0x0000000008005fbc                HAL_PCD_SuspendCallback
 .text.HAL_PCD_ResumeCallback
                0x0000000008005fe0       0x28 ./USB_DEVICE/Target/usbd_conf.o
                0x0000000008005fe0                HAL_PCD_ResumeCallback
 .text.USBD_LL_Init
                0x0000000008006008       0x80 ./USB_DEVICE/Target/usbd_conf.o
                0x0000000008006008                USBD_LL_Init
 .text.USBD_LL_Start
                0x0000000008006088       0x20 ./USB_DEVICE/Target/usbd_conf.o
                0x0000000008006088                USBD_LL_Start
 .text.USBD_LL_OpenEP
                0x00000000080060a8       0x24 ./USB_DEVICE/Target/usbd_conf.o
                0x00000000080060a8                USBD_LL_OpenEP
 .text.USBD_LL_CloseEP
                0x00000000080060cc       0x20 ./USB_DEVICE/Target/usbd_conf.o
                0x00000000080060cc                USBD_LL_CloseEP
 .text.USBD_LL_StallEP
                0x00000000080060ec       0x20 ./USB_DEVICE/Target/usbd_conf.o
                0x00000000080060ec                USBD_LL_StallEP
 .text.USBD_LL_ClearStallEP
                0x000000000800610c       0x20 ./USB_DEVICE/Target/usbd_conf.o
                0x000000000800610c                USBD_LL_ClearStallEP
 .text.USBD_LL_IsStallEP
                0x000000000800612c       0x2a ./USB_DEVICE/Target/usbd_conf.o
                0x000000000800612c                USBD_LL_IsStallEP
 *fill*         0x0000000008006156        0x2 
 .text.USBD_LL_SetUSBAddress
                0x0000000008006158       0x20 ./USB_DEVICE/Target/usbd_conf.o
                0x0000000008006158                USBD_LL_SetUSBAddress
 .text.USBD_LL_Transmit
                0x0000000008006178       0x20 ./USB_DEVICE/Target/usbd_conf.o
                0x0000000008006178                USBD_LL_Transmit
 .text.USBD_LL_PrepareReceive
                0x0000000008006198       0x20 ./USB_DEVICE/Target/usbd_conf.o
                0x0000000008006198                USBD_LL_PrepareReceive
 .text.USBD_LL_GetRxDataSize
                0x00000000080061b8        0xe ./USB_DEVICE/Target/usbd_conf.o
                0x00000000080061b8                USBD_LL_GetRxDataSize
 *fill*         0x00000000080061c6        0x2 
 .text.USBD_static_malloc
                0x00000000080061c8        0x8 ./USB_DEVICE/Target/usbd_conf.o
                0x00000000080061c8                USBD_static_malloc
 .text.USBD_static_free
                0x00000000080061d0        0x2 ./USB_DEVICE/Target/usbd_conf.o
                0x00000000080061d0                USBD_static_free
 .text.atoi     0x00000000080061d2        0xc /Applications/STM32CubeIDE.app/Contents/Eclipse/plugins/com.st.stm32cube.ide.mcu.externaltools.gnu-tools-for-stm32.9-2020-q2-update.macos64_2.0.0.202105311346/tools/bin/../lib/gcc/arm-none-eabi/9.3.1/../../../../arm-none-eabi/lib/thumb/v6-m/nofp/libc_nano.a(lib_a-atoi.o)
                0x00000000080061d2                atoi
 *fill*         0x00000000080061de        0x2 
 .text.__errno  0x00000000080061e0        0xc /Applications/STM32CubeIDE.app/Contents/Eclipse/plugins/com.st.stm32cube.ide.mcu.externaltools.gnu-tools-for-stm32.9-2020-q2-update.macos64_2.0.0.202105311346/tools/bin/../lib/gcc/arm-none-eabi/9.3.1/../../../../arm-none-eabi/lib/thumb/v6-m/nofp/libc_nano.a(lib_a-errno.o)
                0x00000000080061e0                __errno
 .text.__libc_init_array
                0x00000000080061ec       0x48 /Applications/STM32CubeIDE.app/Contents/Eclipse/plugins/com.st.stm32cube.ide.mcu.externaltools.gnu-tools-for-stm32.9-2020-q2-update.macos64_2.0.0.202105311346/tools/bin/../lib/gcc/arm-none-eabi/9.3.1/../../../../arm-none-eabi/lib/thumb/v6-m/nofp/libc_nano.a(lib_a-init.o)
                0x00000000080061ec                __libc_init_array
 .text.memcpy   0x0000000008006234       0x12 /Applications/STM32CubeIDE.app/Contents/Eclipse/plugins/com.st.stm32cube.ide.mcu.externaltools.gnu-tools-for-stm32.9-2020-q2-update.macos64_2.0.0.202105311346/tools/bin/../lib/gcc/arm-none-eabi/9.3.1/../../../../arm-none-eabi/lib/thumb/v6-m/nofp/libc_nano.a(lib_a-memcpy-stub.o)
                0x0000000008006234                memcpy
 .text.memset   0x0000000008006246       0x10 /Applications/STM32CubeIDE.app/Contents/Eclipse/plugins/com.st.stm32cube.ide.mcu.externaltools.gnu-tools-for-stm32.9-2020-q2-update.macos64_2.0.0.202105311346/tools/bin/../lib/gcc/arm-none-eabi/9.3.1/../../../../arm-none-eabi/lib/thumb/v6-m/nofp/libc_nano.a(lib_a-memset.o)
                0x0000000008006246                memset
 *fill*         0x0000000008006256        0x2 
 .text.sprintf  0x0000000008006258       0x40 /Applications/STM32CubeIDE.app/Contents/Eclipse/plugins/com.st.stm32cube.ide.mcu.externaltools.gnu-tools-for-stm32.9-2020-q2-update.macos64_2.0.0.202105311346/tools/bin/../lib/gcc/arm-none-eabi/9.3.1/../../../../arm-none-eabi/lib/thumb/v6-m/nofp/libc_nano.a(lib_a-sprintf.o)
                0x0000000008006258                sprintf
                0x0000000008006258                siprintf
 .text.strcpy   0x0000000008006298       0x10 /Applications/STM32CubeIDE.app/Contents/Eclipse/plugins/com.st.stm32cube.ide.mcu.externaltools.gnu-tools-for-stm32.9-2020-q2-update.macos64_2.0.0.202105311346/tools/bin/../lib/gcc/arm-none-eabi/9.3.1/../../../../arm-none-eabi/lib/thumb/v6-m/nofp/libc_nano.a(lib_a-strcpy.o)
                0x0000000008006298                strcpy
 .text._strtol_l.isra.0
                0x00000000080062a8      0x11c /Applications/STM32CubeIDE.app/Contents/Eclipse/plugins/com.st.stm32cube.ide.mcu.externaltools.gnu-tools-for-stm32.9-2020-q2-update.macos64_2.0.0.202105311346/tools/bin/../lib/gcc/arm-none-eabi/9.3.1/../../../../arm-none-eabi/lib/thumb/v6-m/nofp/libc_nano.a(lib_a-strtol.o)
 .text.strtol   0x00000000080063c4       0x18 /Applications/STM32CubeIDE.app/Contents/Eclipse/plugins/com.st.stm32cube.ide.mcu.externaltools.gnu-tools-for-stm32.9-2020-q2-update.macos64_2.0.0.202105311346/tools/bin/../lib/gcc/arm-none-eabi/9.3.1/../../../../arm-none-eabi/lib/thumb/v6-m/nofp/libc_nano.a(lib_a-strtol.o)
                0x00000000080063c4                strtol
 .text.__ssputs_r
                0x00000000080063dc       0xc4 /Applications/STM32CubeIDE.app/Contents/Eclipse/plugins/com.st.stm32cube.ide.mcu.externaltools.gnu-tools-for-stm32.9-2020-q2-update.macos64_2.0.0.202105311346/tools/bin/../lib/gcc/arm-none-eabi/9.3.1/../../../../arm-none-eabi/lib/thumb/v6-m/nofp/libc_nano.a(lib_a-nano-svfprintf.o)
                0x00000000080063dc                __ssputs_r
 .text._svfprintf_r
                0x00000000080064a0      0x200 /Applications/STM32CubeIDE.app/Contents/Eclipse/plugins/com.st.stm32cube.ide.mcu.externaltools.gnu-tools-for-stm32.9-2020-q2-update.macos64_2.0.0.202105311346/tools/bin/../lib/gcc/arm-none-eabi/9.3.1/../../../../arm-none-eabi/lib/thumb/v6-m/nofp/libc_nano.a(lib_a-nano-svfprintf.o)
                0x00000000080064a0                _svfprintf_r
                0x00000000080064a0                _svfiprintf_r
 .text._printf_common
                0x00000000080066a0       0xde /Applications/STM32CubeIDE.app/Contents/Eclipse/plugins/com.st.stm32cube.ide.mcu.externaltools.gnu-tools-for-stm32.9-2020-q2-update.macos64_2.0.0.202105311346/tools/bin/../lib/gcc/arm-none-eabi/9.3.1/../../../../arm-none-eabi/lib/thumb/v6-m/nofp/libc_nano.a(lib_a-nano-vfprintf_i.o)
                0x00000000080066a0                _printf_common
 *fill*         0x000000000800677e        0x2 
 .text._printf_i
                0x0000000008006780      0x224 /Applications/STM32CubeIDE.app/Contents/Eclipse/plugins/com.st.stm32cube.ide.mcu.externaltools.gnu-tools-for-stm32.9-2020-q2-update.macos64_2.0.0.202105311346/tools/bin/../lib/gcc/arm-none-eabi/9.3.1/../../../../arm-none-eabi/lib/thumb/v6-m/nofp/libc_nano.a(lib_a-nano-vfprintf_i.o)
                0x0000000008006780                _printf_i
 .text.memchr   0x00000000080069a4       0x16 /Applications/STM32CubeIDE.app/Contents/Eclipse/plugins/com.st.stm32cube.ide.mcu.externaltools.gnu-tools-for-stm32.9-2020-q2-update.macos64_2.0.0.202105311346/tools/bin/../lib/gcc/arm-none-eabi/9.3.1/../../../../arm-none-eabi/lib/thumb/v6-m/nofp/libc_nano.a(lib_a-memchr-stub.o)
                0x00000000080069a4                memchr
 .text.memmove  0x00000000080069ba       0x26 /Applications/STM32CubeIDE.app/Contents/Eclipse/plugins/com.st.stm32cube.ide.mcu.externaltools.gnu-tools-for-stm32.9-2020-q2-update.macos64_2.0.0.202105311346/tools/bin/../lib/gcc/arm-none-eabi/9.3.1/../../../../arm-none-eabi/lib/thumb/v6-m/nofp/libc_nano.a(lib_a-memmove.o)
                0x00000000080069ba                memmove
 .text._free_r  0x00000000080069e0       0x94 /Applications/STM32CubeIDE.app/Contents/Eclipse/plugins/com.st.stm32cube.ide.mcu.externaltools.gnu-tools-for-stm32.9-2020-q2-update.macos64_2.0.0.202105311346/tools/bin/../lib/gcc/arm-none-eabi/9.3.1/../../../../arm-none-eabi/lib/thumb/v6-m/nofp/libc_nano.a(lib_a-nano-freer.o)
                0x00000000080069e0                _free_r
 .text._malloc_r
                0x0000000008006a74       0xbc /Applications/STM32CubeIDE.app/Contents/Eclipse/plugins/com.st.stm32cube.ide.mcu.externaltools.gnu-tools-for-stm32.9-2020-q2-update.macos64_2.0.0.202105311346/tools/bin/../lib/gcc/arm-none-eabi/9.3.1/../../../../arm-none-eabi/lib/thumb/v6-m/nofp/libc_nano.a(lib_a-nano-mallocr.o)
                0x0000000008006a74                _malloc_r
 .text._realloc_r
                0x0000000008006b30       0x4c /Applications/STM32CubeIDE.app/Contents/Eclipse/plugins/com.st.stm32cube.ide.mcu.externaltools.gnu-tools-for-stm32.9-2020-q2-update.macos64_2.0.0.202105311346/tools/bin/../lib/gcc/arm-none-eabi/9.3.1/../../../../arm-none-eabi/lib/thumb/v6-m/nofp/libc_nano.a(lib_a-nano-reallocr.o)
                0x0000000008006b30                _realloc_r
 .text._sbrk_r  0x0000000008006b7c       0x24 /Applications/STM32CubeIDE.app/Contents/Eclipse/plugins/com.st.stm32cube.ide.mcu.externaltools.gnu-tools-for-stm32.9-2020-q2-update.macos64_2.0.0.202105311346/tools/bin/../lib/gcc/arm-none-eabi/9.3.1/../../../../arm-none-eabi/lib/thumb/v6-m/nofp/libc_nano.a(lib_a-sbrkr.o)
                0x0000000008006b7c                _sbrk_r
 .text.__malloc_lock
                0x0000000008006ba0       0x10 /Applications/STM32CubeIDE.app/Contents/Eclipse/plugins/com.st.stm32cube.ide.mcu.externaltools.gnu-tools-for-stm32.9-2020-q2-update.macos64_2.0.0.202105311346/tools/bin/../lib/gcc/arm-none-eabi/9.3.1/../../../../arm-none-eabi/lib/thumb/v6-m/nofp/libc_nano.a(lib_a-mlock.o)
                0x0000000008006ba0                __malloc_lock
 .text.__malloc_unlock
                0x0000000008006bb0       0x10 /Applications/STM32CubeIDE.app/Contents/Eclipse/plugins/com.st.stm32cube.ide.mcu.externaltools.gnu-tools-for-stm32.9-2020-q2-update.macos64_2.0.0.202105311346/tools/bin/../lib/gcc/arm-none-eabi/9.3.1/../../../../arm-none-eabi/lib/thumb/v6-m/nofp/libc_nano.a(lib_a-mlock.o)
                0x0000000008006bb0                __malloc_unlock
 .text._malloc_usable_size_r
                0x0000000008006bc0       0x10 /Applications/STM32CubeIDE.app/Contents/Eclipse/plugins/com.st.stm32cube.ide.mcu.externaltools.gnu-tools-for-stm32.9-2020-q2-update.macos64_2.0.0.202105311346/tools/bin/../lib/gcc/arm-none-eabi/9.3.1/../../../../arm-none-eabi/lib/thumb/v6-m/nofp/libc_nano.a(lib_a-nano-msizer.o)
                0x0000000008006bc0                _malloc_usable_size_r
 .text.__retarget_lock_acquire_recursive
                0x0000000008006bd0        0x2 /Applications/STM32CubeIDE.app/Contents/Eclipse/plugins/com.st.stm32cube.ide.mcu.externaltools.gnu-tools-for-stm32.9-2020-q2-update.macos64_2.0.0.202105311346/tools/bin/../lib/gcc/arm-none-eabi/9.3.1/../../../../arm-none-eabi/lib/thumb/v6-m/nofp/libc_nano.a(lib_a-lock.o)
                0x0000000008006bd0                __retarget_lock_acquire_recursive
 .text.__retarget_lock_release_recursive
                0x0000000008006bd2        0x2 /Applications/STM32CubeIDE.app/Contents/Eclipse/plugins/com.st.stm32cube.ide.mcu.externaltools.gnu-tools-for-stm32.9-2020-q2-update.macos64_2.0.0.202105311346/tools/bin/../lib/gcc/arm-none-eabi/9.3.1/../../../../arm-none-eabi/lib/thumb/v6-m/nofp/libc_nano.a(lib_a-lock.o)
                0x0000000008006bd2                __retarget_lock_release_recursive
 *(.glue_7)
 .glue_7        0x0000000008006bd4        0x0 linker stubs
 *(.glue_7t)
 .glue_7t       0x0000000008006bd4        0x0 linker stubs
 *(.eh_frame)
 .eh_frame      0x0000000008006bd4        0x0 /Applications/STM32CubeIDE.app/Contents/Eclipse/plugins/com.st.stm32cube.ide.mcu.externaltools.gnu-tools-for-stm32.9-2020-q2-update.macos64_2.0.0.202105311346/tools/bin/../lib/gcc/arm-none-eabi/9.3.1/thumb/v6-m/nofp/crtbegin.o
 *(.init)
 .init          0x0000000008006bd4        0x4 /Applications/STM32CubeIDE.app/Contents/Eclipse/plugins/com.st.stm32cube.ide.mcu.externaltools.gnu-tools-for-stm32.9-2020-q2-update.macos64_2.0.0.202105311346/tools/bin/../lib/gcc/arm-none-eabi/9.3.1/thumb/v6-m/nofp/crti.o
                0x0000000008006bd4                _init
 .init          0x0000000008006bd8        0x8 /Applications/STM32CubeIDE.app/Contents/Eclipse/plugins/com.st.stm32cube.ide.mcu.externaltools.gnu-tools-for-stm32.9-2020-q2-update.macos64_2.0.0.202105311346/tools/bin/../lib/gcc/arm-none-eabi/9.3.1/thumb/v6-m/nofp/crtn.o
 *(.fini)
 .fini          0x0000000008006be0        0x4 /Applications/STM32CubeIDE.app/Contents/Eclipse/plugins/com.st.stm32cube.ide.mcu.externaltools.gnu-tools-for-stm32.9-2020-q2-update.macos64_2.0.0.202105311346/tools/bin/../lib/gcc/arm-none-eabi/9.3.1/thumb/v6-m/nofp/crti.o
                0x0000000008006be0                _fini
 .fini          0x0000000008006be4        0x8 /Applications/STM32CubeIDE.app/Contents/Eclipse/plugins/com.st.stm32cube.ide.mcu.externaltools.gnu-tools-for-stm32.9-2020-q2-update.macos64_2.0.0.202105311346/tools/bin/../lib/gcc/arm-none-eabi/9.3.1/thumb/v6-m/nofp/crtn.o
                0x0000000008006bec                . = ALIGN (0x4)
                0x0000000008006bec                _etext = .

.vfp11_veneer   0x0000000008006bec        0x0
 .vfp11_veneer  0x0000000008006bec        0x0 linker stubs

.v4_bx          0x0000000008006bec        0x0
 .v4_bx         0x0000000008006bec        0x0 linker stubs

.iplt           0x0000000008006bec        0x0
 .iplt          0x0000000008006bec        0x0 /Applications/STM32CubeIDE.app/Contents/Eclipse/plugins/com.st.stm32cube.ide.mcu.externaltools.gnu-tools-for-stm32.9-2020-q2-update.macos64_2.0.0.202105311346/tools/bin/../lib/gcc/arm-none-eabi/9.3.1/thumb/v6-m/nofp/crtbegin.o

.rodata         0x0000000008006bec      0x538
                0x0000000008006bec                . = ALIGN (0x4)
 *(.rodata)
 *(.rodata*)
 .rodata.POST.str1.1
                0x0000000008006bec       0x62 ./Core/Src/POST.o
 .rodata.UART_putstrln.str1.1
                0x0000000008006c4e       0x62 ./Core/Src/main.o
                                          0x3 (size before relaxing)
 .rodata.UART_Con_Mash.str1.1
                0x0000000008006c4e       0xfe ./Core/Src/main.o
                                        0x100 (size before relaxing)
 .rodata.main2.str1.1
                0x0000000008006d4c       0x37 ./Core/Src/main.o
 .rodata.str1.1
                0x0000000008006d83       0xe7 ./Core/Src/main.o
 .rodata.Xmodem_SPI.str1.1
                0x0000000008006e6a       0x19 ./Core/Src/memory.o
 .rodata.FlashDump.str1.1
                0x0000000008006e83       0x19 ./Core/Src/memory.o
                                          0x5 (size before relaxing)
 .rodata.memoryMenu.str1.1
                0x0000000008006e83       0xa8 ./Core/Src/memory.o
 .rodata.checkPowerLevels.str1.1
                0x0000000008006f2b       0x44 ./Core/Src/power.o
 .rodata.AHBPrescTable
                0x0000000008006f6f       0x10 ./Core/Src/system_stm32f0xx.o
                0x0000000008006f6f                AHBPrescTable
 .rodata.APBPrescTable
                0x0000000008006f7f        0x8 ./Core/Src/system_stm32f0xx.o
                0x0000000008006f7f                APBPrescTable
 .rodata.HAL_RCC_GetSysClockFreq.str1.1
                0x0000000008006f87       0x22 ./Drivers/STM32F0xx_HAL_Driver/Src/stm32f0xx_hal_rcc.o
 .rodata.USBD_FS_ManufacturerStrDescriptor.str1.1
                0x0000000008006fa9       0x13 ./USB_DEVICE/App/usbd_desc.o
 .rodata.USBD_FS_ProductStrDescriptor.str1.1
                0x0000000008006fbc       0x16 ./USB_DEVICE/App/usbd_desc.o
 .rodata.USBD_FS_ConfigStrDescriptor.str1.1
                0x0000000008006fd2        0xb ./USB_DEVICE/App/usbd_desc.o
 .rodata.USBD_FS_InterfaceStrDescriptor.str1.1
                0x0000000008006fdd        0xe ./USB_DEVICE/App/usbd_desc.o
 .rodata.CSWTCH.3
                0x0000000008006feb        0x4 ./USB_DEVICE/Target/usbd_conf.o
 .rodata._ctype_
                0x0000000008006fef      0x101 /Applications/STM32CubeIDE.app/Contents/Eclipse/plugins/com.st.stm32cube.ide.mcu.externaltools.gnu-tools-for-stm32.9-2020-q2-update.macos64_2.0.0.202105311346/tools/bin/../lib/gcc/arm-none-eabi/9.3.1/../../../../arm-none-eabi/lib/thumb/v6-m/nofp/libc_nano.a(lib_a-ctype_.o)
                0x0000000008006fef                _ctype_
 .rodata._svfprintf_r.str1.1
                0x00000000080070f0       0x11 /Applications/STM32CubeIDE.app/Contents/Eclipse/plugins/com.st.stm32cube.ide.mcu.externaltools.gnu-tools-for-stm32.9-2020-q2-update.macos64_2.0.0.202105311346/tools/bin/../lib/gcc/arm-none-eabi/9.3.1/../../../../arm-none-eabi/lib/thumb/v6-m/nofp/libc_nano.a(lib_a-nano-svfprintf.o)
 .rodata._printf_i.str1.1
                0x0000000008007101       0x22 /Applications/STM32CubeIDE.app/Contents/Eclipse/plugins/com.st.stm32cube.ide.mcu.externaltools.gnu-tools-for-stm32.9-2020-q2-update.macos64_2.0.0.202105311346/tools/bin/../lib/gcc/arm-none-eabi/9.3.1/../../../../arm-none-eabi/lib/thumb/v6-m/nofp/libc_nano.a(lib_a-nano-vfprintf_i.o)
                0x0000000008007124                . = ALIGN (0x4)
 *fill*         0x0000000008007123        0x1 

.rel.dyn        0x0000000008007124        0x0
 .rel.iplt      0x0000000008007124        0x0 /Applications/STM32CubeIDE.app/Contents/Eclipse/plugins/com.st.stm32cube.ide.mcu.externaltools.gnu-tools-for-stm32.9-2020-q2-update.macos64_2.0.0.202105311346/tools/bin/../lib/gcc/arm-none-eabi/9.3.1/thumb/v6-m/nofp/crtbegin.o

.ARM.extab      0x0000000008007124        0x0
                0x0000000008007124                . = ALIGN (0x4)
 *(.ARM.extab* .gnu.linkonce.armextab.*)
                0x0000000008007124                . = ALIGN (0x4)

.ARM            0x0000000008007124        0x0
                0x0000000008007124                . = ALIGN (0x4)
                0x0000000008007124                __exidx_start = .
 *(.ARM.exidx*)
                0x0000000008007124                __exidx_end = .
                0x0000000008007124                . = ALIGN (0x4)

.preinit_array  0x0000000008007124        0x0
                0x0000000008007124                . = ALIGN (0x4)
                0x0000000008007124                PROVIDE (__preinit_array_start = .)
 *(.preinit_array*)
                0x0000000008007124                PROVIDE (__preinit_array_end = .)
                0x0000000008007124                . = ALIGN (0x4)

.init_array     0x0000000008007124        0x4
                0x0000000008007124                . = ALIGN (0x4)
                0x0000000008007124                PROVIDE (__init_array_start = .)
 *(SORT_BY_NAME(.init_array.*))
 *(.init_array*)
 .init_array    0x0000000008007124        0x4 /Applications/STM32CubeIDE.app/Contents/Eclipse/plugins/com.st.stm32cube.ide.mcu.externaltools.gnu-tools-for-stm32.9-2020-q2-update.macos64_2.0.0.202105311346/tools/bin/../lib/gcc/arm-none-eabi/9.3.1/thumb/v6-m/nofp/crtbegin.o
                0x0000000008007128                PROVIDE (__init_array_end = .)
                0x0000000008007128                . = ALIGN (0x4)

.fini_array     0x0000000008007128        0x4
                0x0000000008007128                . = ALIGN (0x4)
                [!provide]                        PROVIDE (__fini_array_start = .)
 *(SORT_BY_NAME(.fini_array.*))
 *(.fini_array*)
 .fini_array    0x0000000008007128        0x4 /Applications/STM32CubeIDE.app/Contents/Eclipse/plugins/com.st.stm32cube.ide.mcu.externaltools.gnu-tools-for-stm32.9-2020-q2-update.macos64_2.0.0.202105311346/tools/bin/../lib/gcc/arm-none-eabi/9.3.1/thumb/v6-m/nofp/crtbegin.o
                [!provide]                        PROVIDE (__fini_array_end = .)
                0x000000000800712c                . = ALIGN (0x4)
                0x000000000800712c                _sidata = LOADADDR (.data)

.data           0x0000000020000000      0x218 load address 0x000000000800712c
                0x0000000020000000                . = ALIGN (0x4)
                0x0000000020000000                _sdata = .
 *(.data)
 *(.data*)
 .data.CS_STASTUS_LABELS
                0x0000000020000000       0x10 ./Core/Src/main.o
                0x0000000020000000                CS_STASTUS_LABELS
 .data.menu     0x0000000020000010       0x28 ./Core/Src/main.o
                0x0000000020000010                menu
 .data.wlcm     0x0000000020000038        0x1 ./Core/Src/main.o
                0x0000000020000038                wlcm
 *fill*         0x0000000020000039        0x3 
 .data.SystemCoreClock
                0x000000002000003c        0x4 ./Core/Src/system_stm32f0xx.o
                0x000000002000003c                SystemCoreClock
 .data.uwTickFreq
                0x0000000020000040        0x1 ./Drivers/STM32F0xx_HAL_Driver/Src/stm32f0xx_hal.o
                0x0000000020000040                uwTickFreq
 *fill*         0x0000000020000041        0x3 
 .data.USBD_CDC
                0x0000000020000044       0x38 ./Middlewares/ST/STM32_USB_Device_Library/Class/CDC/Src/usbd_cdc.o
                0x0000000020000044                USBD_CDC
 .data.USBD_CDC_CfgFSDesc
                0x000000002000007c       0x43 ./Middlewares/ST/STM32_USB_Device_Library/Class/CDC/Src/usbd_cdc.o
                0x000000002000007c                USBD_CDC_CfgFSDesc
 *fill*         0x00000000200000bf        0x1 
 .data.USBD_CDC_CfgHSDesc
                0x00000000200000c0       0x43 ./Middlewares/ST/STM32_USB_Device_Library/Class/CDC/Src/usbd_cdc.o
                0x00000000200000c0                USBD_CDC_CfgHSDesc
 *fill*         0x0000000020000103        0x1 
 .data.USBD_CDC_DeviceQualifierDesc
                0x0000000020000104        0xa ./Middlewares/ST/STM32_USB_Device_Library/Class/CDC/Src/usbd_cdc.o
 *fill*         0x000000002000010e        0x2 
 .data.USBD_CDC_OtherSpeedCfgDesc
                0x0000000020000110       0x43 ./Middlewares/ST/STM32_USB_Device_Library/Class/CDC/Src/usbd_cdc.o
                0x0000000020000110                USBD_CDC_OtherSpeedCfgDesc
 *fill*         0x0000000020000153        0x1 
 .data.USBD_Interface_fops_FS
                0x0000000020000154       0x10 ./USB_DEVICE/App/usbd_cdc_if.o
                0x0000000020000154                USBD_Interface_fops_FS
 .data.FS_Desc  0x0000000020000164       0x1c ./USB_DEVICE/App/usbd_desc.o
                0x0000000020000164                FS_Desc
 .data.USBD_FS_DeviceDesc
                0x0000000020000180       0x12 ./USB_DEVICE/App/usbd_desc.o
                0x0000000020000180                USBD_FS_DeviceDesc
 *fill*         0x0000000020000192        0x2 
 .data.USBD_LangIDDesc
                0x0000000020000194        0x4 ./USB_DEVICE/App/usbd_desc.o
                0x0000000020000194                USBD_LangIDDesc
 .data.USBD_StringSerial
                0x0000000020000198       0x1a ./USB_DEVICE/App/usbd_desc.o
                0x0000000020000198                USBD_StringSerial
 *fill*         0x00000000200001b2        0x2 
 .data._impure_ptr
                0x00000000200001b4        0x4 /Applications/STM32CubeIDE.app/Contents/Eclipse/plugins/com.st.stm32cube.ide.mcu.externaltools.gnu-tools-for-stm32.9-2020-q2-update.macos64_2.0.0.202105311346/tools/bin/../lib/gcc/arm-none-eabi/9.3.1/../../../../arm-none-eabi/lib/thumb/v6-m/nofp/libc_nano.a(lib_a-impure.o)
                0x00000000200001b4                _impure_ptr
 .data.impure_data
                0x00000000200001b8       0x60 /Applications/STM32CubeIDE.app/Contents/Eclipse/plugins/com.st.stm32cube.ide.mcu.externaltools.gnu-tools-for-stm32.9-2020-q2-update.macos64_2.0.0.202105311346/tools/bin/../lib/gcc/arm-none-eabi/9.3.1/../../../../arm-none-eabi/lib/thumb/v6-m/nofp/libc_nano.a(lib_a-impure.o)
 *(.RamFunc)
 *(.RamFunc*)
                0x0000000020000218                . = ALIGN (0x4)
                0x0000000020000218                _edata = .

.igot.plt       0x0000000020000218        0x0 load address 0x0000000008007344
 .igot.plt      0x0000000020000218        0x0 /Applications/STM32CubeIDE.app/Contents/Eclipse/plugins/com.st.stm32cube.ide.mcu.externaltools.gnu-tools-for-stm32.9-2020-q2-update.macos64_2.0.0.202105311346/tools/bin/../lib/gcc/arm-none-eabi/9.3.1/thumb/v6-m/nofp/crtbegin.o
                0x0000000020000218                . = ALIGN (0x4)

.bss            0x0000000020000218     0x10b0 load address 0x0000000008007344
                0x0000000020000218                _sbss = .
                0x0000000020000218                __bss_start__ = _sbss
 *(.bss)
 .bss           0x0000000020000218       0x1c /Applications/STM32CubeIDE.app/Contents/Eclipse/plugins/com.st.stm32cube.ide.mcu.externaltools.gnu-tools-for-stm32.9-2020-q2-update.macos64_2.0.0.202105311346/tools/bin/../lib/gcc/arm-none-eabi/9.3.1/thumb/v6-m/nofp/crtbegin.o
 *(.bss*)
 .bss.__sbrk_heap_end
                0x0000000020000234        0x4 ./Core/Src/sysmem.o
 .bss.cfgidx.8578
                0x0000000020000238        0x1 ./Middlewares/ST/STM32_USB_Device_Library/Core/Src/usbd_ctlreq.o
 *fill*         0x0000000020000239        0x3 
 .bss.mem.8647  0x000000002000023c      0x220 ./USB_DEVICE/Target/usbd_conf.o
 .bss.__malloc_free_list
                0x000000002000045c        0x4 /Applications/STM32CubeIDE.app/Contents/Eclipse/plugins/com.st.stm32cube.ide.mcu.externaltools.gnu-tools-for-stm32.9-2020-q2-update.macos64_2.0.0.202105311346/tools/bin/../lib/gcc/arm-none-eabi/9.3.1/../../../../arm-none-eabi/lib/thumb/v6-m/nofp/libc_nano.a(lib_a-nano-mallocr.o)
                0x000000002000045c                __malloc_free_list
 .bss.__malloc_sbrk_start
                0x0000000020000460        0x4 /Applications/STM32CubeIDE.app/Contents/Eclipse/plugins/com.st.stm32cube.ide.mcu.externaltools.gnu-tools-for-stm32.9-2020-q2-update.macos64_2.0.0.202105311346/tools/bin/../lib/gcc/arm-none-eabi/9.3.1/../../../../arm-none-eabi/lib/thumb/v6-m/nofp/libc_nano.a(lib_a-nano-mallocr.o)
                0x0000000020000460                __malloc_sbrk_start
 *(COMMON)
 COMMON         0x0000000020000464      0x324 ./Core/Src/POST.o
                0x0000000020000464                console
                0x00000000200004ac                SysCntrl
 COMMON         0x0000000020000788      0x108 ./Core/Src/main.o
                0x0000000020000788                si2c1
                0x00000000200007a0                hi2c1
                0x00000000200007ec                hspi1
                0x0000000020000850                hadc
 COMMON         0x0000000020000890       0x48 ./Core/Src/stm32f0xx_hal_timebase_tim.o
                0x0000000020000890                htim17
 COMMON         0x00000000200008d8        0x4 ./Drivers/STM32F0xx_HAL_Driver/Src/stm32f0xx_hal.o
                0x00000000200008d8                uwTick
 *fill*         0x00000000200008dc        0x4 
 COMMON         0x00000000200008e0       0x20 ./Drivers/STM32F0xx_HAL_Driver/Src/stm32f0xx_hal_flash.o
                0x00000000200008e0                pFlash
 COMMON         0x0000000020000900      0x2c4 ./USB_DEVICE/App/usb_device.o
                0x0000000020000900                hUsbDeviceFS
 COMMON         0x0000000020000bc4      0x200 ./USB_DEVICE/App/usbd_cdc_if.o
                0x0000000020000bc4                UserRxBufferFS
                0x0000000020000cc4                UserTxBufferFS
 COMMON         0x0000000020000dc4      0x200 ./USB_DEVICE/App/usbd_desc.o
                0x0000000020000dc4                USBD_StrDesc
 COMMON         0x0000000020000fc4      0x2f4 ./USB_DEVICE/Target/usbd_conf.o
                0x0000000020000fc4                hpcd_USB_FS
 COMMON         0x00000000200012b8        0x4 /Applications/STM32CubeIDE.app/Contents/Eclipse/plugins/com.st.stm32cube.ide.mcu.externaltools.gnu-tools-for-stm32.9-2020-q2-update.macos64_2.0.0.202105311346/tools/bin/../lib/gcc/arm-none-eabi/9.3.1/../../../../arm-none-eabi/lib/thumb/v6-m/nofp/libc_nano.a(lib_a-reent.o)
                0x00000000200012b8                errno
 COMMON         0x00000000200012bc        0x9 /Applications/STM32CubeIDE.app/Contents/Eclipse/plugins/com.st.stm32cube.ide.mcu.externaltools.gnu-tools-for-stm32.9-2020-q2-update.macos64_2.0.0.202105311346/tools/bin/../lib/gcc/arm-none-eabi/9.3.1/../../../../arm-none-eabi/lib/thumb/v6-m/nofp/libc_nano.a(lib_a-lock.o)
                0x00000000200012bc                __lock___atexit_recursive_mutex
                0x00000000200012bd                __lock___arc4random_mutex
                0x00000000200012be                __lock___env_recursive_mutex
                0x00000000200012bf                __lock___sinit_recursive_mutex
                0x00000000200012c0                __lock___malloc_recursive_mutex
                0x00000000200012c1                __lock___at_quick_exit_mutex
                0x00000000200012c2                __lock___dd_hash_mutex
                0x00000000200012c3                __lock___tz_mutex
                0x00000000200012c4                __lock___sfp_recursive_mutex
                0x00000000200012c8                . = ALIGN (0x4)
 *fill*         0x00000000200012c5        0x3 
                0x00000000200012c8                _ebss = .
                0x00000000200012c8                __bss_end__ = _ebss

._user_heap_stack
                0x00000000200012c8      0x528 load address 0x0000000008007344
                0x00000000200012c8                . = ALIGN (0x8)
                [!provide]                        PROVIDE (end = .)
                0x00000000200012c8                PROVIDE (_end = .)
                0x00000000200014c8                . = (. + _Min_Heap_Size)
 *fill*         0x00000000200012c8      0x200 
                0x00000000200017ed                . = (. + _Min_Stack_Size)
 *fill*         0x00000000200014c8      0x325 
                0x00000000200017f0                . = ALIGN (0x8)
 *fill*         0x00000000200017ed        0x3 

/DISCARD/
 libc.a(*)
 libm.a(*)
 libgcc.a(*)

.ARM.attributes
                0x0000000000000000       0x28
 *(.ARM.attributes)
 .ARM.attributes
                0x0000000000000000       0x1e /Applications/STM32CubeIDE.app/Contents/Eclipse/plugins/com.st.stm32cube.ide.mcu.externaltools.gnu-tools-for-stm32.9-2020-q2-update.macos64_2.0.0.202105311346/tools/bin/../lib/gcc/arm-none-eabi/9.3.1/thumb/v6-m/nofp/crti.o
 .ARM.attributes
                0x000000000000001e       0x2c /Applications/STM32CubeIDE.app/Contents/Eclipse/plugins/com.st.stm32cube.ide.mcu.externaltools.gnu-tools-for-stm32.9-2020-q2-update.macos64_2.0.0.202105311346/tools/bin/../lib/gcc/arm-none-eabi/9.3.1/thumb/v6-m/nofp/crtbegin.o
 .ARM.attributes
                0x000000000000004a       0x2c ./Core/Src/POST.o
 .ARM.attributes
                0x0000000000000076       0x2c ./Core/Src/i2c.o
 .ARM.attributes
                0x00000000000000a2       0x2c ./Core/Src/main.o
 .ARM.attributes
                0x00000000000000ce       0x2c ./Core/Src/memory.o
 .ARM.attributes
                0x00000000000000fa       0x2c ./Core/Src/power.o
 .ARM.attributes
                0x0000000000000126       0x2c ./Core/Src/stm32f0xx_hal_msp.o
 .ARM.attributes
                0x0000000000000152       0x2c ./Core/Src/stm32f0xx_hal_timebase_tim.o
 .ARM.attributes
                0x000000000000017e       0x2c ./Core/Src/stm32f0xx_it.o
 .ARM.attributes
                0x00000000000001aa       0x2c ./Core/Src/sysmem.o
 .ARM.attributes
                0x00000000000001d6       0x2c ./Core/Src/system_stm32f0xx.o
 .ARM.attributes
                0x0000000000000202       0x21 ./Core/Startup/startup_stm32f048g6ux.o
 .ARM.attributes
                0x0000000000000223       0x2c ./Drivers/STM32F0xx_HAL_Driver/Src/stm32f0xx_hal.o
 .ARM.attributes
                0x000000000000024f       0x2c ./Drivers/STM32F0xx_HAL_Driver/Src/stm32f0xx_hal_adc.o
 .ARM.attributes
                0x000000000000027b       0x2c ./Drivers/STM32F0xx_HAL_Driver/Src/stm32f0xx_hal_cortex.o
 .ARM.attributes
                0x00000000000002a7       0x2c ./Drivers/STM32F0xx_HAL_Driver/Src/stm32f0xx_hal_dma.o
 .ARM.attributes
                0x00000000000002d3       0x2c ./Drivers/STM32F0xx_HAL_Driver/Src/stm32f0xx_hal_flash.o
 .ARM.attributes
                0x00000000000002ff       0x2c ./Drivers/STM32F0xx_HAL_Driver/Src/stm32f0xx_hal_flash_ex.o
 .ARM.attributes
                0x000000000000032b       0x2c ./Drivers/STM32F0xx_HAL_Driver/Src/stm32f0xx_hal_gpio.o
 .ARM.attributes
                0x0000000000000357       0x2c ./Drivers/STM32F0xx_HAL_Driver/Src/stm32f0xx_hal_i2c.o
 .ARM.attributes
                0x0000000000000383       0x2c ./Drivers/STM32F0xx_HAL_Driver/Src/stm32f0xx_hal_i2c_ex.o
 .ARM.attributes
                0x00000000000003af       0x2c ./Drivers/STM32F0xx_HAL_Driver/Src/stm32f0xx_hal_pcd.o
 .ARM.attributes
                0x00000000000003db       0x2c ./Drivers/STM32F0xx_HAL_Driver/Src/stm32f0xx_hal_pcd_ex.o
 .ARM.attributes
                0x0000000000000407       0x2c ./Drivers/STM32F0xx_HAL_Driver/Src/stm32f0xx_hal_rcc.o
 .ARM.attributes
                0x0000000000000433       0x2c ./Drivers/STM32F0xx_HAL_Driver/Src/stm32f0xx_hal_rcc_ex.o
 .ARM.attributes
                0x000000000000045f       0x2c ./Drivers/STM32F0xx_HAL_Driver/Src/stm32f0xx_hal_spi.o
 .ARM.attributes
                0x000000000000048b       0x2c ./Drivers/STM32F0xx_HAL_Driver/Src/stm32f0xx_hal_tim.o
 .ARM.attributes
                0x00000000000004b7       0x2c ./Drivers/STM32F0xx_HAL_Driver/Src/stm32f0xx_hal_tim_ex.o
 .ARM.attributes
                0x00000000000004e3       0x2c ./Drivers/STM32F0xx_HAL_Driver/Src/stm32f0xx_ll_usb.o
 .ARM.attributes
                0x000000000000050f       0x2c ./Middlewares/ST/STM32_USB_Device_Library/Class/CDC/Src/usbd_cdc.o
 .ARM.attributes
                0x000000000000053b       0x2c ./Middlewares/ST/STM32_USB_Device_Library/Core/Src/usbd_core.o
 .ARM.attributes
                0x0000000000000567       0x2c ./Middlewares/ST/STM32_USB_Device_Library/Core/Src/usbd_ctlreq.o
 .ARM.attributes
                0x0000000000000593       0x2c ./Middlewares/ST/STM32_USB_Device_Library/Core/Src/usbd_ioreq.o
 .ARM.attributes
                0x00000000000005bf       0x2c ./USB_DEVICE/App/usb_device.o
 .ARM.attributes
                0x00000000000005eb       0x2c ./USB_DEVICE/App/usbd_cdc_if.o
 .ARM.attributes
                0x0000000000000617       0x2c ./USB_DEVICE/App/usbd_desc.o
 .ARM.attributes
                0x0000000000000643       0x2c ./USB_DEVICE/Target/usbd_conf.o
 .ARM.attributes
                0x000000000000066f       0x2c /Applications/STM32CubeIDE.app/Contents/Eclipse/plugins/com.st.stm32cube.ide.mcu.externaltools.gnu-tools-for-stm32.9-2020-q2-update.macos64_2.0.0.202105311346/tools/bin/../lib/gcc/arm-none-eabi/9.3.1/../../../../arm-none-eabi/lib/thumb/v6-m/nofp/libc_nano.a(lib_a-atoi.o)
 .ARM.attributes
                0x000000000000069b       0x2c /Applications/STM32CubeIDE.app/Contents/Eclipse/plugins/com.st.stm32cube.ide.mcu.externaltools.gnu-tools-for-stm32.9-2020-q2-update.macos64_2.0.0.202105311346/tools/bin/../lib/gcc/arm-none-eabi/9.3.1/../../../../arm-none-eabi/lib/thumb/v6-m/nofp/libc_nano.a(lib_a-errno.o)
 .ARM.attributes
                0x00000000000006c7       0x2c /Applications/STM32CubeIDE.app/Contents/Eclipse/plugins/com.st.stm32cube.ide.mcu.externaltools.gnu-tools-for-stm32.9-2020-q2-update.macos64_2.0.0.202105311346/tools/bin/../lib/gcc/arm-none-eabi/9.3.1/../../../../arm-none-eabi/lib/thumb/v6-m/nofp/libc_nano.a(lib_a-impure.o)
 .ARM.attributes
                0x00000000000006f3       0x2c /Applications/STM32CubeIDE.app/Contents/Eclipse/plugins/com.st.stm32cube.ide.mcu.externaltools.gnu-tools-for-stm32.9-2020-q2-update.macos64_2.0.0.202105311346/tools/bin/../lib/gcc/arm-none-eabi/9.3.1/../../../../arm-none-eabi/lib/thumb/v6-m/nofp/libc_nano.a(lib_a-init.o)
 .ARM.attributes
                0x000000000000071f       0x2c /Applications/STM32CubeIDE.app/Contents/Eclipse/plugins/com.st.stm32cube.ide.mcu.externaltools.gnu-tools-for-stm32.9-2020-q2-update.macos64_2.0.0.202105311346/tools/bin/../lib/gcc/arm-none-eabi/9.3.1/../../../../arm-none-eabi/lib/thumb/v6-m/nofp/libc_nano.a(lib_a-memcpy-stub.o)
 .ARM.attributes
                0x000000000000074b       0x2c /Applications/STM32CubeIDE.app/Contents/Eclipse/plugins/com.st.stm32cube.ide.mcu.externaltools.gnu-tools-for-stm32.9-2020-q2-update.macos64_2.0.0.202105311346/tools/bin/../lib/gcc/arm-none-eabi/9.3.1/../../../../arm-none-eabi/lib/thumb/v6-m/nofp/libc_nano.a(lib_a-memset.o)
 .ARM.attributes
                0x0000000000000777       0x2c /Applications/STM32CubeIDE.app/Contents/Eclipse/plugins/com.st.stm32cube.ide.mcu.externaltools.gnu-tools-for-stm32.9-2020-q2-update.macos64_2.0.0.202105311346/tools/bin/../lib/gcc/arm-none-eabi/9.3.1/../../../../arm-none-eabi/lib/thumb/v6-m/nofp/libc_nano.a(lib_a-sprintf.o)
 .ARM.attributes
                0x00000000000007a3       0x1c /Applications/STM32CubeIDE.app/Contents/Eclipse/plugins/com.st.stm32cube.ide.mcu.externaltools.gnu-tools-for-stm32.9-2020-q2-update.macos64_2.0.0.202105311346/tools/bin/../lib/gcc/arm-none-eabi/9.3.1/../../../../arm-none-eabi/lib/thumb/v6-m/nofp/libc_nano.a(lib_a-strcmp.o)
 .ARM.attributes
                0x00000000000007bf       0x2c /Applications/STM32CubeIDE.app/Contents/Eclipse/plugins/com.st.stm32cube.ide.mcu.externaltools.gnu-tools-for-stm32.9-2020-q2-update.macos64_2.0.0.202105311346/tools/bin/../lib/gcc/arm-none-eabi/9.3.1/../../../../arm-none-eabi/lib/thumb/v6-m/nofp/libc_nano.a(lib_a-strcpy.o)
 .ARM.attributes
                0x00000000000007eb       0x1c /Applications/STM32CubeIDE.app/Contents/Eclipse/plugins/com.st.stm32cube.ide.mcu.externaltools.gnu-tools-for-stm32.9-2020-q2-update.macos64_2.0.0.202105311346/tools/bin/../lib/gcc/arm-none-eabi/9.3.1/../../../../arm-none-eabi/lib/thumb/v6-m/nofp/libc_nano.a(lib_a-strlen.o)
 .ARM.attributes
                0x0000000000000807       0x2c /Applications/STM32CubeIDE.app/Contents/Eclipse/plugins/com.st.stm32cube.ide.mcu.externaltools.gnu-tools-for-stm32.9-2020-q2-update.macos64_2.0.0.202105311346/tools/bin/../lib/gcc/arm-none-eabi/9.3.1/../../../../arm-none-eabi/lib/thumb/v6-m/nofp/libc_nano.a(lib_a-strtol.o)
 .ARM.attributes
                0x0000000000000833       0x2c /Applications/STM32CubeIDE.app/Contents/Eclipse/plugins/com.st.stm32cube.ide.mcu.externaltools.gnu-tools-for-stm32.9-2020-q2-update.macos64_2.0.0.202105311346/tools/bin/../lib/gcc/arm-none-eabi/9.3.1/../../../../arm-none-eabi/lib/thumb/v6-m/nofp/libc_nano.a(lib_a-ctype_.o)
 .ARM.attributes
                0x000000000000085f       0x2c /Applications/STM32CubeIDE.app/Contents/Eclipse/plugins/com.st.stm32cube.ide.mcu.externaltools.gnu-tools-for-stm32.9-2020-q2-update.macos64_2.0.0.202105311346/tools/bin/../lib/gcc/arm-none-eabi/9.3.1/../../../../arm-none-eabi/lib/thumb/v6-m/nofp/libc_nano.a(lib_a-nano-svfprintf.o)
 .ARM.attributes
                0x000000000000088b       0x2c /Applications/STM32CubeIDE.app/Contents/Eclipse/plugins/com.st.stm32cube.ide.mcu.externaltools.gnu-tools-for-stm32.9-2020-q2-update.macos64_2.0.0.202105311346/tools/bin/../lib/gcc/arm-none-eabi/9.3.1/../../../../arm-none-eabi/lib/thumb/v6-m/nofp/libc_nano.a(lib_a-nano-vfprintf_i.o)
 .ARM.attributes
                0x00000000000008b7       0x2c /Applications/STM32CubeIDE.app/Contents/Eclipse/plugins/com.st.stm32cube.ide.mcu.externaltools.gnu-tools-for-stm32.9-2020-q2-update.macos64_2.0.0.202105311346/tools/bin/../lib/gcc/arm-none-eabi/9.3.1/../../../../arm-none-eabi/lib/thumb/v6-m/nofp/libc_nano.a(lib_a-memchr-stub.o)
 .ARM.attributes
                0x00000000000008e3       0x2c /Applications/STM32CubeIDE.app/Contents/Eclipse/plugins/com.st.stm32cube.ide.mcu.externaltools.gnu-tools-for-stm32.9-2020-q2-update.macos64_2.0.0.202105311346/tools/bin/../lib/gcc/arm-none-eabi/9.3.1/../../../../arm-none-eabi/lib/thumb/v6-m/nofp/libc_nano.a(lib_a-memmove.o)
 .ARM.attributes
                0x000000000000090f       0x2c /Applications/STM32CubeIDE.app/Contents/Eclipse/plugins/com.st.stm32cube.ide.mcu.externaltools.gnu-tools-for-stm32.9-2020-q2-update.macos64_2.0.0.202105311346/tools/bin/../lib/gcc/arm-none-eabi/9.3.1/../../../../arm-none-eabi/lib/thumb/v6-m/nofp/libc_nano.a(lib_a-nano-freer.o)
 .ARM.attributes
                0x000000000000093b       0x2c /Applications/STM32CubeIDE.app/Contents/Eclipse/plugins/com.st.stm32cube.ide.mcu.externaltools.gnu-tools-for-stm32.9-2020-q2-update.macos64_2.0.0.202105311346/tools/bin/../lib/gcc/arm-none-eabi/9.3.1/../../../../arm-none-eabi/lib/thumb/v6-m/nofp/libc_nano.a(lib_a-nano-mallocr.o)
 .ARM.attributes
                0x0000000000000967       0x2c /Applications/STM32CubeIDE.app/Contents/Eclipse/plugins/com.st.stm32cube.ide.mcu.externaltools.gnu-tools-for-stm32.9-2020-q2-update.macos64_2.0.0.202105311346/tools/bin/../lib/gcc/arm-none-eabi/9.3.1/../../../../arm-none-eabi/lib/thumb/v6-m/nofp/libc_nano.a(lib_a-nano-reallocr.o)
 .ARM.attributes
                0x0000000000000993       0x2c /Applications/STM32CubeIDE.app/Contents/Eclipse/plugins/com.st.stm32cube.ide.mcu.externaltools.gnu-tools-for-stm32.9-2020-q2-update.macos64_2.0.0.202105311346/tools/bin/../lib/gcc/arm-none-eabi/9.3.1/../../../../arm-none-eabi/lib/thumb/v6-m/nofp/libc_nano.a(lib_a-sbrkr.o)
 .ARM.attributes
                0x00000000000009bf       0x2c /Applications/STM32CubeIDE.app/Contents/Eclipse/plugins/com.st.stm32cube.ide.mcu.externaltools.gnu-tools-for-stm32.9-2020-q2-update.macos64_2.0.0.202105311346/tools/bin/../lib/gcc/arm-none-eabi/9.3.1/../../../../arm-none-eabi/lib/thumb/v6-m/nofp/libc_nano.a(lib_a-mlock.o)
 .ARM.attributes
                0x00000000000009eb       0x2c /Applications/STM32CubeIDE.app/Contents/Eclipse/plugins/com.st.stm32cube.ide.mcu.externaltools.gnu-tools-for-stm32.9-2020-q2-update.macos64_2.0.0.202105311346/tools/bin/../lib/gcc/arm-none-eabi/9.3.1/../../../../arm-none-eabi/lib/thumb/v6-m/nofp/libc_nano.a(lib_a-nano-msizer.o)
 .ARM.attributes
                0x0000000000000a17       0x2c /Applications/STM32CubeIDE.app/Contents/Eclipse/plugins/com.st.stm32cube.ide.mcu.externaltools.gnu-tools-for-stm32.9-2020-q2-update.macos64_2.0.0.202105311346/tools/bin/../lib/gcc/arm-none-eabi/9.3.1/../../../../arm-none-eabi/lib/thumb/v6-m/nofp/libc_nano.a(lib_a-reent.o)
 .ARM.attributes
                0x0000000000000a43       0x2c /Applications/STM32CubeIDE.app/Contents/Eclipse/plugins/com.st.stm32cube.ide.mcu.externaltools.gnu-tools-for-stm32.9-2020-q2-update.macos64_2.0.0.202105311346/tools/bin/../lib/gcc/arm-none-eabi/9.3.1/../../../../arm-none-eabi/lib/thumb/v6-m/nofp/libc_nano.a(lib_a-lock.o)
 .ARM.attributes
                0x0000000000000a6f       0x1e /Applications/STM32CubeIDE.app/Contents/Eclipse/plugins/com.st.stm32cube.ide.mcu.externaltools.gnu-tools-for-stm32.9-2020-q2-update.macos64_2.0.0.202105311346/tools/bin/../lib/gcc/arm-none-eabi/9.3.1/thumb/v6-m/nofp/libgcc.a(_thumb1_case_sqi.o)
 .ARM.attributes
                0x0000000000000a8d       0x1e /Applications/STM32CubeIDE.app/Contents/Eclipse/plugins/com.st.stm32cube.ide.mcu.externaltools.gnu-tools-for-stm32.9-2020-q2-update.macos64_2.0.0.202105311346/tools/bin/../lib/gcc/arm-none-eabi/9.3.1/thumb/v6-m/nofp/libgcc.a(_thumb1_case_uqi.o)
 .ARM.attributes
                0x0000000000000aab       0x1e /Applications/STM32CubeIDE.app/Contents/Eclipse/plugins/com.st.stm32cube.ide.mcu.externaltools.gnu-tools-for-stm32.9-2020-q2-update.macos64_2.0.0.202105311346/tools/bin/../lib/gcc/arm-none-eabi/9.3.1/thumb/v6-m/nofp/libgcc.a(_thumb1_case_shi.o)
 .ARM.attributes
                0x0000000000000ac9       0x1e /Applications/STM32CubeIDE.app/Contents/Eclipse/plugins/com.st.stm32cube.ide.mcu.externaltools.gnu-tools-for-stm32.9-2020-q2-update.macos64_2.0.0.202105311346/tools/bin/../lib/gcc/arm-none-eabi/9.3.1/thumb/v6-m/nofp/libgcc.a(_thumb1_case_uhi.o)
 .ARM.attributes
                0x0000000000000ae7       0x1e /Applications/STM32CubeIDE.app/Contents/Eclipse/plugins/com.st.stm32cube.ide.mcu.externaltools.gnu-tools-for-stm32.9-2020-q2-update.macos64_2.0.0.202105311346/tools/bin/../lib/gcc/arm-none-eabi/9.3.1/thumb/v6-m/nofp/libgcc.a(_udivsi3.o)
 .ARM.attributes
                0x0000000000000b05       0x1e /Applications/STM32CubeIDE.app/Contents/Eclipse/plugins/com.st.stm32cube.ide.mcu.externaltools.gnu-tools-for-stm32.9-2020-q2-update.macos64_2.0.0.202105311346/tools/bin/../lib/gcc/arm-none-eabi/9.3.1/thumb/v6-m/nofp/libgcc.a(_dvmd_tls.o)
 .ARM.attributes
                0x0000000000000b23       0x1e /Applications/STM32CubeIDE.app/Contents/Eclipse/plugins/com.st.stm32cube.ide.mcu.externaltools.gnu-tools-for-stm32.9-2020-q2-update.macos64_2.0.0.202105311346/tools/bin/../lib/gcc/arm-none-eabi/9.3.1/thumb/v6-m/nofp/libgcc.a(_lshrdi3.o)
 .ARM.attributes