Archive member included to satisfy reference by file (symbol)

c:/st/stm32cubeide_1.7.0/stm32cubeide/plugins/com.st.stm32cube.ide.mcu.externaltools.gnu-tools-for-stm32.9-2020-q2-update.win32_2.0.0.202105311346/tools/bin/../lib/gcc/arm-none-eabi/9.3.1/../../../../arm-none-eabi/lib/thumb/v6-m/nofp\libc_nano.a(lib_a-atoi.o)
                              ./Core/Src/power.o (atoi)
c:/st/stm32cubeide_1.7.0/stm32cubeide/plugins/com.st.stm32cube.ide.mcu.externaltools.gnu-tools-for-stm32.9-2020-q2-update.win32_2.0.0.202105311346/tools/bin/../lib/gcc/arm-none-eabi/9.3.1/../../../../arm-none-eabi/lib/thumb/v6-m/nofp\libc_nano.a(lib_a-errno.o)
                              ./Core/Src/syscalls.o (__errno)
c:/st/stm32cubeide_1.7.0/stm32cubeide/plugins/com.st.stm32cube.ide.mcu.externaltools.gnu-tools-for-stm32.9-2020-q2-update.win32_2.0.0.202105311346/tools/bin/../lib/gcc/arm-none-eabi/9.3.1/../../../../arm-none-eabi/lib/thumb/v6-m/nofp\libc_nano.a(lib_a-exit.o)
                              c:/st/stm32cubeide_1.7.0/stm32cubeide/plugins/com.st.stm32cube.ide.mcu.externaltools.gnu-tools-for-stm32.9-2020-q2-update.win32_2.0.0.202105311346/tools/bin/../lib/gcc/arm-none-eabi/9.3.1/../../../../arm-none-eabi/lib/thumb/v6-m/nofp/crt0.o (exit)
c:/st/stm32cubeide_1.7.0/stm32cubeide/plugins/com.st.stm32cube.ide.mcu.externaltools.gnu-tools-for-stm32.9-2020-q2-update.win32_2.0.0.202105311346/tools/bin/../lib/gcc/arm-none-eabi/9.3.1/../../../../arm-none-eabi/lib/thumb/v6-m/nofp\libc_nano.a(lib_a-impure.o)
                              c:/st/stm32cubeide_1.7.0/stm32cubeide/plugins/com.st.stm32cube.ide.mcu.externaltools.gnu-tools-for-stm32.9-2020-q2-update.win32_2.0.0.202105311346/tools/bin/../lib/gcc/arm-none-eabi/9.3.1/../../../../arm-none-eabi/lib/thumb/v6-m/nofp\libc_nano.a(lib_a-exit.o) (_global_impure_ptr)
c:/st/stm32cubeide_1.7.0/stm32cubeide/plugins/com.st.stm32cube.ide.mcu.externaltools.gnu-tools-for-stm32.9-2020-q2-update.win32_2.0.0.202105311346/tools/bin/../lib/gcc/arm-none-eabi/9.3.1/../../../../arm-none-eabi/lib/thumb/v6-m/nofp\libc_nano.a(lib_a-init.o)
                              c:/st/stm32cubeide_1.7.0/stm32cubeide/plugins/com.st.stm32cube.ide.mcu.externaltools.gnu-tools-for-stm32.9-2020-q2-update.win32_2.0.0.202105311346/tools/bin/../lib/gcc/arm-none-eabi/9.3.1/../../../../arm-none-eabi/lib/thumb/v6-m/nofp/crt0.o (__libc_init_array)
c:/st/stm32cubeide_1.7.0/stm32cubeide/plugins/com.st.stm32cube.ide.mcu.externaltools.gnu-tools-for-stm32.9-2020-q2-update.win32_2.0.0.202105311346/tools/bin/../lib/gcc/arm-none-eabi/9.3.1/../../../../arm-none-eabi/lib/thumb/v6-m/nofp\libc_nano.a(lib_a-memcpy-stub.o)
                              ./Drivers/STM32F0xx_HAL_Driver/Src/stm32f0xx_hal_rcc.o (memcpy)
c:/st/stm32cubeide_1.7.0/stm32cubeide/plugins/com.st.stm32cube.ide.mcu.externaltools.gnu-tools-for-stm32.9-2020-q2-update.win32_2.0.0.202105311346/tools/bin/../lib/gcc/arm-none-eabi/9.3.1/../../../../arm-none-eabi/lib/thumb/v6-m/nofp\libc_nano.a(lib_a-memset.o)
                              c:/st/stm32cubeide_1.7.0/stm32cubeide/plugins/com.st.stm32cube.ide.mcu.externaltools.gnu-tools-for-stm32.9-2020-q2-update.win32_2.0.0.202105311346/tools/bin/../lib/gcc/arm-none-eabi/9.3.1/../../../../arm-none-eabi/lib/thumb/v6-m/nofp/crt0.o (memset)
c:/st/stm32cubeide_1.7.0/stm32cubeide/plugins/com.st.stm32cube.ide.mcu.externaltools.gnu-tools-for-stm32.9-2020-q2-update.win32_2.0.0.202105311346/tools/bin/../lib/gcc/arm-none-eabi/9.3.1/../../../../arm-none-eabi/lib/thumb/v6-m/nofp\libc_nano.a(lib_a-sprintf.o)
                              ./Core/Src/POST.o (sprintf)
c:/st/stm32cubeide_1.7.0/stm32cubeide/plugins/com.st.stm32cube.ide.mcu.externaltools.gnu-tools-for-stm32.9-2020-q2-update.win32_2.0.0.202105311346/tools/bin/../lib/gcc/arm-none-eabi/9.3.1/../../../../arm-none-eabi/lib/thumb/v6-m/nofp\libc_nano.a(lib_a-strcmp.o)
                              ./Core/Src/main.o (strcmp)
c:/st/stm32cubeide_1.7.0/stm32cubeide/plugins/com.st.stm32cube.ide.mcu.externaltools.gnu-tools-for-stm32.9-2020-q2-update.win32_2.0.0.202105311346/tools/bin/../lib/gcc/arm-none-eabi/9.3.1/../../../../arm-none-eabi/lib/thumb/v6-m/nofp\libc_nano.a(lib_a-strcpy.o)
                              ./Core/Src/POST.o (strcpy)
c:/st/stm32cubeide_1.7.0/stm32cubeide/plugins/com.st.stm32cube.ide.mcu.externaltools.gnu-tools-for-stm32.9-2020-q2-update.win32_2.0.0.202105311346/tools/bin/../lib/gcc/arm-none-eabi/9.3.1/../../../../arm-none-eabi/lib/thumb/v6-m/nofp\libc_nano.a(lib_a-strlen.o)
                              ./Core/Src/main.o (strlen)
c:/st/stm32cubeide_1.7.0/stm32cubeide/plugins/com.st.stm32cube.ide.mcu.externaltools.gnu-tools-for-stm32.9-2020-q2-update.win32_2.0.0.202105311346/tools/bin/../lib/gcc/arm-none-eabi/9.3.1/../../../../arm-none-eabi/lib/thumb/v6-m/nofp\libc_nano.a(lib_a-strtol.o)
[...]
Memory Configuration

Name             Origin             Length             Attributes
RAM              0x0000000020000000 0x0000000000001800 xrw
FLASH            0x0000000008000000 0x0000000000008000 xr
*default*        0x0000000000000000 0xffffffffffffffff

Linker script and memory map

LOAD c:/st/stm32cubeide_1.7.0/stm32cubeide/plugins/com.st.stm32cube.ide.mcu.externaltools.gnu-tools-for-stm32.9-2020-q2-update.win32_2.0.0.202105311346/tools/bin/../lib/gcc/arm-none-eabi/9.3.1/thumb/v6-m/nofp/crti.o
LOAD c:/st/stm32cubeide_1.7.0/stm32cubeide/plugins/com.st.stm32cube.ide.mcu.externaltools.gnu-tools-for-stm32.9-2020-q2-update.win32_2.0.0.202105311346/tools/bin/../lib/gcc/arm-none-eabi/9.3.1/thumb/v6-m/nofp/crtbegin.o
LOAD c:/st/stm32cubeide_1.7.0/stm32cubeide/plugins/com.st.stm32cube.ide.mcu.externaltools.gnu-tools-for-stm32.9-2020-q2-update.win32_2.0.0.202105311346/tools/bin/../lib/gcc/arm-none-eabi/9.3.1/../../../../arm-none-eabi/lib/thumb/v6-m/nofp/crt0.o
LOAD ./Core/Src/POST.o
LOAD ./Core/Src/i2c.o
LOAD ./Core/Src/i2cSlave.o
LOAD ./Core/Src/main.o
LOAD ./Core/Src/memory.o
LOAD ./Core/Src/power.o
LOAD ./Core/Src/stm32f0xx_hal_msp.o
LOAD ./Core/Src/stm32f0xx_hal_timebase_tim.o
LOAD ./Core/Src/stm32f0xx_it.o
LOAD ./Core/Src/syscalls.o
LOAD ./Core/Src/sysmem.o
LOAD ./Core/Src/system_stm32f0xx.o
LOAD ./Core/Src/text.o
LOAD ./Core/Startup/startup_stm32f048g6ux.o
LOAD ./Drivers/STM32F0xx_HAL_Driver/Src/stm32f0xx_hal.o
LOAD ./Drivers/STM32F0xx_HAL_Driver/Src/stm32f0xx_hal_adc.o
LOAD ./Drivers/STM32F0xx_HAL_Driver/Src/stm32f0xx_hal_adc_ex.o
LOAD ./Drivers/STM32F0xx_HAL_Driver/Src/stm32f0xx_hal_cortex.o
LOAD ./Drivers/STM32F0xx_HAL_Driver/Src/stm32f0xx_hal_dma.o
LOAD ./Drivers/STM32F0xx_HAL_Driver/Src/stm32f0xx_hal_exti.o
LOAD ./Drivers/STM32F0xx_HAL_Driver/Src/stm32f0xx_hal_flash.o
LOAD ./Drivers/STM32F0xx_HAL_Driver/Src/stm32f0xx_hal_flash_ex.o
LOAD ./Drivers/STM32F0xx_HAL_Driver/Src/stm32f0xx_hal_gpio.o
LOAD ./Drivers/STM32F0xx_HAL_Driver/Src/stm32f0xx_hal_i2c.o
LOAD ./Drivers/STM32F0xx_HAL_Driver/Src/stm32f0xx_hal_i2c_ex.o
LOAD ./Drivers/STM32F0xx_HAL_Driver/Src/stm32f0xx_hal_pcd.o
LOAD ./Drivers/STM32F0xx_HAL_Driver/Src/stm32f0xx_hal_pcd_ex.o
LOAD ./Drivers/STM32F0xx_HAL_Driver/Src/stm32f0xx_hal_pwr.o
LOAD ./Drivers/STM32F0xx_HAL_Driver/Src/stm32f0xx_hal_pwr_ex.o
LOAD ./Drivers/STM32F0xx_HAL_Driver/Src/stm32f0xx_hal_rcc.o
LOAD ./Drivers/STM32F0xx_HAL_Driver/Src/stm32f0xx_hal_rcc_ex.o
LOAD ./Drivers/STM32F0xx_HAL_Driver/Src/stm32f0xx_hal_spi.o
LOAD ./Drivers/STM32F0xx_HAL_Driver/Src/stm32f0xx_hal_spi_ex.o
LOAD ./Drivers/STM32F0xx_HAL_Driver/Src/stm32f0xx_hal_tim.o
LOAD ./Drivers/STM32F0xx_HAL_Driver/Src/stm32f0xx_hal_tim_ex.o
LOAD ./Drivers/STM32F0xx_HAL_Driver/Src/stm32f0xx_ll_usb.o
LOAD ./Middlewares/ST/STM32_USB_Device_Library/Class/CDC/Src/usbd_cdc.o
LOAD ./Middlewares/ST/STM32_USB_Device_Library/Core/Src/usbd_core.o
LOAD ./Middlewares/ST/STM32_USB_Device_Library/Core/Src/usbd_ctlreq.o
LOAD ./Middlewares/ST/STM32_USB_Device_Library/Core/Src/usbd_ioreq.o
LOAD ./USB_DEVICE/App/usb_device.o
LOAD ./USB_DEVICE/App/usbd_cdc_if.o
LOAD ./USB_DEVICE/App/usbd_desc.o
LOAD ./USB_DEVICE/Target/usbd_conf.o
START GROUP
LOAD c:/st/stm32cubeide_1.7.0/stm32cubeide/plugins/com.st.stm32cube.ide.mcu.externaltools.gnu-tools-for-stm32.9-2020-q2-update.win32_2.0.0.202105311346/tools/bin/../lib/gcc/arm-none-eabi/9.3.1/../../../../arm-none-eabi/lib/thumb/v6-m/nofp\libc_nano.a
LOAD c:/st/stm32cubeide_1.7.0/stm32cubeide/plugins/com.st.stm32cube.ide.mcu.externaltools.gnu-tools-for-stm32.9-2020-q2-update.win32_2.0.0.202105311346/tools/bin/../lib/gcc/arm-none-eabi/9.3.1/../../../../arm-none-eabi/lib/thumb/v6-m/nofp\libm.a
END GROUP
START GROUP
LOAD c:/st/stm32cubeide_1.7.0/stm32cubeide/plugins/com.st.stm32cube.ide.mcu.externaltools.gnu-tools-for-stm32.9-2020-q2-update.win32_2.0.0.202105311346/tools/bin/../lib/gcc/arm-none-eabi/9.3.1/thumb/v6-m/nofp\libgcc.a
LOAD c:/st/stm32cubeide_1.7.0/stm32cubeide/plugins/com.st.stm32cube.ide.mcu.externaltools.gnu-tools-for-stm32.9-2020-q2-update.win32_2.0.0.202105311346/tools/bin/../lib/gcc/arm-none-eabi/9.3.1/../../../../arm-none-eabi/lib/thumb/v6-m/nofp\libc_nano.a
END GROUP
START GROUP
LOAD c:/st/stm32cubeide_1.7.0/stm32cubeide/plugins/com.st.stm32cube.ide.mcu.externaltools.gnu-tools-for-stm32.9-2020-q2-update.win32_2.0.0.202105311346/tools/bin/../lib/gcc/arm-none-eabi/9.3.1/thumb/v6-m/nofp\libgcc.a
LOAD c:/st/stm32cubeide_1.7.0/stm32cubeide/plugins/com.st.stm32cube.ide.mcu.externaltools.gnu-tools-for-stm32.9-2020-q2-update.win32_2.0.0.202105311346/tools/bin/../lib/gcc/arm-none-eabi/9.3.1/../../../../arm-none-eabi/lib/thumb/v6-m/nofp\libc_nano.a
LOAD c:/st/stm32cubeide_1.7.0/stm32cubeide/plugins/com.st.stm32cube.ide.mcu.externaltools.gnu-tools-for-stm32.9-2020-q2-update.win32_2.0.0.202105311346/tools/bin/../lib/gcc/arm-none-eabi/9.3.1/../../../../arm-none-eabi/lib/thumb/v6-m/nofp\libnosys.a
END GROUP
START GROUP
LOAD c:/st/stm32cubeide_1.7.0/stm32cubeide/plugins/com.st.stm32cube.ide.mcu.externaltools.gnu-tools-for-stm32.9-2020-q2-update.win32_2.0.0.202105311346/tools/bin/../lib/gcc/arm-none-eabi/9.3.1/thumb/v6-m/nofp\libgcc.a
LOAD c:/st/stm32cubeide_1.7.0/stm32cubeide/plugins/com.st.stm32cube.ide.mcu.externaltools.gnu-tools-for-stm32.9-2020-q2-update.win32_2.0.0.202105311346/tools/bin/../lib/gcc/arm-none-eabi/9.3.1/../../../../arm-none-eabi/lib/thumb/v6-m/nofp\libc_nano.a
LOAD c:/st/stm32cubeide_1.7.0/stm32cubeide/plugins/com.st.stm32cube.ide.mcu.externaltools.gnu-tools-for-stm32.9-2020-q2-update.win32_2.0.0.202105311346/tools/bin/../lib/gcc/arm-none-eabi/9.3.1/../../../../arm-none-eabi/lib/thumb/v6-m/nofp\libnosys.a
END GROUP
LOAD c:/st/stm32cubeide_1.7.0/stm32cubeide/plugins/com.st.stm32cube.ide.mcu.externaltools.gnu-tools-for-stm32.9-2020-q2-update.win32_2.0.0.202105311346/tools/bin/../lib/gcc/arm-none-eabi/9.3.1/thumb/v6-m/nofp/crtend.o
LOAD c:/st/stm32cubeide_1.7.0/stm32cubeide/plugins/com.st.stm32cube.ide.mcu.externaltools.gnu-tools-for-stm32.9-2020-q2-update.win32_2.0.0.202105311346/tools/bin/../lib/gcc/arm-none-eabi/9.3.1/thumb/v6-m/nofp/crtn.o
                0x0000000020001800                _estack = (ORIGIN (RAM) + LENGTH (RAM))
                0x0000000000000200                _Min_Heap_Size = 0x200
                0x0000000000000325                _Min_Stack_Size = 0x325

.isr_vector     0x0000000008000000       0xc0
                0x0000000008000000                . = ALIGN (0x4)
 *(.isr_vector)
 .isr_vector    0x0000000008000000       0xc0 ./Core/Startup/startup_stm32f048g6ux.o
                0x0000000008000000                g_pfnVectors
                0x00000000080000c0                . = ALIGN (0x4)

.text           0x00000000080000c0     0x6d54
                0x00000000080000c0                . = ALIGN (0x4)
 *(.text)
 .text          0x00000000080000c0       0x48 c:/st/stm32cubeide_1.7.0/stm32cubeide/plugins/com.st.stm32cube.ide.mcu.externaltools.gnu-tools-for-stm32.9-2020-q2-update.win32_2.0.0.202105311346/tools/bin/../lib/gcc/arm-none-eabi/9.3.1/thumb/v6-m/nofp/crtbegin.o
 .text          0x0000000008000108       0x14 c:/st/stm32cubeide_1.7.0/stm32cubeide/plugins/com.st.stm32cube.ide.mcu.externaltools.gnu-tools-for-stm32.9-2020-q2-update.win32_2.0.0.202105311346/tools/bin/../lib/gcc/arm-none-eabi/9.3.1/../../../../arm-none-eabi/lib/thumb/v6-m/nofp\libc_nano.a(lib_a-strcmp.o)
                0x0000000008000108                strcmp
 .text          0x000000000800011c        0xe c:/st/stm32cubeide_1.7.0/stm32cubeide/plugins/com.st.stm32cube.ide.mcu.externaltools.gnu-tools-for-stm32.9-2020-q2-update.win32_2.0.0.202105311346/tools/bin/../lib/gcc/arm-none-eabi/9.3.1/../../../../arm-none-eabi/lib/thumb/v6-m/nofp\libc_nano.a(lib_a-strlen.o)
                0x000000000800011c                strlen
 *fill*         0x000000000800012a        0x2 
 .text          0x000000000800012c       0x14 c:/st/stm32cubeide_1.7.0/stm32cubeide/plugins/com.st.stm32cube.ide.mcu.externaltools.gnu-tools-for-stm32.9-2020-q2-update.win32_2.0.0.202105311346/tools/bin/../lib/gcc/arm-none-eabi/9.3.1/thumb/v6-m/nofp\libgcc.a(_thumb1_case_uqi.o)
                0x000000000800012c                __gnu_thumb1_case_uqi
 .text          0x0000000008000140       0x14 c:/st/stm32cubeide_1.7.0/stm32cubeide/plugins/com.st.stm32cube.ide.mcu.externaltools.gnu-tools-for-stm32.9-2020-q2-update.win32_2.0.0.202105311346/tools/bin/../lib/gcc/arm-none-eabi/9.3.1/thumb/v6-m/nofp\libgcc.a(_thumb1_case_shi.o)
                0x0000000008000140                __gnu_thumb1_case_shi
 .text          0x0000000008000154       0x14 c:/st/stm32cubeide_1.7.0/stm32cubeide/plugins/com.st.stm32cube.ide.mcu.externaltools.gnu-tools-for-stm32.9-2020-q2-update.win32_2.0.0.202105311346/tools/bin/../lib/gcc/arm-none-eabi/9.3.1/thumb/v6-m/nofp\libgcc.a(_thumb1_case_uhi.o)
                0x0000000008000154                __gnu_thumb1_case_uhi
 .text          0x0000000008000168      0x114 c:/st/stm32cubeide_1.7.0/stm32cubeide/plugins/com.st.stm32cube.ide.mcu.externaltools.gnu-tools-for-stm32.9-2020-q2-update.win32_2.0.0.202105311346/tools/bin/../lib/gcc/arm-none-eabi/9.3.1/thumb/v6-m/nofp\libgcc.a(_udivsi3.o)
                0x0000000008000168                __aeabi_uidiv
                0x0000000008000168                __udivsi3
                0x0000000008000274                __aeabi_uidivmod
 .text          0x000000000800027c        0x4 c:/st/stm32cubeide_1.7.0/stm32cubeide/plugins/com.st.stm32cube.ide.mcu.externaltools.gnu-tools-for-stm32.9-2020-q2-update.win32_2.0.0.202105311346/tools/bin/../lib/gcc/arm-none-eabi/9.3.1/thumb/v6-m/nofp\libgcc.a(_dvmd_tls.o)
                0x000000000800027c                __aeabi_idiv0
                0x000000000800027c                __aeabi_ldiv0
 .text          0x0000000008000280       0x18 c:/st/stm32cubeide_1.7.0/stm32cubeide/plugins/com.st.stm32cube.ide.mcu.externaltools.gnu-tools-for-stm32.9-2020-q2-update.win32_2.0.0.202105311346/tools/bin/../lib/gcc/arm-none-eabi/9.3.1/thumb/v6-m/nofp\libgcc.a(_lshrdi3.o)
                0x0000000008000280                __lshrdi3
                0x0000000008000280                __aeabi_llsr
 *(.text*)
 .text.clearBuf
                0x0000000008000298       0x10 ./Core/Src/POST.o
                0x0000000008000298                clearBuf
 .text.POST     0x00000000080002a8      0x168 ./Core/Src/POST.o
                0x00000000080002a8                POST
 .text.setLineDirection
                0x0000000008000410       0x34 ./Core/Src/i2c.o
                0x0000000008000410                setLineDirection
 .text.SFT_I2C_Init
                0x0000000008000444       0x28 ./Core/Src/i2c.o
                0x0000000008000444                SFT_I2C_Init
 .text.startCondition
                0x000000000800046c       0x4e ./Core/Src/i2c.o
                0x000000000800046c                startCondition
 .text.stopCondition
                0x00000000080004ba       0x32 ./Core/Src/i2c.o
                0x00000000080004ba                stopCondition
 .text.sendByte
                0x00000000080004ec       0x50 ./Core/Src/i2c.o
                0x00000000080004ec                sendByte
 .text.recvByte
                0x000000000800053c       0x94 ./Core/Src/i2c.o
                0x000000000800053c                recvByte
 .text.readReceipt
                0x00000000080005d0       0x54 ./Core/Src/i2c.o
                0x00000000080005d0                readReceipt
 .text.SFT_I2C_Master_Transmit
                0x0000000008000624       0x3a ./Core/Src/i2c.o
                0x0000000008000624                SFT_I2C_Master_Transmit
 .text.SFT_I2C_Master_Receive
                0x000000000800065e       0x44 ./Core/Src/i2c.o
                0x000000000800065e                SFT_I2C_Master_Receive
 *fill*         0x00000000080006a2        0x2 
 .text.readWord
                0x00000000080006a4       0x20 ./Core/Src/i2cSlave.o
                0x00000000080006a4                readWord
 .text.writeWord
                0x00000000080006c4       0x18 ./Core/Src/i2cSlave.o
                0x00000000080006c4                writeWord
 .text.clearHi2c
                0x00000000080006dc       0x28 ./Core/Src/i2cSlave.o
                0x00000000080006dc                clearHi2c
 .text.i2cSM    0x0000000008000704      0x1e0 ./Core/Src/i2cSlave.o
                0x0000000008000704                i2cSM
 .text.DisableSPI
                0x00000000080008e4       0x30 ./Core/Src/main.o
                0x00000000080008e4                DisableSPI
 .text.SetI2C_Mask
                0x0000000008000914       0x28 ./Core/Src/main.o
                0x0000000008000914                SetI2C_Mask
 .text.ClrI2C_Mask
                0x000000000800093c       0x28 ./Core/Src/main.o
                0x000000000800093c                ClrI2C_Mask
 .text.Set_CS   0x0000000008000964       0x20 ./Core/Src/main.o
                0x0000000008000964                Set_CS
 .text.Clr_CS   0x0000000008000984       0x20 ./Core/Src/main.o
                0x0000000008000984                Clr_CS
 .text.Test_RxPacket
                0x00000000080009a4       0x30 ./Core/Src/main.o
                0x00000000080009a4                Test_RxPacket
 .text.UART_putstr
                0x00000000080009d4       0x18 ./Core/Src/main.o
                0x00000000080009d4                UART_putstr
 .text.UART_putstrln
                0x00000000080009ec       0x38 ./Core/Src/main.o
                0x00000000080009ec                UART_putstrln
 .text.UART_SendByte
                0x0000000008000a24       0x16 ./Core/Src/main.o
                0x0000000008000a24                UART_SendByte
 *fill*         0x0000000008000a3a        0x2 
 .text.ReadUartNonBlock
                0x0000000008000a3c       0x38 ./Core/Src/main.o
                0x0000000008000a3c                ReadUartNonBlock
 .text.userInput
                0x0000000008000a74       0x9c ./Core/Src/main.o
                0x0000000008000a74                userInput
 .text.refreshConsoleBuffer
                0x0000000008000b10       0x1c ./Core/Src/main.o
                0x0000000008000b10                refreshConsoleBuffer
 .text.clearUartConsole
                0x0000000008000b2c       0x10 ./Core/Src/main.o
                0x0000000008000b2c                clearUartConsole
 .text.ByteToHEX
                0x0000000008000b3c       0x16 ./Core/Src/main.o
                0x0000000008000b3c                ByteToHEX
 *fill*         0x0000000008000b52        0x2 
 .text.HAL_TIM_PeriodElapsedCallback
                0x0000000008000b54       0x44 ./Core/Src/main.o
                0x0000000008000b54                HAL_TIM_PeriodElapsedCallback
 .text.Error_Handler
                0x0000000008000b98       0x10 ./Core/Src/main.o
                0x0000000008000b98                Error_Handler
 .text.MX_SPI1_Init
                0x0000000008000ba8       0x4c ./Core/Src/main.o
 .text.EnableSPI
                0x0000000008000bf4       0x44 ./Core/Src/main.o
                0x0000000008000bf4                EnableSPI
 .text.UART_Con_Mash
                0x0000000008000c38      0x1e0 ./Core/Src/main.o
                0x0000000008000c38                UART_Con_Mash
 .text.SystemClock_Config
                0x0000000008000e18       0x74 ./Core/Src/main.o
                0x0000000008000e18                SystemClock_Config
 .text.startup.main
                0x0000000008000e8c      0x308 ./Core/Src/main.o
                0x0000000008000e8c                main
 .text.SPI_ReadStatus
                0x0000000008001194       0x48 ./Core/Src/memory.o
                0x0000000008001194                SPI_ReadStatus
 .text.Flash_WriteEnable
                0x00000000080011dc       0x30 ./Core/Src/memory.o
                0x00000000080011dc                Flash_WriteEnable
 .text.SPI_EraseAddr
                0x000000000800120c       0x54 ./Core/Src/memory.o
                0x000000000800120c                SPI_EraseAddr
 .text.Flash_PageWrite
                0x0000000008001260       0x88 ./Core/Src/memory.o
                0x0000000008001260                Flash_PageWrite
 .text.SPI_Reset
                0x00000000080012e8       0x34 ./Core/Src/memory.o
                0x00000000080012e8                SPI_Reset
 .text.SPI_ReadID
                0x000000000800131c       0x5c ./Core/Src/memory.o
                0x000000000800131c                SPI_ReadID
 .text.Xmodem_SPI
                0x0000000008001378      0x190 ./Core/Src/memory.o
                0x0000000008001378                Xmodem_SPI
 .text.Xmodem_Init
                0x0000000008001508       0x38 ./Core/Src/memory.o
                0x0000000008001508                Xmodem_Init
 .text.FlashDump
                0x0000000008001540       0xa4 ./Core/Src/memory.o
                0x0000000008001540                FlashDump
 .text.memoryMenu
                0x00000000080015e4       0xe8 ./Core/Src/memory.o
                0x00000000080015e4                memoryMenu
 .text.writeConfig
                0x00000000080016cc       0x58 ./Core/Src/memory.o
                0x00000000080016cc                writeConfig
 .text.readConfig
                0x0000000008001724       0x18 ./Core/Src/memory.o
                0x0000000008001724                readConfig
 .text.debouncer
                0x000000000800173c       0x46 ./Core/Src/power.o
                0x000000000800173c                debouncer
 *fill*         0x0000000008001782        0x2 
 .text.checkPowerLevels
                0x0000000008001784      0x148 ./Core/Src/power.o
                0x0000000008001784                checkPowerLevels
 .text.BootMenu
                0x00000000080018cc      0x178 ./Core/Src/power.o
                0x00000000080018cc                BootMenu
 .text.PowerSM  0x0000000008001a44      0x1c4 ./Core/Src/power.o
                0x0000000008001a44                PowerSM
 .text.HAL_MspInit
                0x0000000008001c08       0x3c ./Core/Src/stm32f0xx_hal_msp.o
                0x0000000008001c08                HAL_MspInit
 .text.HAL_ADC_MspInit
                0x0000000008001c44       0x2c ./Core/Src/stm32f0xx_hal_msp.o
                0x0000000008001c44                HAL_ADC_MspInit
 .text.HAL_I2C_MspInit
                0x0000000008001c70       0x6c ./Core/Src/stm32f0xx_hal_msp.o
                0x0000000008001c70                HAL_I2C_MspInit
 .text.HAL_SPI_MspInit
                0x0000000008001cdc       0x78 ./Core/Src/stm32f0xx_hal_msp.o
                0x0000000008001cdc                HAL_SPI_MspInit
 .text.HAL_SPI_MspDeInit
                0x0000000008001d54       0x34 ./Core/Src/stm32f0xx_hal_msp.o
                0x0000000008001d54                HAL_SPI_MspDeInit
 .text.HAL_InitTick
                0x0000000008001d88       0x7c ./Core/Src/stm32f0xx_hal_timebase_tim.o
                0x0000000008001d88                HAL_InitTick
 .text.NMI_Handler
                0x0000000008001e04        0x2 ./Core/Src/stm32f0xx_it.o
                0x0000000008001e04                NMI_Handler
 .text.HardFault_Handler
                0x0000000008001e06        0x2 ./Core/Src/stm32f0xx_it.o
                0x0000000008001e06                HardFault_Handler
 .text.SVC_Handler
                0x0000000008001e08        0x2 ./Core/Src/stm32f0xx_it.o
                0x0000000008001e08                SVC_Handler
 .text.PendSV_Handler
                0x0000000008001e0a        0x2 ./Core/Src/stm32f0xx_it.o
                0x0000000008001e0a                PendSV_Handler
 .text.SysTick_Handler
                0x0000000008001e0c        0x2 ./Core/Src/stm32f0xx_it.o
                0x0000000008001e0c                SysTick_Handler
 *fill*         0x0000000008001e0e        0x2 
 .text.TIM17_IRQHandler
                0x0000000008001e10       0x10 ./Core/Src/stm32f0xx_it.o
                0x0000000008001e10                TIM17_IRQHandler
 .text.SPI1_IRQHandler
                0x0000000008001e20       0x10 ./Core/Src/stm32f0xx_it.o
                0x0000000008001e20                SPI1_IRQHandler
 .text.USB_IRQHandler
                0x0000000008001e30       0x10 ./Core/Src/stm32f0xx_it.o
                0x0000000008001e30                USB_IRQHandler
 .text._sbrk    0x0000000008001e40       0x40 ./Core/Src/sysmem.o
                0x0000000008001e40                _sbrk
 .text.SystemInit
                0x0000000008001e80        0x2 ./Core/Src/system_stm32f0xx.o
                0x0000000008001e80                SystemInit
 *fill*         0x0000000008001e82        0x2 
 .text.Reset_Handler
                0x0000000008001e84       0x50 ./Core/Startup/startup_stm32f048g6ux.o
                0x0000000008001e84                Reset_Handler
 .text.Default_Handler
                0x0000000008001ed4        0x2 ./Core/Startup/startup_stm32f048g6ux.o
                0x0000000008001ed4                TIM1_CC_IRQHandler
                0x0000000008001ed4                TSC_IRQHandler
                0x0000000008001ed4                I2C1_IRQHandler
                0x0000000008001ed4                RCC_CRS_IRQHandler
                0x0000000008001ed4                EXTI2_3_IRQHandler
                0x0000000008001ed4                ADC1_IRQHandler
                0x0000000008001ed4                CEC_CAN_IRQHandler
                0x0000000008001ed4                RTC_IRQHandler
                0x0000000008001ed4                TIM16_IRQHandler
                0x0000000008001ed4                TIM3_IRQHandler
                0x0000000008001ed4                EXTI4_15_IRQHandler
                0x0000000008001ed4                DMA1_Channel1_IRQHandler
                0x0000000008001ed4                Default_Handler
                0x0000000008001ed4                TIM14_IRQHandler
                0x0000000008001ed4                DMA1_Channel4_5_IRQHandler
                0x0000000008001ed4                EXTI0_1_IRQHandler
                0x0000000008001ed4                SPI2_IRQHandler
                0x0000000008001ed4                WWDG_IRQHandler
                0x0000000008001ed4                TIM2_IRQHandler
                0x0000000008001ed4                DMA1_Channel2_3_IRQHandler
                0x0000000008001ed4                USART2_IRQHandler
                0x0000000008001ed4                VDDIO2_IRQHandler
                0x0000000008001ed4                FLASH_IRQHandler
                0x0000000008001ed4                USART1_IRQHandler
                0x0000000008001ed4                TIM1_BRK_UP_TRG_COM_IRQHandler
 *fill*         0x0000000008001ed6        0x2 
 .text.HAL_Init
                0x0000000008001ed8       0x20 ./Drivers/STM32F0xx_HAL_Driver/Src/stm32f0xx_hal.o
                0x0000000008001ed8                HAL_Init
 .text.HAL_IncTick
                0x0000000008001ef8       0x18 ./Drivers/STM32F0xx_HAL_Driver/Src/stm32f0xx_hal.o
                0x0000000008001ef8                HAL_IncTick
 .text.HAL_GetTick
                0x0000000008001f10        0xc ./Drivers/STM32F0xx_HAL_Driver/Src/stm32f0xx_hal.o
                0x0000000008001f10                HAL_GetTick
 .text.HAL_Delay
                0x0000000008001f1c       0x24 ./Drivers/STM32F0xx_HAL_Driver/Src/stm32f0xx_hal.o
                0x0000000008001f1c                HAL_Delay
 .text.HAL_ADC_Init
                0x0000000008001f40      0x150 ./Drivers/STM32F0xx_HAL_Driver/Src/stm32f0xx_hal_adc.o
                0x0000000008001f40                HAL_ADC_Init
 .text.HAL_ADC_ConfigChannel
                0x0000000008002090      0x108 ./Drivers/STM32F0xx_HAL_Driver/Src/stm32f0xx_hal_adc.o
                0x0000000008002090                HAL_ADC_ConfigChannel
 .text.HAL_NVIC_SetPriority
                0x0000000008002198       0x54 ./Drivers/STM32F0xx_HAL_Driver/Src/stm32f0xx_hal_cortex.o
                0x0000000008002198                HAL_NVIC_SetPriority
 .text.HAL_NVIC_EnableIRQ
                0x00000000080021ec       0x18 ./Drivers/STM32F0xx_HAL_Driver/Src/stm32f0xx_hal_cortex.o
                0x00000000080021ec                HAL_NVIC_EnableIRQ
 .text.HAL_NVIC_DisableIRQ
                0x0000000008002204       0x20 ./Drivers/STM32F0xx_HAL_Driver/Src/stm32f0xx_hal_cortex.o
                0x0000000008002204                HAL_NVIC_DisableIRQ
 .text.HAL_DMA_Abort_IT
                0x0000000008002224       0x46 ./Drivers/STM32F0xx_HAL_Driver/Src/stm32f0xx_hal_dma.o
                0x0000000008002224                HAL_DMA_Abort_IT
 *fill*         0x000000000800226a        0x2 
 .text.FLASH_SetErrorCode
                0x000000000800226c       0x3c ./Drivers/STM32F0xx_HAL_Driver/Src/stm32f0xx_hal_flash.o
 .text.HAL_FLASH_Unlock
                0x00000000080022a8       0x28 ./Drivers/STM32F0xx_HAL_Driver/Src/stm32f0xx_hal_flash.o
                0x00000000080022a8                HAL_FLASH_Unlock
 .text.HAL_FLASH_Lock
                0x00000000080022d0       0x14 ./Drivers/STM32F0xx_HAL_Driver/Src/stm32f0xx_hal_flash.o
                0x00000000080022d0                HAL_FLASH_Lock
 .text.FLASH_WaitForLastOperation
                0x00000000080022e4       0x58 ./Drivers/STM32F0xx_HAL_Driver/Src/stm32f0xx_hal_flash.o
                0x00000000080022e4                FLASH_WaitForLastOperation
 .text.HAL_FLASH_Program
                0x000000000800233c       0x84 ./Drivers/STM32F0xx_HAL_Driver/Src/stm32f0xx_hal_flash.o
                0x000000000800233c                HAL_FLASH_Program
 .text.FLASH_MassErase
                0x00000000080023c0       0x24 ./Drivers/STM32F0xx_HAL_Driver/Src/stm32f0xx_hal_flash_ex.o
 .text.FLASH_PageErase
                0x00000000080023e4       0x24 ./Drivers/STM32F0xx_HAL_Driver/Src/stm32f0xx_hal_flash_ex.o
                0x00000000080023e4                FLASH_PageErase
 .text.HAL_FLASHEx_Erase
                0x0000000008002408       0x94 ./Drivers/STM32F0xx_HAL_Driver/Src/stm32f0xx_hal_flash_ex.o
                0x0000000008002408                HAL_FLASHEx_Erase
 .text.HAL_GPIO_Init
                0x000000000800249c      0x160 ./Drivers/STM32F0xx_HAL_Driver/Src/stm32f0xx_hal_gpio.o
                0x000000000800249c                HAL_GPIO_Init
 .text.HAL_GPIO_DeInit
                0x00000000080025fc       0xd0 ./Drivers/STM32F0xx_HAL_Driver/Src/stm32f0xx_hal_gpio.o
                0x00000000080025fc                HAL_GPIO_DeInit
 .text.HAL_GPIO_ReadPin
                0x00000000080026cc        0xc ./Drivers/STM32F0xx_HAL_Driver/Src/stm32f0xx_hal_gpio.o
                0x00000000080026cc                HAL_GPIO_ReadPin
 .text.HAL_GPIO_WritePin
                0x00000000080026d8        0xc ./Drivers/STM32F0xx_HAL_Driver/Src/stm32f0xx_hal_gpio.o
                0x00000000080026d8                HAL_GPIO_WritePin
 .text.HAL_I2C_Init
                0x00000000080026e4       0xac ./Drivers/STM32F0xx_HAL_Driver/Src/stm32f0xx_hal_i2c.o
                0x00000000080026e4                HAL_I2C_Init
 .text.HAL_I2CEx_ConfigAnalogFilter
                0x0000000008002790       0x4c ./Drivers/STM32F0xx_HAL_Driver/Src/stm32f0xx_hal_i2c_ex.o
                0x0000000008002790                HAL_I2CEx_ConfigAnalogFilter
 .text.HAL_I2CEx_ConfigDigitalFilter
                0x00000000080027dc       0x48 ./Drivers/STM32F0xx_HAL_Driver/Src/stm32f0xx_hal_i2c_ex.o
                0x00000000080027dc                HAL_I2CEx_ConfigDigitalFilter
 .text.HAL_PCD_Init
                0x0000000008002824       0xd8 ./Drivers/STM32F0xx_HAL_Driver/Src/stm32f0xx_hal_pcd.o
                0x0000000008002824                HAL_PCD_Init
 .text.HAL_PCD_Start
                0x00000000080028fc       0x26 ./Drivers/STM32F0xx_HAL_Driver/Src/stm32f0xx_hal_pcd.o
                0x00000000080028fc                HAL_PCD_Start
 .text.HAL_PCD_SetAddress
                0x0000000008002922       0x24 ./Drivers/STM32F0xx_HAL_Driver/Src/stm32f0xx_hal_pcd.o
                0x0000000008002922                HAL_PCD_SetAddress
 *fill*         0x0000000008002946        0x2 
 .text.HAL_PCD_IRQHandler
                0x0000000008002948      0xa2c ./Drivers/STM32F0xx_HAL_Driver/Src/stm32f0xx_hal_pcd.o
                0x0000000008002948                HAL_PCD_IRQHandler
 .text.HAL_PCD_EP_Open
                0x0000000008003374       0x62 ./Drivers/STM32F0xx_HAL_Driver/Src/stm32f0xx_hal_pcd.o
                0x0000000008003374                HAL_PCD_EP_Open
 .text.HAL_PCD_EP_Close
                0x00000000080033d6       0x4e ./Drivers/STM32F0xx_HAL_Driver/Src/stm32f0xx_hal_pcd.o
                0x00000000080033d6                HAL_PCD_EP_Close
 .text.HAL_PCD_EP_Receive
                0x0000000008003424       0x42 ./Drivers/STM32F0xx_HAL_Driver/Src/stm32f0xx_hal_pcd.o
                0x0000000008003424                HAL_PCD_EP_Receive
 .text.HAL_PCD_EP_GetRxCount
                0x0000000008003466       0x12 ./Drivers/STM32F0xx_HAL_Driver/Src/stm32f0xx_hal_pcd.o
                0x0000000008003466                HAL_PCD_EP_GetRxCount
 .text.HAL_PCD_EP_Transmit
                0x0000000008003478       0x3a ./Drivers/STM32F0xx_HAL_Driver/Src/stm32f0xx_hal_pcd.o
                0x0000000008003478                HAL_PCD_EP_Transmit
 .text.HAL_PCD_EP_SetStall
                0x00000000080034b2       0x56 ./Drivers/STM32F0xx_HAL_Driver/Src/stm32f0xx_hal_pcd.o
                0x00000000080034b2                HAL_PCD_EP_SetStall
 .text.HAL_PCD_EP_ClrStall
                0x0000000008003508       0x5e ./Drivers/STM32F0xx_HAL_Driver/Src/stm32f0xx_hal_pcd.o
                0x0000000008003508                HAL_PCD_EP_ClrStall
 .text.HAL_PCDEx_PMAConfig
                0x0000000008003566       0x34 ./Drivers/STM32F0xx_HAL_Driver/Src/stm32f0xx_hal_pcd_ex.o
                0x0000000008003566                HAL_PCDEx_PMAConfig
 .text.HAL_PCDEx_ActivateLPM
                0x000000000800359a       0x28 ./Drivers/STM32F0xx_HAL_Driver/Src/stm32f0xx_hal_pcd_ex.o
                0x000000000800359a                HAL_PCDEx_ActivateLPM
 .text.HAL_PCDEx_LPM_Callback
                0x00000000080035c2        0x2 ./Drivers/STM32F0xx_HAL_Driver/Src/stm32f0xx_hal_pcd_ex.o
                0x00000000080035c2                HAL_PCDEx_LPM_Callback
 .text.HAL_RCC_OscConfig
                0x00000000080035c4      0x4a0 ./Drivers/STM32F0xx_HAL_Driver/Src/stm32f0xx_hal_rcc.o
                0x00000000080035c4                HAL_RCC_OscConfig
 .text.HAL_RCC_GetSysClockFreq
                0x0000000008003a64       0x84 ./Drivers/STM32F0xx_HAL_Driver/Src/stm32f0xx_hal_rcc.o
                0x0000000008003a64                HAL_RCC_GetSysClockFreq
 .text.HAL_RCC_ClockConfig
                0x0000000008003ae8      0x118 ./Drivers/STM32F0xx_HAL_Driver/Src/stm32f0xx_hal_rcc.o
                0x0000000008003ae8                HAL_RCC_ClockConfig
 .text.HAL_RCC_GetPCLK1Freq
                0x0000000008003c00       0x20 ./Drivers/STM32F0xx_HAL_Driver/Src/stm32f0xx_hal_rcc.o
                0x0000000008003c00                HAL_RCC_GetPCLK1Freq
 .text.HAL_RCC_GetClockConfig
                0x0000000008003c20       0x38 ./Drivers/STM32F0xx_HAL_Driver/Src/stm32f0xx_hal_rcc.o
                0x0000000008003c20                HAL_RCC_GetClockConfig
 .text.HAL_RCCEx_PeriphCLKConfig
                0x0000000008003c58      0x130 ./Drivers/STM32F0xx_HAL_Driver/Src/stm32f0xx_hal_rcc_ex.o
                0x0000000008003c58                HAL_RCCEx_PeriphCLKConfig
 .text.SPI_WaitFlagStateUntilTimeout.constprop.0
                0x0000000008003d88       0xb8 ./Drivers/STM32F0xx_HAL_Driver/Src/stm32f0xx_hal_spi.o
 .text.SPI_WaitFifoStateUntilTimeout.constprop.0
                0x0000000008003e40       0xd8 ./Drivers/STM32F0xx_HAL_Driver/Src/stm32f0xx_hal_spi.o
 .text.SPI_EndRxTransaction
                0x0000000008003f18       0x7a ./Drivers/STM32F0xx_HAL_Driver/Src/stm32f0xx_hal_spi.o
 .text.SPI_EndRxTxTransaction
                0x0000000008003f92       0x46 ./Drivers/STM32F0xx_HAL_Driver/Src/stm32f0xx_hal_spi.o
 .text.HAL_SPI_Init
                0x0000000008003fd8       0xf0 ./Drivers/STM32F0xx_HAL_Driver/Src/stm32f0xx_hal_spi.o
                0x0000000008003fd8                HAL_SPI_Init
 .text.HAL_SPI_DeInit
                0x00000000080040c8       0x2e ./Drivers/STM32F0xx_HAL_Driver/Src/stm32f0xx_hal_spi.o
                0x00000000080040c8                HAL_SPI_DeInit
 .text.HAL_SPI_Transmit
                0x00000000080040f6      0x17a ./Drivers/STM32F0xx_HAL_Driver/Src/stm32f0xx_hal_spi.o
                0x00000000080040f6                HAL_SPI_Transmit
 .text.HAL_SPI_TransmitReceive
                0x0000000008004270      0x20c ./Drivers/STM32F0xx_HAL_Driver/Src/stm32f0xx_hal_spi.o
                0x0000000008004270                HAL_SPI_TransmitReceive
 .text.HAL_SPI_Receive
                0x000000000800447c      0x178 ./Drivers/STM32F0xx_HAL_Driver/Src/stm32f0xx_hal_spi.o
                0x000000000800447c                HAL_SPI_Receive
 .text.HAL_SPI_ErrorCallback
                0x00000000080045f4        0x2 ./Drivers/STM32F0xx_HAL_Driver/Src/stm32f0xx_hal_spi.o
                0x00000000080045f4                HAL_SPI_ErrorCallback
 *fill*         0x00000000080045f6        0x2 
 .text.HAL_SPI_IRQHandler
                0x00000000080045f8      0x120 ./Drivers/STM32F0xx_HAL_Driver/Src/stm32f0xx_hal_spi.o
                0x00000000080045f8                HAL_SPI_IRQHandler
 .text.SPI_DMAAbortOnError
                0x0000000008004718       0x14 ./Drivers/STM32F0xx_HAL_Driver/Src/stm32f0xx_hal_spi.o
 .text.HAL_TIM_Base_MspInit
                0x000000000800472c        0x2 ./Drivers/STM32F0xx_HAL_Driver/Src/stm32f0xx_hal_tim.o
                0x000000000800472c                HAL_TIM_Base_MspInit
 *fill*         0x000000000800472e        0x2 
 .text.HAL_TIM_Base_Start_IT
                0x0000000008004730       0x58 ./Drivers/STM32F0xx_HAL_Driver/Src/stm32f0xx_hal_tim.o
                0x0000000008004730                HAL_TIM_Base_Start_IT
 .text.HAL_TIM_OC_DelayElapsedCallback
                0x0000000008004788        0x2 ./Drivers/STM32F0xx_HAL_Driver/Src/stm32f0xx_hal_tim.o
                0x0000000008004788                HAL_TIM_OC_DelayElapsedCallback
 .text.HAL_TIM_IC_CaptureCallback
                0x000000000800478a        0x2 ./Drivers/STM32F0xx_HAL_Driver/Src/stm32f0xx_hal_tim.o
                0x000000000800478a                HAL_TIM_IC_CaptureCallback
 .text.HAL_TIM_PWM_PulseFinishedCallback
                0x000000000800478c        0x2 ./Drivers/STM32F0xx_HAL_Driver/Src/stm32f0xx_hal_tim.o
                0x000000000800478c                HAL_TIM_PWM_PulseFinishedCallback
 .text.HAL_TIM_TriggerCallback
                0x000000000800478e        0x2 ./Drivers/STM32F0xx_HAL_Driver/Src/stm32f0xx_hal_tim.o
                0x000000000800478e                HAL_TIM_TriggerCallback
 .text.HAL_TIM_IRQHandler
                0x0000000008004790      0x148 ./Drivers/STM32F0xx_HAL_Driver/Src/stm32f0xx_hal_tim.o
                0x0000000008004790                HAL_TIM_IRQHandler
 .text.TIM_Base_SetConfig
                0x00000000080048d8       0x90 ./Drivers/STM32F0xx_HAL_Driver/Src/stm32f0xx_hal_tim.o
                0x00000000080048d8                TIM_Base_SetConfig
 .text.HAL_TIM_Base_Init
                0x0000000008004968       0x50 ./Drivers/STM32F0xx_HAL_Driver/Src/stm32f0xx_hal_tim.o
                0x0000000008004968                HAL_TIM_Base_Init
 .text.HAL_TIMEx_CommutCallback
                0x00000000080049b8        0x2 ./Drivers/STM32F0xx_HAL_Driver/Src/stm32f0xx_hal_tim_ex.o
                0x00000000080049b8                HAL_TIMEx_CommutCallback
 .text.HAL_TIMEx_BreakCallback
                0x00000000080049ba        0x2 ./Drivers/STM32F0xx_HAL_Driver/Src/stm32f0xx_hal_tim_ex.o
                0x00000000080049ba                HAL_TIMEx_BreakCallback
 .text.USB_EnableGlobalInt
                0x00000000080049bc       0x14 ./Drivers/STM32F0xx_HAL_Driver/Src/stm32f0xx_ll_usb.o
                0x00000000080049bc                USB_EnableGlobalInt
 .text.USB_DisableGlobalInt
                0x00000000080049d0       0x14 ./Drivers/STM32F0xx_HAL_Driver/Src/stm32f0xx_ll_usb.o
                0x00000000080049d0                USB_DisableGlobalInt
 .text.USB_DevInit
                0x00000000080049e4       0x26 ./Drivers/STM32F0xx_HAL_Driver/Src/stm32f0xx_ll_usb.o
                0x00000000080049e4                USB_DevInit
 *fill*         0x0000000008004a0a        0x2 
 .text.USB_ActivateEndpoint
                0x0000000008004a0c      0x27c ./Drivers/STM32F0xx_HAL_Driver/Src/stm32f0xx_ll_usb.o
                0x0000000008004a0c                USB_ActivateEndpoint
 .text.USB_DeactivateEndpoint
                0x0000000008004c88      0x12c ./Drivers/STM32F0xx_HAL_Driver/Src/stm32f0xx_ll_usb.o
                0x0000000008004c88                USB_DeactivateEndpoint
 .text.USB_EPSetStall
                0x0000000008004db4       0x3c ./Drivers/STM32F0xx_HAL_Driver/Src/stm32f0xx_ll_usb.o
                0x0000000008004db4                USB_EPSetStall
 .text.USB_EPClearStall
                0x0000000008004df0       0x84 ./Drivers/STM32F0xx_HAL_Driver/Src/stm32f0xx_ll_usb.o
                0x0000000008004df0                USB_EPClearStall
 .text.USB_SetDevAddress
                0x0000000008004e74        0xe ./Drivers/STM32F0xx_HAL_Driver/Src/stm32f0xx_ll_usb.o
                0x0000000008004e74                USB_SetDevAddress
 .text.USB_DevConnect
                0x0000000008004e82       0x10 ./Drivers/STM32F0xx_HAL_Driver/Src/stm32f0xx_ll_usb.o
                0x0000000008004e82                USB_DevConnect
 .text.USB_ReadInterrupts
                0x0000000008004e92        0x8 ./Drivers/STM32F0xx_HAL_Driver/Src/stm32f0xx_ll_usb.o
                0x0000000008004e92                USB_ReadInterrupts
 .text.USB_WritePMA
                0x0000000008004e9a       0x2a ./Drivers/STM32F0xx_HAL_Driver/Src/stm32f0xx_ll_usb.o
                0x0000000008004e9a                USB_WritePMA
 .text.USB_EPStartXfer
                0x0000000008004ec4      0x554 ./Drivers/STM32F0xx_HAL_Driver/Src/stm32f0xx_ll_usb.o
                0x0000000008004ec4                USB_EPStartXfer
 .text.USB_ReadPMA
                0x0000000008005418       0x38 ./Drivers/STM32F0xx_HAL_Driver/Src/stm32f0xx_ll_usb.o
                0x0000000008005418                USB_ReadPMA
 .text.USBD_CDC_EP0_RxReady
                0x0000000008005450       0x34 ./Middlewares/ST/STM32_USB_Device_Library/Class/CDC/Src/usbd_cdc.o
 .text.USBD_CDC_GetFSCfgDesc
                0x0000000008005484        0xc ./Middlewares/ST/STM32_USB_Device_Library/Class/CDC/Src/usbd_cdc.o
 .text.USBD_CDC_GetHSCfgDesc
                0x0000000008005490        0xc ./Middlewares/ST/STM32_USB_Device_Library/Class/CDC/Src/usbd_cdc.o
 .text.USBD_CDC_GetOtherSpeedCfgDesc
                0x000000000800549c        0xc ./Middlewares/ST/STM32_USB_Device_Library/Class/CDC/Src/usbd_cdc.o
 .text.USBD_CDC_GetDeviceQualifierDescriptor
                0x00000000080054a8        0xc ./Middlewares/ST/STM32_USB_Device_Library/Class/CDC/Src/usbd_cdc.o
                0x00000000080054a8                USBD_CDC_GetDeviceQualifierDescriptor
 .text.USBD_CDC_DataOut
                0x00000000080054b4       0x34 ./Middlewares/ST/STM32_USB_Device_Library/Class/CDC/Src/usbd_cdc.o
 .text.USBD_CDC_DataIn
                0x00000000080054e8       0x54 ./Middlewares/ST/STM32_USB_Device_Library/Class/CDC/Src/usbd_cdc.o
 .text.USBD_CDC_Setup
                0x000000000800553c       0xc8 ./Middlewares/ST/STM32_USB_Device_Library/Class/CDC/Src/usbd_cdc.o
 .text.USBD_CDC_DeInit
                0x0000000008005604       0x46 ./Middlewares/ST/STM32_USB_Device_Library/Class/CDC/Src/usbd_cdc.o
 .text.USBD_CDC_Init
                0x000000000800564a       0xa4 ./Middlewares/ST/STM32_USB_Device_Library/Class/CDC/Src/usbd_cdc.o
 .text.USBD_CDC_RegisterInterface
                0x00000000080056ee       0x12 ./Middlewares/ST/STM32_USB_Device_Library/Class/CDC/Src/usbd_cdc.o
                0x00000000080056ee                USBD_CDC_RegisterInterface
 .text.USBD_CDC_SetTxBuffer
                0x0000000008005700       0x16 ./Middlewares/ST/STM32_USB_Device_Library/Class/CDC/Src/usbd_cdc.o
                0x0000000008005700                USBD_CDC_SetTxBuffer
 .text.USBD_CDC_SetRxBuffer
                0x0000000008005716        0xe ./Middlewares/ST/STM32_USB_Device_Library/Class/CDC/Src/usbd_cdc.o
                0x0000000008005716                USBD_CDC_SetRxBuffer
 .text.USBD_CDC_TransmitPacket
                0x0000000008005724       0x38 ./Middlewares/ST/STM32_USB_Device_Library/Class/CDC/Src/usbd_cdc.o
                0x0000000008005724                USBD_CDC_TransmitPacket
 .text.USBD_CDC_ReceivePacket
                0x000000000800575c       0x34 ./Middlewares/ST/STM32_USB_Device_Library/Class/CDC/Src/usbd_cdc.o
                0x000000000800575c                USBD_CDC_ReceivePacket
 .text.USBD_Init
                0x0000000008005790       0x34 ./Middlewares/ST/STM32_USB_Device_Library/Core/Src/usbd_core.o
                0x0000000008005790                USBD_Init
 .text.USBD_RegisterClass
                0x00000000080057c4       0x12 ./Middlewares/ST/STM32_USB_Device_Library/Core/Src/usbd_core.o
                0x00000000080057c4                USBD_RegisterClass
 .text.USBD_Start
                0x00000000080057d6        0xa ./Middlewares/ST/STM32_USB_Device_Library/Core/Src/usbd_core.o
                0x00000000080057d6                USBD_Start
 .text.USBD_SetClassConfig
                0x00000000080057e0       0x1a ./Middlewares/ST/STM32_USB_Device_Library/Core/Src/usbd_core.o
                0x00000000080057e0                USBD_SetClassConfig
 .text.USBD_ClrClassConfig
                0x00000000080057fa       0x10 ./Middlewares/ST/STM32_USB_Device_Library/Core/Src/usbd_core.o
                0x00000000080057fa                USBD_ClrClassConfig
 *fill*         0x000000000800580a        0x2 
 .text.USBD_LL_SetupStage
                0x000000000800580c       0x64 ./Middlewares/ST/STM32_USB_Device_Library/Core/Src/usbd_core.o
                0x000000000800580c                USBD_LL_SetupStage
 .text.USBD_LL_DataOutStage
                0x0000000008005870       0x8c ./Middlewares/ST/STM32_USB_Device_Library/Core/Src/usbd_core.o
                0x0000000008005870                USBD_LL_DataOutStage
 .text.USBD_LL_DataInStage
                0x00000000080058fc       0xca ./Middlewares/ST/STM32_USB_Device_Library/Core/Src/usbd_core.o
                0x00000000080058fc                USBD_LL_DataInStage
 .text.USBD_LL_Reset
                0x00000000080059c6       0x54 ./Middlewares/ST/STM32_USB_Device_Library/Core/Src/usbd_core.o
                0x00000000080059c6                USBD_LL_Reset
 .text.USBD_LL_SetSpeed
                0x0000000008005a1a        0x6 ./Middlewares/ST/STM32_USB_Device_Library/Core/Src/usbd_core.o
                0x0000000008005a1a                USBD_LL_SetSpeed
 .text.USBD_LL_Suspend
                0x0000000008005a20       0x18 ./Middlewares/ST/STM32_USB_Device_Library/Core/Src/usbd_core.o
                0x0000000008005a20                USBD_LL_Suspend
 .text.USBD_LL_Resume
                0x0000000008005a38       0x18 ./Middlewares/ST/STM32_USB_Device_Library/Core/Src/usbd_core.o
                0x0000000008005a38                USBD_LL_Resume
 .text.USBD_LL_SOF
                0x0000000008005a50       0x1e ./Middlewares/ST/STM32_USB_Device_Library/Core/Src/usbd_core.o
                0x0000000008005a50                USBD_LL_SOF
 .text.USBD_CtlError.constprop.0
                0x0000000008005a6e       0x14 ./Middlewares/ST/STM32_USB_Device_Library/Core/Src/usbd_ctlreq.o
 *fill*         0x0000000008005a82        0x2 
 .text.USBD_StdDevReq
                0x0000000008005a84      0x26c ./Middlewares/ST/STM32_USB_Device_Library/Core/Src/usbd_ctlreq.o
                0x0000000008005a84                USBD_StdDevReq
 .text.USBD_StdItfReq
                0x0000000008005cf0       0x50 ./Middlewares/ST/STM32_USB_Device_Library/Core/Src/usbd_ctlreq.o
                0x0000000008005cf0                USBD_StdItfReq
 .text.USBD_StdEPReq
                0x0000000008005d40      0x12c ./Middlewares/ST/STM32_USB_Device_Library/Core/Src/usbd_ctlreq.o
                0x0000000008005d40                USBD_StdEPReq
 .text.USBD_ParseSetupRequest
                0x0000000008005e6c       0x28 ./Middlewares/ST/STM32_USB_Device_Library/Core/Src/usbd_ctlreq.o
                0x0000000008005e6c                USBD_ParseSetupRequest
 .text.USBD_CtlError
                0x0000000008005e94       0x14 ./Middlewares/ST/STM32_USB_Device_Library/Core/Src/usbd_ctlreq.o
                0x0000000008005e94                USBD_CtlError
 .text.USBD_GetString
                0x0000000008005ea8       0x3c ./Middlewares/ST/STM32_USB_Device_Library/Core/Src/usbd_ctlreq.o
                0x0000000008005ea8                USBD_GetString
 .text.USBD_CtlSendData
                0x0000000008005ee4       0x1c ./Middlewares/ST/STM32_USB_Device_Library/Core/Src/usbd_ioreq.o
                0x0000000008005ee4                USBD_CtlSendData
 .text.USBD_CtlContinueSendData
                0x0000000008005f00       0x10 ./Middlewares/ST/STM32_USB_Device_Library/Core/Src/usbd_ioreq.o
                0x0000000008005f00                USBD_CtlContinueSendData
 .text.USBD_CtlPrepareRx
                0x0000000008005f10       0x20 ./Middlewares/ST/STM32_USB_Device_Library/Core/Src/usbd_ioreq.o
                0x0000000008005f10                USBD_CtlPrepareRx
 .text.USBD_CtlContinueRx
                0x0000000008005f30       0x10 ./Middlewares/ST/STM32_USB_Device_Library/Core/Src/usbd_ioreq.o
                0x0000000008005f30                USBD_CtlContinueRx
 .text.USBD_CtlSendStatus
                0x0000000008005f40       0x18 ./Middlewares/ST/STM32_USB_Device_Library/Core/Src/usbd_ioreq.o
                0x0000000008005f40                USBD_CtlSendStatus
 .text.USBD_CtlReceiveStatus
                0x0000000008005f58       0x18 ./Middlewares/ST/STM32_USB_Device_Library/Core/Src/usbd_ioreq.o
                0x0000000008005f58                USBD_CtlReceiveStatus
 .text.MX_USB_DEVICE_Init
                0x0000000008005f70       0x58 ./USB_DEVICE/App/usb_device.o
                0x0000000008005f70                MX_USB_DEVICE_Init
 .text.CDC_DeInit_FS
                0x0000000008005fc8        0x4 ./USB_DEVICE/App/usbd_cdc_if.o
 .text.CDC_Control_FS
                0x0000000008005fcc        0x4 ./USB_DEVICE/App/usbd_cdc_if.o
 .text.CDC_Receive_FS
                0x0000000008005fd0       0x24 ./USB_DEVICE/App/usbd_cdc_if.o
 .text.CDC_Init_FS
                0x0000000008005ff4       0x28 ./USB_DEVICE/App/usbd_cdc_if.o
 .text.CDC_Transmit_FS
                0x000000000800601c       0x2c ./USB_DEVICE/App/usbd_cdc_if.o
                0x000000000800601c                CDC_Transmit_FS
 .text.USBD_FS_DeviceDescriptor
                0x0000000008006048        0xc ./USB_DEVICE/App/usbd_desc.o
                0x0000000008006048                USBD_FS_DeviceDescriptor
 .text.USBD_FS_LangIDStrDescriptor
                0x0000000008006054        0xc ./USB_DEVICE/App/usbd_desc.o
                0x0000000008006054                USBD_FS_LangIDStrDescriptor
 .text.IntToUnicode
                0x0000000008006060       0x24 ./USB_DEVICE/App/usbd_desc.o
 .text.USBD_FS_SerialStrDescriptor
                0x0000000008006084       0x44 ./USB_DEVICE/App/usbd_desc.o
                0x0000000008006084                USBD_FS_SerialStrDescriptor
 .text.USBD_FS_ManufacturerStrDescriptor
                0x00000000080060c8       0x1c ./USB_DEVICE/App/usbd_desc.o
                0x00000000080060c8                USBD_FS_ManufacturerStrDescriptor
 .text.USBD_FS_ProductStrDescriptor
                0x00000000080060e4       0x1c ./USB_DEVICE/App/usbd_desc.o
                0x00000000080060e4                USBD_FS_ProductStrDescriptor
 .text.USBD_FS_ConfigStrDescriptor
                0x0000000008006100       0x1c ./USB_DEVICE/App/usbd_desc.o
                0x0000000008006100                USBD_FS_ConfigStrDescriptor
 .text.USBD_FS_InterfaceStrDescriptor
                0x000000000800611c       0x1c ./USB_DEVICE/App/usbd_desc.o
                0x000000000800611c                USBD_FS_InterfaceStrDescriptor
 .text.HAL_PCD_MspInit
                0x0000000008006138       0x38 ./USB_DEVICE/Target/usbd_conf.o
                0x0000000008006138                HAL_PCD_MspInit
 .text.HAL_PCD_SetupStageCallback
                0x0000000008006170       0x12 ./USB_DEVICE/Target/usbd_conf.o
                0x0000000008006170                HAL_PCD_SetupStageCallback
 .text.HAL_PCD_DataOutStageCallback
                0x0000000008006182       0x1a ./USB_DEVICE/Target/usbd_conf.o
                0x0000000008006182                HAL_PCD_DataOutStageCallback
 .text.HAL_PCD_DataInStageCallback
                0x000000000800619c       0x16 ./USB_DEVICE/Target/usbd_conf.o
                0x000000000800619c                HAL_PCD_DataInStageCallback
 .text.HAL_PCD_SOFCallback
                0x00000000080061b2        0xe ./USB_DEVICE/Target/usbd_conf.o
                0x00000000080061b2                HAL_PCD_SOFCallback
 .text.HAL_PCD_ResetCallback
                0x00000000080061c0       0x22 ./USB_DEVICE/Target/usbd_conf.o
                0x00000000080061c0                HAL_PCD_ResetCallback
 *fill*         0x00000000080061e2        0x2 
 .text.HAL_PCD_SuspendCallback
                0x00000000080061e4       0x24 ./USB_DEVICE/Target/usbd_conf.o
                0x00000000080061e4                HAL_PCD_SuspendCallback
 .text.HAL_PCD_ResumeCallback
                0x0000000008006208       0x28 ./USB_DEVICE/Target/usbd_conf.o
                0x0000000008006208                HAL_PCD_ResumeCallback
 .text.USBD_LL_Init
                0x0000000008006230       0x80 ./USB_DEVICE/Target/usbd_conf.o
                0x0000000008006230                USBD_LL_Init
 .text.USBD_LL_Start
                0x00000000080062b0       0x20 ./USB_DEVICE/Target/usbd_conf.o
                0x00000000080062b0                USBD_LL_Start
 .text.USBD_LL_OpenEP
                0x00000000080062d0       0x24 ./USB_DEVICE/Target/usbd_conf.o
                0x00000000080062d0                USBD_LL_OpenEP
 .text.USBD_LL_CloseEP
                0x00000000080062f4       0x20 ./USB_DEVICE/Target/usbd_conf.o
                0x00000000080062f4                USBD_LL_CloseEP
 .text.USBD_LL_StallEP
                0x0000000008006314       0x20 ./USB_DEVICE/Target/usbd_conf.o
                0x0000000008006314                USBD_LL_StallEP
 .text.USBD_LL_ClearStallEP
                0x0000000008006334       0x20 ./USB_DEVICE/Target/usbd_conf.o
                0x0000000008006334                USBD_LL_ClearStallEP
 .text.USBD_LL_IsStallEP
                0x0000000008006354       0x2a ./USB_DEVICE/Target/usbd_conf.o
                0x0000000008006354                USBD_LL_IsStallEP
 *fill*         0x000000000800637e        0x2 
 .text.USBD_LL_SetUSBAddress
                0x0000000008006380       0x20 ./USB_DEVICE/Target/usbd_conf.o
                0x0000000008006380                USBD_LL_SetUSBAddress
 .text.USBD_LL_Transmit
                0x00000000080063a0       0x20 ./USB_DEVICE/Target/usbd_conf.o
                0x00000000080063a0                USBD_LL_Transmit
 .text.USBD_LL_PrepareReceive
                0x00000000080063c0       0x20 ./USB_DEVICE/Target/usbd_conf.o
                0x00000000080063c0                USBD_LL_PrepareReceive
 .text.USBD_LL_GetRxDataSize
                0x00000000080063e0        0xe ./USB_DEVICE/Target/usbd_conf.o
                0x00000000080063e0                USBD_LL_GetRxDataSize
 *fill*         0x00000000080063ee        0x2 
 .text.USBD_static_malloc
                0x00000000080063f0        0x8 ./USB_DEVICE/Target/usbd_conf.o
                0x00000000080063f0                USBD_static_malloc
 .text.USBD_static_free
                0x00000000080063f8        0x2 ./USB_DEVICE/Target/usbd_conf.o
                0x00000000080063f8                USBD_static_free
 .text.atoi     0x00000000080063fa        0xc c:/st/stm32cubeide_1.7.0/stm32cubeide/plugins/com.st.stm32cube.ide.mcu.externaltools.gnu-tools-for-stm32.9-2020-q2-update.win32_2.0.0.202105311346/tools/bin/../lib/gcc/arm-none-eabi/9.3.1/../../../../arm-none-eabi/lib/thumb/v6-m/nofp\libc_nano.a(lib_a-atoi.o)
                0x00000000080063fa                atoi
 *fill*         0x0000000008006406        0x2 
 .text.__errno  0x0000000008006408        0xc c:/st/stm32cubeide_1.7.0/stm32cubeide/plugins/com.st.stm32cube.ide.mcu.externaltools.gnu-tools-for-stm32.9-2020-q2-update.win32_2.0.0.202105311346/tools/bin/../lib/gcc/arm-none-eabi/9.3.1/../../../../arm-none-eabi/lib/thumb/v6-m/nofp\libc_nano.a(lib_a-errno.o)
                0x0000000008006408                __errno
 .text.__libc_init_array
                0x0000000008006414       0x48 c:/st/stm32cubeide_1.7.0/stm32cubeide/plugins/com.st.stm32cube.ide.mcu.externaltools.gnu-tools-for-stm32.9-2020-q2-update.win32_2.0.0.202105311346/tools/bin/../lib/gcc/arm-none-eabi/9.3.1/../../../../arm-none-eabi/lib/thumb/v6-m/nofp\libc_nano.a(lib_a-init.o)
                0x0000000008006414                __libc_init_array
 .text.memcpy   0x000000000800645c       0x12 c:/st/stm32cubeide_1.7.0/stm32cubeide/plugins/com.st.stm32cube.ide.mcu.externaltools.gnu-tools-for-stm32.9-2020-q2-update.win32_2.0.0.202105311346/tools/bin/../lib/gcc/arm-none-eabi/9.3.1/../../../../arm-none-eabi/lib/thumb/v6-m/nofp\libc_nano.a(lib_a-memcpy-stub.o)
                0x000000000800645c                memcpy
 .text.memset   0x000000000800646e       0x10 c:/st/stm32cubeide_1.7.0/stm32cubeide/plugins/com.st.stm32cube.ide.mcu.externaltools.gnu-tools-for-stm32.9-2020-q2-update.win32_2.0.0.202105311346/tools/bin/../lib/gcc/arm-none-eabi/9.3.1/../../../../arm-none-eabi/lib/thumb/v6-m/nofp\libc_nano.a(lib_a-memset.o)
                0x000000000800646e                memset
 *fill*         0x000000000800647e        0x2 
 .text.sprintf  0x0000000008006480       0x40 c:/st/stm32cubeide_1.7.0/stm32cubeide/plugins/com.st.stm32cube.ide.mcu.externaltools.gnu-tools-for-stm32.9-2020-q2-update.win32_2.0.0.202105311346/tools/bin/../lib/gcc/arm-none-eabi/9.3.1/../../../../arm-none-eabi/lib/thumb/v6-m/nofp\libc_nano.a(lib_a-sprintf.o)
                0x0000000008006480                siprintf
                0x0000000008006480                sprintf
 .text.strcpy   0x00000000080064c0       0x10 c:/st/stm32cubeide_1.7.0/stm32cubeide/plugins/com.st.stm32cube.ide.mcu.externaltools.gnu-tools-for-stm32.9-2020-q2-update.win32_2.0.0.202105311346/tools/bin/../lib/gcc/arm-none-eabi/9.3.1/../../../../arm-none-eabi/lib/thumb/v6-m/nofp\libc_nano.a(lib_a-strcpy.o)
                0x00000000080064c0                strcpy
 .text._strtol_l.isra.0
                0x00000000080064d0      0x11c c:/st/stm32cubeide_1.7.0/stm32cubeide/plugins/com.st.stm32cube.ide.mcu.externaltools.gnu-tools-for-stm32.9-2020-q2-update.win32_2.0.0.202105311346/tools/bin/../lib/gcc/arm-none-eabi/9.3.1/../../../../arm-none-eabi/lib/thumb/v6-m/nofp\libc_nano.a(lib_a-strtol.o)
 .text.strtol   0x00000000080065ec       0x18 c:/st/stm32cubeide_1.7.0/stm32cubeide/plugins/com.st.stm32cube.ide.mcu.externaltools.gnu-tools-for-stm32.9-2020-q2-update.win32_2.0.0.202105311346/tools/bin/../lib/gcc/arm-none-eabi/9.3.1/../../../../arm-none-eabi/lib/thumb/v6-m/nofp\libc_nano.a(lib_a-strtol.o)
                0x00000000080065ec                strtol
 .text.__ssputs_r
                0x0000000008006604       0xc4 c:/st/stm32cubeide_1.7.0/stm32cubeide/plugins/com.st.stm32cube.ide.mcu.externaltools.gnu-tools-for-stm32.9-2020-q2-update.win32_2.0.0.202105311346/tools/bin/../lib/gcc/arm-none-eabi/9.3.1/../../../../arm-none-eabi/lib/thumb/v6-m/nofp\libc_nano.a(lib_a-nano-svfprintf.o)
                0x0000000008006604                __ssputs_r
 .text._svfprintf_r
                0x00000000080066c8      0x200 c:/st/stm32cubeide_1.7.0/stm32cubeide/plugins/com.st.stm32cube.ide.mcu.externaltools.gnu-tools-for-stm32.9-2020-q2-update.win32_2.0.0.202105311346/tools/bin/../lib/gcc/arm-none-eabi/9.3.1/../../../../arm-none-eabi/lib/thumb/v6-m/nofp\libc_nano.a(lib_a-nano-svfprintf.o)
                0x00000000080066c8                _svfiprintf_r
                0x00000000080066c8                _svfprintf_r
 .text._printf_common
                0x00000000080068c8       0xde c:/st/stm32cubeide_1.7.0/stm32cubeide/plugins/com.st.stm32cube.ide.mcu.externaltools.gnu-tools-for-stm32.9-2020-q2-update.win32_2.0.0.202105311346/tools/bin/../lib/gcc/arm-none-eabi/9.3.1/../../../../arm-none-eabi/lib/thumb/v6-m/nofp\libc_nano.a(lib_a-nano-vfprintf_i.o)
                0x00000000080068c8                _printf_common
 *fill*         0x00000000080069a6        0x2 
 .text._printf_i
                0x00000000080069a8      0x224 c:/st/stm32cubeide_1.7.0/stm32cubeide/plugins/com.st.stm32cube.ide.mcu.externaltools.gnu-tools-for-stm32.9-2020-q2-update.win32_2.0.0.202105311346/tools/bin/../lib/gcc/arm-none-eabi/9.3.1/../../../../arm-none-eabi/lib/thumb/v6-m/nofp\libc_nano.a(lib_a-nano-vfprintf_i.o)
                0x00000000080069a8                _printf_i
 .text.memchr   0x0000000008006bcc       0x16 c:/st/stm32cubeide_1.7.0/stm32cubeide/plugins/com.st.stm32cube.ide.mcu.externaltools.gnu-tools-for-stm32.9-2020-q2-update.win32_2.0.0.202105311346/tools/bin/../lib/gcc/arm-none-eabi/9.3.1/../../../../arm-none-eabi/lib/thumb/v6-m/nofp\libc_nano.a(lib_a-memchr-stub.o)
                0x0000000008006bcc                memchr
 .text.memmove  0x0000000008006be2       0x26 c:/st/stm32cubeide_1.7.0/stm32cubeide/plugins/com.st.stm32cube.ide.mcu.externaltools.gnu-tools-for-stm32.9-2020-q2-update.win32_2.0.0.202105311346/tools/bin/../lib/gcc/arm-none-eabi/9.3.1/../../../../arm-none-eabi/lib/thumb/v6-m/nofp\libc_nano.a(lib_a-memmove.o)
                0x0000000008006be2                memmove
 .text._free_r  0x0000000008006c08       0x94 c:/st/stm32cubeide_1.7.0/stm32cubeide/plugins/com.st.stm32cube.ide.mcu.externaltools.gnu-tools-for-stm32.9-2020-q2-update.win32_2.0.0.202105311346/tools/bin/../lib/gcc/arm-none-eabi/9.3.1/../../../../arm-none-eabi/lib/thumb/v6-m/nofp\libc_nano.a(lib_a-nano-freer.o)
                0x0000000008006c08                _free_r
 .text._malloc_r
                0x0000000008006c9c       0xbc c:/st/stm32cubeide_1.7.0/stm32cubeide/plugins/com.st.stm32cube.ide.mcu.externaltools.gnu-tools-for-stm32.9-2020-q2-update.win32_2.0.0.202105311346/tools/bin/../lib/gcc/arm-none-eabi/9.3.1/../../../../arm-none-eabi/lib/thumb/v6-m/nofp\libc_nano.a(lib_a-nano-mallocr.o)
                0x0000000008006c9c                _malloc_r
 .text._realloc_r
                0x0000000008006d58       0x4c c:/st/stm32cubeide_1.7.0/stm32cubeide/plugins/com.st.stm32cube.ide.mcu.externaltools.gnu-tools-for-stm32.9-2020-q2-update.win32_2.0.0.202105311346/tools/bin/../lib/gcc/arm-none-eabi/9.3.1/../../../../arm-none-eabi/lib/thumb/v6-m/nofp\libc_nano.a(lib_a-nano-reallocr.o)
                0x0000000008006d58                _realloc_r
 .text._sbrk_r  0x0000000008006da4       0x24 c:/st/stm32cubeide_1.7.0/stm32cubeide/plugins/com.st.stm32cube.ide.mcu.externaltools.gnu-tools-for-stm32.9-2020-q2-update.win32_2.0.0.202105311346/tools/bin/../lib/gcc/arm-none-eabi/9.3.1/../../../../arm-none-eabi/lib/thumb/v6-m/nofp\libc_nano.a(lib_a-sbrkr.o)
                0x0000000008006da4                _sbrk_r
 .text.__malloc_lock
                0x0000000008006dc8       0x10 c:/st/stm32cubeide_1.7.0/stm32cubeide/plugins/com.st.stm32cube.ide.mcu.externaltools.gnu-tools-for-stm32.9-2020-q2-update.win32_2.0.0.202105311346/tools/bin/../lib/gcc/arm-none-eabi/9.3.1/../../../../arm-none-eabi/lib/thumb/v6-m/nofp\libc_nano.a(lib_a-mlock.o)
                0x0000000008006dc8                __malloc_lock
 .text.__malloc_unlock
                0x0000000008006dd8       0x10 c:/st/stm32cubeide_1.7.0/stm32cubeide/plugins/com.st.stm32cube.ide.mcu.externaltools.gnu-tools-for-stm32.9-2020-q2-update.win32_2.0.0.202105311346/tools/bin/../lib/gcc/arm-none-eabi/9.3.1/../../../../arm-none-eabi/lib/thumb/v6-m/nofp\libc_nano.a(lib_a-mlock.o)
                0x0000000008006dd8                __malloc_unlock
 .text._malloc_usable_size_r
                0x0000000008006de8       0x10 c:/st/stm32cubeide_1.7.0/stm32cubeide/plugins/com.st.stm32cube.ide.mcu.externaltools.gnu-tools-for-stm32.9-2020-q2-update.win32_2.0.0.202105311346/tools/bin/../lib/gcc/arm-none-eabi/9.3.1/../../../../arm-none-eabi/lib/thumb/v6-m/nofp\libc_nano.a(lib_a-nano-msizer.o)
                0x0000000008006de8                _malloc_usable_size_r
 .text.__retarget_lock_acquire_recursive
                0x0000000008006df8        0x2 c:/st/stm32cubeide_1.7.0/stm32cubeide/plugins/com.st.stm32cube.ide.mcu.externaltools.gnu-tools-for-stm32.9-2020-q2-update.win32_2.0.0.202105311346/tools/bin/../lib/gcc/arm-none-eabi/9.3.1/../../../../arm-none-eabi/lib/thumb/v6-m/nofp\libc_nano.a(lib_a-lock.o)
                0x0000000008006df8                __retarget_lock_acquire_recursive
 .text.__retarget_lock_release_recursive
                0x0000000008006dfa        0x2 c:/st/stm32cubeide_1.7.0/stm32cubeide/plugins/com.st.stm32cube.ide.mcu.externaltools.gnu-tools-for-stm32.9-2020-q2-update.win32_2.0.0.202105311346/tools/bin/../lib/gcc/arm-none-eabi/9.3.1/../../../../arm-none-eabi/lib/thumb/v6-m/nofp\libc_nano.a(lib_a-lock.o)
                0x0000000008006dfa                __retarget_lock_release_recursive
 *(.glue_7)
 .glue_7        0x0000000008006dfc        0x0 linker stubs
 *(.glue_7t)
 .glue_7t       0x0000000008006dfc        0x0 linker stubs
 *(.eh_frame)
 .eh_frame      0x0000000008006dfc        0x0 c:/st/stm32cubeide_1.7.0/stm32cubeide/plugins/com.st.stm32cube.ide.mcu.externaltools.gnu-tools-for-stm32.9-2020-q2-update.win32_2.0.0.202105311346/tools/bin/../lib/gcc/arm-none-eabi/9.3.1/thumb/v6-m/nofp/crtbegin.o
 *(.init)
 .init          0x0000000008006dfc        0x4 c:/st/stm32cubeide_1.7.0/stm32cubeide/plugins/com.st.stm32cube.ide.mcu.externaltools.gnu-tools-for-stm32.9-2020-q2-update.win32_2.0.0.202105311346/tools/bin/../lib/gcc/arm-none-eabi/9.3.1/thumb/v6-m/nofp/crti.o
                0x0000000008006dfc                _init
 .init          0x0000000008006e00        0x8 c:/st/stm32cubeide_1.7.0/stm32cubeide/plugins/com.st.stm32cube.ide.mcu.externaltools.gnu-tools-for-stm32.9-2020-q2-update.win32_2.0.0.202105311346/tools/bin/../lib/gcc/arm-none-eabi/9.3.1/thumb/v6-m/nofp/crtn.o
 *(.fini)
 .fini          0x0000000008006e08        0x4 c:/st/stm32cubeide_1.7.0/stm32cubeide/plugins/com.st.stm32cube.ide.mcu.externaltools.gnu-tools-for-stm32.9-2020-q2-update.win32_2.0.0.202105311346/tools/bin/../lib/gcc/arm-none-eabi/9.3.1/thumb/v6-m/nofp/crti.o
                0x0000000008006e08                _fini
 .fini          0x0000000008006e0c        0x8 c:/st/stm32cubeide_1.7.0/stm32cubeide/plugins/com.st.stm32cube.ide.mcu.externaltools.gnu-tools-for-stm32.9-2020-q2-update.win32_2.0.0.202105311346/tools/bin/../lib/gcc/arm-none-eabi/9.3.1/thumb/v6-m/nofp/crtn.o
                0x0000000008006e14                . = ALIGN (0x4)
                0x0000000008006e14                _etext = .

.vfp11_veneer   0x0000000008006e14        0x0
 .vfp11_veneer  0x0000000008006e14        0x0 linker stubs

.v4_bx          0x0000000008006e14        0x0
 .v4_bx         0x0000000008006e14        0x0 linker stubs

.iplt           0x0000000008006e14        0x0
 .iplt          0x0000000008006e14        0x0 c:/st/stm32cubeide_1.7.0/stm32cubeide/plugins/com.st.stm32cube.ide.mcu.externaltools.gnu-tools-for-stm32.9-2020-q2-update.win32_2.0.0.202105311346/tools/bin/../lib/gcc/arm-none-eabi/9.3.1/thumb/v6-m/nofp/crtbegin.o

.rodata         0x0000000008006e14      0x5ac
                0x0000000008006e14                . = ALIGN (0x4)
 *(.rodata)
 *(.rodata*)
 .rodata.POST.str1.1
                0x0000000008006e14       0x58 ./Core/Src/POST.o
 .rodata.i2cSM.str1.1
                0x0000000008006e6c       0x2b ./Core/Src/i2cSlave.o
 .rodata.UART_putstrln.str1.1
                0x0000000008006e97       0x2b ./Core/Src/main.o
                                          0x3 (size before relaxing)
 .rodata.clearUartConsole.str1.1
                0x0000000008006e97        0x5 ./Core/Src/main.o
 .rodata.Error_Handler.str1.1
                0x0000000008006e9c        0xd ./Core/Src/main.o
 .rodata.UART_Con_Mash.str1.1
                0x0000000008006ea9       0xbf ./Core/Src/main.o
 .rodata.Xmodem_SPI.str1.1
                0x0000000008006f68       0x18 ./Core/Src/memory.o
 .rodata.FlashDump.str1.1
                0x0000000008006f80       0x18 ./Core/Src/memory.o
                                          0x5 (size before relaxing)
 .rodata.memoryMenu.str1.1
                0x0000000008006f80       0xb2 ./Core/Src/memory.o
 .rodata.checkPowerLevels.str1.1
                0x0000000008007032       0x36 ./Core/Src/power.o
 .rodata.BootMenu.str1.1
                0x0000000008007068       0x48 ./Core/Src/power.o
                                         0x4b (size before relaxing)
 .rodata.PowerSM.str1.1
                0x00000000080070b0       0x20 ./Core/Src/power.o
 .rodata.AHBPrescTable
                0x00000000080070d0       0x10 ./Core/Src/system_stm32f0xx.o
                0x00000000080070d0                AHBPrescTable
 .rodata.APBPrescTable
                0x00000000080070e0        0x8 ./Core/Src/system_stm32f0xx.o
                0x00000000080070e0                APBPrescTable
 .rodata.str1.1
                0x00000000080070e8      0x139 ./Core/Src/text.o
                                        0x14f (size before relaxing)
 .rodata.HAL_RCC_GetSysClockFreq.str1.1
                0x0000000008007221       0x22 ./Drivers/STM32F0xx_HAL_Driver/Src/stm32f0xx_hal_rcc.o
 .rodata.USBD_FS_ManufacturerStrDescriptor.str1.1
                0x0000000008007243       0x13 ./USB_DEVICE/App/usbd_desc.o
 .rodata.USBD_FS_ProductStrDescriptor.str1.1
                0x0000000008007256       0x16 ./USB_DEVICE/App/usbd_desc.o
 .rodata.USBD_FS_ConfigStrDescriptor.str1.1
                0x000000000800726c        0xb ./USB_DEVICE/App/usbd_desc.o
 .rodata.USBD_FS_InterfaceStrDescriptor.str1.1
                0x0000000008007277        0xe ./USB_DEVICE/App/usbd_desc.o
 .rodata.CSWTCH.3
                0x0000000008007285        0x4 ./USB_DEVICE/Target/usbd_conf.o
 .rodata._ctype_
                0x0000000008007289      0x101 c:/st/stm32cubeide_1.7.0/stm32cubeide/plugins/com.st.stm32cube.ide.mcu.externaltools.gnu-tools-for-stm32.9-2020-q2-update.win32_2.0.0.202105311346/tools/bin/../lib/gcc/arm-none-eabi/9.3.1/../../../../arm-none-eabi/lib/thumb/v6-m/nofp\libc_nano.a(lib_a-ctype_.o)
                0x0000000008007289                _ctype_
 .rodata._svfprintf_r.str1.1
                0x000000000800738a       0x11 c:/st/stm32cubeide_1.7.0/stm32cubeide/plugins/com.st.stm32cube.ide.mcu.externaltools.gnu-tools-for-stm32.9-2020-q2-update.win32_2.0.0.202105311346/tools/bin/../lib/gcc/arm-none-eabi/9.3.1/../../../../arm-none-eabi/lib/thumb/v6-m/nofp\libc_nano.a(lib_a-nano-svfprintf.o)
 .rodata._printf_i.str1.1
                0x000000000800739b       0x22 c:/st/stm32cubeide_1.7.0/stm32cubeide/plugins/com.st.stm32cube.ide.mcu.externaltools.gnu-tools-for-stm32.9-2020-q2-update.win32_2.0.0.202105311346/tools/bin/../lib/gcc/arm-none-eabi/9.3.1/../../../../arm-none-eabi/lib/thumb/v6-m/nofp\libc_nano.a(lib_a-nano-vfprintf_i.o)
                0x00000000080073c0                . = ALIGN (0x4)
 *fill*         0x00000000080073bd        0x3 

.rel.dyn        0x00000000080073c0        0x0
 .rel.iplt      0x00000000080073c0        0x0 c:/st/stm32cubeide_1.7.0/stm32cubeide/plugins/com.st.stm32cube.ide.mcu.externaltools.gnu-tools-for-stm32.9-2020-q2-update.win32_2.0.0.202105311346/tools/bin/../lib/gcc/arm-none-eabi/9.3.1/thumb/v6-m/nofp/crtbegin.o

.ARM.extab      0x00000000080073c0        0x0
                0x00000000080073c0                . = ALIGN (0x4)
 *(.ARM.extab* .gnu.linkonce.armextab.*)
                0x00000000080073c0                . = ALIGN (0x4)

.ARM            0x00000000080073c0        0x0
                0x00000000080073c0                . = ALIGN (0x4)
                0x00000000080073c0                __exidx_start = .
 *(.ARM.exidx*)
                0x00000000080073c0                __exidx_end = .
                0x00000000080073c0                . = ALIGN (0x4)

.preinit_array  0x00000000080073c0        0x0
                0x00000000080073c0                . = ALIGN (0x4)
                0x00000000080073c0                PROVIDE (__preinit_array_start = .)
 *(.preinit_array*)
                0x00000000080073c0                PROVIDE (__preinit_array_end = .)
                0x00000000080073c0                . = ALIGN (0x4)

.init_array     0x00000000080073c0        0x4
                0x00000000080073c0                . = ALIGN (0x4)
                0x00000000080073c0                PROVIDE (__init_array_start = .)
 *(SORT_BY_NAME(.init_array.*))
 *(.init_array*)
 .init_array    0x00000000080073c0        0x4 c:/st/stm32cubeide_1.7.0/stm32cubeide/plugins/com.st.stm32cube.ide.mcu.externaltools.gnu-tools-for-stm32.9-2020-q2-update.win32_2.0.0.202105311346/tools/bin/../lib/gcc/arm-none-eabi/9.3.1/thumb/v6-m/nofp/crtbegin.o
                0x00000000080073c4                PROVIDE (__init_array_end = .)
                0x00000000080073c4                . = ALIGN (0x4)

.fini_array     0x00000000080073c4        0x4
                0x00000000080073c4                . = ALIGN (0x4)
                [!provide]                        PROVIDE (__fini_array_start = .)
 *(SORT_BY_NAME(.fini_array.*))
 *(.fini_array*)
 .fini_array    0x00000000080073c4        0x4 c:/st/stm32cubeide_1.7.0/stm32cubeide/plugins/com.st.stm32cube.ide.mcu.externaltools.gnu-tools-for-stm32.9-2020-q2-update.win32_2.0.0.202105311346/tools/bin/../lib/gcc/arm-none-eabi/9.3.1/thumb/v6-m/nofp/crtbegin.o
                [!provide]                        PROVIDE (__fini_array_end = .)
                0x00000000080073c8                . = ALIGN (0x4)
                0x00000000080073c8                _sidata = LOADADDR (.data)

.data           0x0000000020000000      0x224 load address 0x00000000080073c8
                0x0000000020000000                . = ALIGN (0x4)
                0x0000000020000000                _sdata = .
 *(.data)
 *(.data*)
 .data.SystemCoreClock
                0x0000000020000000        0x4 ./Core/Src/system_stm32f0xx.o
                0x0000000020000000                SystemCoreClock
 .data.CS_STASTUS_LABELS
                0x0000000020000004       0x10 ./Core/Src/text.o
                0x0000000020000004                CS_STASTUS_LABELS
 .data.menu     0x0000000020000014       0x28 ./Core/Src/text.o
                0x0000000020000014                menu
 .data.text     0x000000002000003c       0x10 ./Core/Src/text.o
                0x000000002000003c                text
 .data.uwTickFreq
                0x000000002000004c        0x1 ./Drivers/STM32F0xx_HAL_Driver/Src/stm32f0xx_hal.o
                0x000000002000004c                uwTickFreq
 *fill*         0x000000002000004d        0x3 
 .data.USBD_CDC
                0x0000000020000050       0x38 ./Middlewares/ST/STM32_USB_Device_Library/Class/CDC/Src/usbd_cdc.o
                0x0000000020000050                USBD_CDC
 .data.USBD_CDC_CfgFSDesc
                0x0000000020000088       0x43 ./Middlewares/ST/STM32_USB_Device_Library/Class/CDC/Src/usbd_cdc.o
                0x0000000020000088                USBD_CDC_CfgFSDesc
 *fill*         0x00000000200000cb        0x1 
 .data.USBD_CDC_CfgHSDesc
                0x00000000200000cc       0x43 ./Middlewares/ST/STM32_USB_Device_Library/Class/CDC/Src/usbd_cdc.o
                0x00000000200000cc                USBD_CDC_CfgHSDesc
 *fill*         0x000000002000010f        0x1 
 .data.USBD_CDC_DeviceQualifierDesc
                0x0000000020000110        0xa ./Middlewares/ST/STM32_USB_Device_Library/Class/CDC/Src/usbd_cdc.o
 *fill*         0x000000002000011a        0x2 
 .data.USBD_CDC_OtherSpeedCfgDesc
                0x000000002000011c       0x43 ./Middlewares/ST/STM32_USB_Device_Library/Class/CDC/Src/usbd_cdc.o
                0x000000002000011c                USBD_CDC_OtherSpeedCfgDesc
 *fill*         0x000000002000015f        0x1 
 .data.USBD_Interface_fops_FS
                0x0000000020000160       0x10 ./USB_DEVICE/App/usbd_cdc_if.o
                0x0000000020000160                USBD_Interface_fops_FS
 .data.FS_Desc  0x0000000020000170       0x1c ./USB_DEVICE/App/usbd_desc.o
                0x0000000020000170                FS_Desc
 .data.USBD_FS_DeviceDesc
                0x000000002000018c       0x12 ./USB_DEVICE/App/usbd_desc.o
                0x000000002000018c                USBD_FS_DeviceDesc
 *fill*         0x000000002000019e        0x2 
 .data.USBD_LangIDDesc
                0x00000000200001a0        0x4 ./USB_DEVICE/App/usbd_desc.o
                0x00000000200001a0                USBD_LangIDDesc
 .data.USBD_StringSerial
                0x00000000200001a4       0x1a ./USB_DEVICE/App/usbd_desc.o
                0x00000000200001a4                USBD_StringSerial
 *fill*         0x00000000200001be        0x2 
 .data._impure_ptr
                0x00000000200001c0        0x4 c:/st/stm32cubeide_1.7.0/stm32cubeide/plugins/com.st.stm32cube.ide.mcu.externaltools.gnu-tools-for-stm32.9-2020-q2-update.win32_2.0.0.202105311346/tools/bin/../lib/gcc/arm-none-eabi/9.3.1/../../../../arm-none-eabi/lib/thumb/v6-m/nofp\libc_nano.a(lib_a-impure.o)
                0x00000000200001c0                _impure_ptr
 .data.impure_data
                0x00000000200001c4       0x60 c:/st/stm32cubeide_1.7.0/stm32cubeide/plugins/com.st.stm32cube.ide.mcu.externaltools.gnu-tools-for-stm32.9-2020-q2-update.win32_2.0.0.202105311346/tools/bin/../lib/gcc/arm-none-eabi/9.3.1/../../../../arm-none-eabi/lib/thumb/v6-m/nofp\libc_nano.a(lib_a-impure.o)
 *(.RamFunc)
 *(.RamFunc*)
                0x0000000020000224                . = ALIGN (0x4)
                0x0000000020000224                _edata = .

.igot.plt       0x0000000020000224        0x0 load address 0x00000000080075ec
 .igot.plt      0x0000000020000224        0x0 c:/st/stm32cubeide_1.7.0/stm32cubeide/plugins/com.st.stm32cube.ide.mcu.externaltools.gnu-tools-for-stm32.9-2020-q2-update.win32_2.0.0.202105311346/tools/bin/../lib/gcc/arm-none-eabi/9.3.1/thumb/v6-m/nofp/crtbegin.o
                0x0000000020000224                . = ALIGN (0x4)

.bss            0x0000000020000228     0x10a0 load address 0x00000000080075ec
                0x0000000020000228                _sbss = .
                0x0000000020000228                __bss_start__ = _sbss
 *(.bss)
 .bss           0x0000000020000228       0x1c c:/st/stm32cubeide_1.7.0/stm32cubeide/plugins/com.st.stm32cube.ide.mcu.externaltools.gnu-tools-for-stm32.9-2020-q2-update.win32_2.0.0.202105311346/tools/bin/../lib/gcc/arm-none-eabi/9.3.1/thumb/v6-m/nofp/crtbegin.o
 *(.bss*)
 .bss.__sbrk_heap_end
                0x0000000020000244        0x4 ./Core/Src/sysmem.o
 .bss.cfgidx.8592
                0x0000000020000248        0x1 ./Middlewares/ST/STM32_USB_Device_Library/Core/Src/usbd_ctlreq.o
 *fill*         0x0000000020000249        0x3 
 .bss.mem.8661  0x000000002000024c      0x220 ./USB_DEVICE/Target/usbd_conf.o
 .bss.__malloc_free_list
                0x000000002000046c        0x4 c:/st/stm32cubeide_1.7.0/stm32cubeide/plugins/com.st.stm32cube.ide.mcu.externaltools.gnu-tools-for-stm32.9-2020-q2-update.win32_2.0.0.202105311346/tools/bin/../lib/gcc/arm-none-eabi/9.3.1/../../../../arm-none-eabi/lib/thumb/v6-m/nofp\libc_nano.a(lib_a-nano-mallocr.o)
                0x000000002000046c                __malloc_free_list
 .bss.__malloc_sbrk_start
                0x0000000020000470        0x4 c:/st/stm32cubeide_1.7.0/stm32cubeide/plugins/com.st.stm32cube.ide.mcu.externaltools.gnu-tools-for-stm32.9-2020-q2-update.win32_2.0.0.202105311346/tools/bin/../lib/gcc/arm-none-eabi/9.3.1/../../../../arm-none-eabi/lib/thumb/v6-m/nofp\libc_nano.a(lib_a-nano-mallocr.o)
                0x0000000020000470                __malloc_sbrk_start
 *(COMMON)
 COMMON         0x0000000020000474      0x310 ./Core/Src/POST.o
                0x0000000020000474                console
                0x000000002000049c                SysCntrl
                0x000000002000077c                hi2c
 COMMON         0x0000000020000784        0x1 ./Core/Src/i2cSlave.o
                0x0000000020000784                confReg0
 *fill*         0x0000000020000785        0x3 
 COMMON         0x0000000020000788      0x108 ./Core/Src/main.o
                0x0000000020000788                si2c1
                0x00000000200007a0                hi2c1
                0x00000000200007ec                hspi1
                0x0000000020000850                hadc
 COMMON         0x0000000020000890       0x48 ./Core/Src/stm32f0xx_hal_timebase_tim.o
                0x0000000020000890                htim17
 COMMON         0x00000000200008d8        0x4 ./Drivers/STM32F0xx_HAL_Driver/Src/stm32f0xx_hal.o
                0x00000000200008d8                uwTick
 *fill*         0x00000000200008dc        0x4 
 COMMON         0x00000000200008e0       0x20 ./Drivers/STM32F0xx_HAL_Driver/Src/stm32f0xx_hal_flash.o
                0x00000000200008e0                pFlash
 COMMON         0x0000000020000900      0x2c4 ./USB_DEVICE/App/usb_device.o
                0x0000000020000900                hUsbDeviceFS
 COMMON         0x0000000020000bc4      0x200 ./USB_DEVICE/App/usbd_cdc_if.o
                0x0000000020000bc4                UserRxBufferFS
                0x0000000020000cc4                UserTxBufferFS
 COMMON         0x0000000020000dc4      0x200 ./USB_DEVICE/App/usbd_desc.o
                0x0000000020000dc4                USBD_StrDesc
 COMMON         0x0000000020000fc4      0x2f4 ./USB_DEVICE/Target/usbd_conf.o
                0x0000000020000fc4                hpcd_USB_FS
 COMMON         0x00000000200012b8        0x4 c:/st/stm32cubeide_1.7.0/stm32cubeide/plugins/com.st.stm32cube.ide.mcu.externaltools.gnu-tools-for-stm32.9-2020-q2-update.win32_2.0.0.202105311346/tools/bin/../lib/gcc/arm-none-eabi/9.3.1/../../../../arm-none-eabi/lib/thumb/v6-m/nofp\libc_nano.a(lib_a-reent.o)
                0x00000000200012b8                errno
 COMMON         0x00000000200012bc        0x9 c:/st/stm32cubeide_1.7.0/stm32cubeide/plugins/com.st.stm32cube.ide.mcu.externaltools.gnu-tools-for-stm32.9-2020-q2-update.win32_2.0.0.202105311346/tools/bin/../lib/gcc/arm-none-eabi/9.3.1/../../../../arm-none-eabi/lib/thumb/v6-m/nofp\libc_nano.a(lib_a-lock.o)
                0x00000000200012bc                __lock___atexit_recursive_mutex
                0x00000000200012bd                __lock___arc4random_mutex
                0x00000000200012be                __lock___env_recursive_mutex
                0x00000000200012bf                __lock___sinit_recursive_mutex
                0x00000000200012c0                __lock___malloc_recursive_mutex
                0x00000000200012c1                __lock___at_quick_exit_mutex
                0x00000000200012c2                __lock___dd_hash_mutex
                0x00000000200012c3                __lock___tz_mutex
                0x00000000200012c4                __lock___sfp_recursive_mutex
                0x00000000200012c8                . = ALIGN (0x4)
 *fill*         0x00000000200012c5        0x3 
                0x00000000200012c8                _ebss = .
                0x00000000200012c8                __bss_end__ = _ebss

._user_heap_stack
                0x00000000200012c8      0x528 load address 0x00000000080075ec
                0x00000000200012c8                . = ALIGN (0x8)
                [!provide]                        PROVIDE (end = .)
                0x00000000200012c8                PROVIDE (_end = .)
                0x00000000200014c8                . = (. + _Min_Heap_Size)
 *fill*         0x00000000200012c8      0x200 
                0x00000000200017ed                . = (. + _Min_Stack_Size)
 *fill*         0x00000000200014c8      0x325 
                0x00000000200017f0                . = ALIGN (0x8)
 *fill*         0x00000000200017ed        0x3 

/DISCARD/
 libc.a(*)
 libm.a(*)
 libgcc.a(*)

.ARM.attributes
                0x0000000000000000       0x28
 *(.ARM.attributes)
 .ARM.attributes
                0x0000000000000000       0x1e c:/st/stm32cubeide_1.7.0/stm32cubeide/plugins/com.st.stm32cube.ide.mcu.externaltools.gnu-tools-for-stm32.9-2020-q2-update.win32_2.0.0.202105311346/tools/bin/../lib/gcc/arm-none-eabi/9.3.1/thumb/v6-m/nofp/crti.o
 .ARM.attributes
                0x000000000000001e       0x2c c:/st/stm32cubeide_1.7.0/stm32cubeide/plugins/com.st.stm32cube.ide.mcu.externaltools.gnu-tools-for-stm32.9-2020-q2-update.win32_2.0.0.202105311346/tools/bin/../lib/gcc/arm-none-eabi/9.3.1/thumb/v6-m/nofp/crtbegin.o
 .ARM.attributes
                0x000000000000004a       0x2c ./Core/Src/POST.o
 .ARM.attributes
                0x0000000000000076       0x2c ./Core/Src/i2c.o
 .ARM.attributes
                0x00000000000000a2       0x2c ./Core/Src/i2cSlave.o
 .ARM.attributes
                0x00000000000000ce       0x2c ./Core/Src/main.o
 .ARM.attributes
                0x00000000000000fa       0x2c ./Core/Src/memory.o
 .ARM.attributes
                0x0000000000000126       0x2c ./Core/Src/power.o
 .ARM.attributes
                0x0000000000000152       0x2c ./Core/Src/stm32f0xx_hal_msp.o
 .ARM.attributes
                0x000000000000017e       0x2c ./Core/Src/stm32f0xx_hal_timebase_tim.o
 .ARM.attributes
                0x00000000000001aa       0x2c ./Core/Src/stm32f0xx_it.o
 .ARM.attributes
                0x00000000000001d6       0x2c ./Core/Src/sysmem.o
 .ARM.attributes
                0x0000000000000202       0x2c ./Core/Src/system_stm32f0xx.o
 .ARM.attributes
                0x000000000000022e       0x31 ./Core/Src/text.o
 .ARM.attributes
                0x000000000000025f       0x21 ./Core/Startup/startup_stm32f048g6ux.o
 .ARM.attributes
                0x0000000000000280       0x2c ./Drivers/STM32F0xx_HAL_Driver/Src/stm32f0xx_hal.o
 .ARM.attributes
                0x00000000000002ac       0x2c ./Drivers/STM32F0xx_HAL_Driver/Src/stm32f0xx_hal_adc.o
 .ARM.attributes
                0x00000000000002d8       0x2c ./Drivers/STM32F0xx_HAL_Driver/Src/stm32f0xx_hal_cortex.o
 .ARM.attributes
                0x0000000000000304       0x2c ./Drivers/STM32F0xx_HAL_Driver/Src/stm32f0xx_hal_dma.o
 .ARM.attributes
                0x0000000000000330       0x2c ./Drivers/STM32F0xx_HAL_Driver/Src/stm32f0xx_hal_flash.o
 .ARM.attributes
                0x000000000000035c       0x2c ./Drivers/STM32F0xx_HAL_Driver/Src/stm32f0xx_hal_flash_ex.o
 .ARM.attributes
                0x0000000000000388       0x2c ./Drivers/STM32F0xx_HAL_Driver/Src/stm32f0xx_hal_gpio.o
 .ARM.attributes
                0x00000000000003b4       0x2c ./Drivers/STM32F0xx_HAL_Driver/Src/stm32f0xx_hal_i2c.o
 .ARM.attributes
                0x00000000000003e0       0x2c ./Drivers/STM32F0xx_HAL_Driver/Src/stm32f0xx_hal_i2c_ex.o
 .ARM.attributes
                0x000000000000040c       0x2c ./Drivers/STM32F0xx_HAL_Driver/Src/stm32f0xx_hal_pcd.o
 .ARM.attributes
                0x0000000000000438       0x2c ./Drivers/STM32F0xx_HAL_Driver/Src/stm32f0xx_hal_pcd_ex.o
 .ARM.attributes
                0x0000000000000464       0x2c ./Drivers/STM32F0xx_HAL_Driver/Src/stm32f0xx_hal_rcc.o
 .ARM.attributes
                0x0000000000000490       0x2c ./Drivers/STM32F0xx_HAL_Driver/Src/stm32f0xx_hal_rcc_ex.o
 .ARM.attributes
                0x00000000000004bc       0x2c ./Drivers/STM32F0xx_HAL_Driver/Src/stm32f0xx_hal_spi.o
 .ARM.attributes
                0x00000000000004e8       0x2c ./Drivers/STM32F0xx_HAL_Driver/Src/stm32f0xx_hal_tim.o
 .ARM.attributes
                0x0000000000000514       0x2c ./Drivers/STM32F0xx_HAL_Driver/Src/stm32f0xx_hal_tim_ex.o
 .ARM.attributes
                0x0000000000000540       0x2c ./Drivers/STM32F0xx_HAL_Driver/Src/stm32f0xx_ll_usb.o
 .ARM.attributes
                0x000000000000056c       0x2c ./Middlewares/ST/STM32_USB_Device_Library/Class/CDC/Src/usbd_cdc.o
 .ARM.attributes
                0x0000000000000598       0x2c ./Middlewares/ST/STM32_USB_Device_Library/Core/Src/usbd_core.o
 .ARM.attributes
                0x00000000000005c4       0x2c ./Middlewares/ST/STM32_USB_Device_Library/Core/Src/usbd_ctlreq.o
 .ARM.attributes
                0x00000000000005f0       0x2c ./Middlewares/ST/STM32_USB_Device_Library/Core/Src/usbd_ioreq.o
 .ARM.attributes
                0x000000000000061c       0x2c ./USB_DEVICE/App/usb_device.o
 .ARM.attributes
                0x0000000000000648       0x2c ./USB_DEVICE/App/usbd_cdc_if.o
 .ARM.attributes
                0x0000000000000674       0x2c ./USB_DEVICE/App/usbd_desc.o
 .ARM.attributes
                0x00000000000006a0       0x2c ./USB_DEVICE/Target/usbd_conf.o
 .ARM.attributes
                0x00000000000006cc       0x2c c:/st/stm32cubeide_1.7.0/stm32cubeide/plugins/com.st.stm32cube.ide.mcu.externaltools.gnu-tools-for-stm32.9-2020-q2-update.win32_2.0.0.202105311346/tools/bin/../lib/gcc/arm-none-eabi/9.3.1/../../../../arm-none-eabi/lib/thumb/v6-m/nofp\libc_nano.a(lib_a-atoi.o)
 .ARM.attributes
                0x00000000000006f8       0x2c c:/st/stm32cubeide_1.7.0/stm32cubeide/plugins/com.st.stm32cube.ide.mcu.externaltools.gnu-tools-for-stm32.9-2020-q2-update.win32_2.0.0.202105311346/tools/bin/../lib/gcc/arm-none-eabi/9.3.1/../../../../arm-none-eabi/lib/thumb/v6-m/nofp\libc_nano.a(lib_a-errno.o)
 .ARM.attributes
                0x0000000000000724       0x2c c:/st/stm32cubeide_1.7.0/stm32cubeide/plugins/com.st.stm32cube.ide.mcu.externaltools.gnu-tools-for-stm32.9-2020-q2-update.win32_2.0.0.202105311346/tools/bin/../lib/gcc/arm-none-eabi/9.3.1/../../../../arm-none-eabi/lib/thumb/v6-m/nofp\libc_nano.a(lib_a-impure.o)
 .ARM.attributes
                0x0000000000000750       0x2c c:/st/stm32cubeide_1.7.0/stm32cubeide/plugins/com.st.stm32cube.ide.mcu.externaltools.gnu-tools-for-stm32.9-2020-q2-update.win32_2.0.0.202105311346/tools/bin/../lib/gcc/arm-none-eabi/9.3.1/../../../../arm-none-eabi/lib/thumb/v6-m/nofp\libc_nano.a(lib_a-init.o)
 .ARM.attributes
                0x000000000000077c       0x2c c:/st/stm32cubeide_1.7.0/stm32cubeide/plugins/com.st.stm32cube.ide.mcu.externaltools.gnu-tools-for-stm32.9-2020-q2-update.win32_2.0.0.202105311346/tools/bin/../lib/gcc/arm-none-eabi/9.3.1/../../../../arm-none-eabi/lib/thumb/v6-m/nofp\libc_nano.a(lib_a-memcpy-stub.o)
 .ARM.attributes
                0x00000000000007a8       0x2c c:/st/stm32cubeide_1.7.0/stm32cubeide/plugins/com.st.stm32cube.ide.mcu.externaltools.gnu-tools-for-stm32.9-2020-q2-update.win32_2.0.0.202105311346/tools/bin/../lib/gcc/arm-none-eabi/9.3.1/../../../../arm-none-eabi/lib/thumb/v6-m/nofp\libc_nano.a(lib_a-memset.o)
 .ARM.attributes
                0x00000000000007d4       0x2c c:/st/stm32cubeide_1.7.0/stm32cubeide/plugins/com.st.stm32cube.ide.mcu.externaltools.gnu-tools-for-stm32.9-2020-q2-update.win32_2.0.0.202105311346/tools/bin/../lib/gcc/arm-none-eabi/9.3.1/../../../../arm-none-eabi/lib/thumb/v6-m/nofp\libc_nano.a(lib_a-sprintf.o)
 .ARM.attributes
                0x0000000000000800       0x1c c:/st/stm32cubeide_1.7.0/stm32cubeide/plugins/com.st.stm32cube.ide.mcu.externaltools.gnu-tools-for-stm32.9-2020-q2-update.win32_2.0.0.202105311346/tools/bin/../lib/gcc/arm-none-eabi/9.3.1/../../../../arm-none-eabi/lib/thumb/v6-m/nofp\libc_nano.a(lib_a-strcmp.o)
 .ARM.attributes
                0x000000000000081c       0x2c c:/st/stm32cubeide_1.7.0/stm32cubeide/plugins/com.st.stm32cube.ide.mcu.externaltools.gnu-tools-for-stm32.9-2020-q2-update.win32_2.0.0.202105311346/tools/bin/../lib/gcc/arm-none-eabi/9.3.1/../../../../arm-none-eabi/lib/thumb/v6-m/nofp\libc_nano.a(lib_a-strcpy.o)
 .ARM.attributes
                0x0000000000000848       0x1c c:/st/stm32cubeide_1.7.0/stm32cubeide/plugins/com.st.stm32cube.ide.mcu.externaltools.gnu-tools-for-stm32.9-2020-q2-update.win32_2.0.0.202105311346/tools/bin/../lib/gcc/arm-none-eabi/9.3.1/../../../../arm-none-eabi/lib/thumb/v6-m/nofp\libc_nano.a(lib_a-strlen.o)
 .ARM.attributes
                0x0000000000000864       0x2c c:/st/stm32cubeide_1.7.0/stm32cubeide/plugins/com.st.stm32cube.ide.mcu.externaltools.gnu-tools-for-stm32.9-2020-q2-update.win32_2.0.0.202105311346/tools/bin/../lib/gcc/arm-none-eabi/9.3.1/../../../../arm-none-eabi/lib/thumb/v6-m/nofp\libc_nano.a(lib_a-strtol.o)
 .ARM.attributes
                0x0000000000000890       0x2c c:/st/stm32cubeide_1.7.0/stm32cubeide/plugins/com.st.stm32cube.ide.mcu.externaltools.gnu-tools-for-stm32.9-2020-q2-update.win32_2.0.0.202105311346/tools/bin/../lib/gcc/arm-none-eabi/9.3.1/../../../../arm-none-eabi/lib/thumb/v6-m/nofp\libc_nano.a(lib_a-ctype_.o)
 .ARM.attributes
                0x00000000000008bc       0x2c c:/st/stm32cubeide_1.7.0/stm32cubeide/plugins/com.st.stm32cube.ide.mcu.externaltools.gnu-tools-for-stm32.9-2020-q2-update.win32_2.0.0.202105311346/tools/bin/../lib/gcc/arm-none-eabi/9.3.1/../../../../arm-none-eabi/lib/thumb/v6-m/nofp\libc_nano.a(lib_a-nano-svfprintf.o)
 .ARM.attributes
                0x00000000000008e8       0x2c c:/st/stm32cubeide_1.7.0/stm32cubeide/plugins/com.st.stm32cube.ide.mcu.externaltools.gnu-tools-for-stm32.9-2020-q2-update.win32_2.0.0.202105311346/tools/bin/../lib/gcc/arm-none-eabi/9.3.1/../../../../arm-none-eabi/lib/thumb/v6-m/nofp\libc_nano.a(lib_a-nano-vfprintf_i.o)
 .ARM.attributes
                0x0000000000000914       0x2c c:/st/stm32cubeide_1.7.0/stm32cubeide/plugins/com.st.stm32cube.ide.mcu.externaltools.gnu-tools-for-stm32.9-2020-q2-update.win32_2.0.0.202105311346/tools/bin/../lib/gcc/arm-none-eabi/9.3.1/../../../../arm-none-eabi/lib/thumb/v6-m/nofp\libc_nano.a(lib_a-memchr-stub.o)
 .ARM.attributes
                0x0000000000000940       0x2c c:/st/stm32cubeide_1.7.0/stm32cubeide/plugins/com.st.stm32cube.ide.mcu.externaltools.gnu-tools-for-stm32.9-2020-q2-update.win32_2.0.0.202105311346/tools/bin/../lib/gcc/arm-none-eabi/9.3.1/../../../../arm-none-eabi/lib/thumb/v6-m/nofp\libc_nano.a(lib_a-memmove.o)
 .ARM.attributes
                0x000000000000096c       0x2c c:/st/stm32cubeide_1.7.0/stm32cubeide/plugins/com.st.stm32cube.ide.mcu.externaltools.gnu-tools-for-stm32.9-2020-q2-update.win32_2.0.0.202105311346/tools/bin/../lib/gcc/arm-none-eabi/9.3.1/../../../../arm-none-eabi/lib/thumb/v6-m/nofp\libc_nano.a(lib_a-nano-freer.o)
 .ARM.attributes
                0x0000000000000998       0x2c c:/st/stm32cubeide_1.7.0/stm32cubeide/plugins/com.st.stm32cube.ide.mcu.externaltools.gnu-tools-for-stm32.9-2020-q2-update.win32_2.0.0.202105311346/tools/bin/../lib/gcc/arm-none-eabi/9.3.1/../../../../arm-none-eabi/lib/thumb/v6-m/nofp\libc_nano.a(lib_a-nano-mallocr.o)
 .ARM.attributes
                0x00000000000009c4       0x2c c:/st/stm32cubeide_1.7.0/stm32cubeide/plugins/com.st.stm32cube.ide.mcu.externaltools.gnu-tools-for-stm32.9-2020-q2-update.win32_2.0.0.202105311346/tools/bin/../lib/gcc/arm-none-eabi/9.3.1/../../../../arm-none-eabi/lib/thumb/v6-m/nofp\libc_nano.a(lib_a-nano-reallocr.o)
 .ARM.attributes
                0x00000000000009f0       0x2c c:/st/stm32cubeide_1.7.0/stm32cubeide/plugins/com.st.stm32cube.ide.mcu.externaltools.gnu-tools-for-stm32.9-2020-q2-update.win32_2.0.0.202105311346/tools/bin/../lib/gcc/arm-none-eabi/9.3.1/../../../../arm-none-eabi/lib/thumb/v6-m/nofp\libc_nano.a(lib_a-sbrkr.o)
 .ARM.attributes
                0x0000000000000a1c       0x2c c:/st/stm32cubeide_1.7.0/stm32cubeide/plugins/com.st.stm32cube.ide.mcu.externaltools.gnu-tools-for-stm32.9-2020-q2-update.win32_2.0.0.202105311346/tools/bin/../lib/gcc/arm-none-eabi/9.3.1/../../../../arm-none-eabi/lib/thumb/v6-m/nofp\libc_nano.a(lib_a-mlock.o)
 .ARM.attributes
                0x0000000000000a48       0x2c c:/st/stm32cubeide_1.7.0/stm32cubeide/plugins/com.st.stm32cube.ide.mcu.externaltools.gnu-tools-for-stm32.9-2020-q2-update.win32_2.0.0.202105311346/tools/bin/../lib/gcc/arm-none-eabi/9.3.1/../../../../arm-none-eabi/lib/thumb/v6-m/nofp\libc_nano.a(lib_a-nano-msizer.o)
 .ARM.attributes
                0x0000000000000a74       0x2c c:/st/stm32cubeide_1.7.0/stm32cubeide/plugins/com.st.stm32cube.ide.mcu.externaltools.gnu-tools-for-stm32.9-2020-q2-update.win32_2.0.0.202105311346/tools/bin/../lib/gcc/arm-none-eabi/9.3.1/../../../../arm-none-eabi/lib/thumb/v6-m/nofp\libc_nano.a(lib_a-reent.o)
 .ARM.attributes
                0x0000000000000aa0       0x2c c:/st/stm32cubeide_1.7.0/stm32cubeide/plugins/com.st.stm32cube.ide.mcu.externaltools.gnu-tools-for-stm32.9-2020-q2-update.win32_2.0.0.202105311346/tools/bin/../lib/gcc/arm-none-eabi/9.3.1/../../../../arm-none-eabi/lib/thumb/v6-m/nofp\libc_nano.a(lib_a-lock.o)
 .ARM.attributes
                0x0000000000000acc       0x1e c:/st/stm32cubeide_1.7.0/stm32cubeide/plugins/com.st.stm32cube.ide.mcu.externaltools.gnu-tools-for-stm32.9-2020-q2-update.win32_2.0.0.202105311346/tools/bin/../lib/gcc/arm-none-eabi/9.3.1/thumb/v6-m/nofp\libgcc.a(_thumb1_case_uqi.o)
 .ARM.attributes
                0x0000000000000aea       0x1e c:/st/stm32cubeide_1.7.0/stm32cubeide/plugins/com.st.stm32cube.ide.mcu.externaltools.gnu-tools-for-stm32.9-2020-q2-update.win32_2.0.0.202105311346/tools/bin/../lib/gcc/arm-none-eabi/9.3.1/thumb/v6-m/nofp\libgcc.a(_thumb1_case_shi.o)
 .ARM.attributes
                0x0000000000000b08       0x1e c:/st/stm32cubeide_1.7.0/stm32cubeide/plugins/com.st.stm32cube.ide.mcu.externaltools.gnu-tools-for-stm32.9-2020-q2-update.win32_2.0.0.202105311346/tools/bin/../lib/gcc/arm-none-eabi/9.3.1/thumb/v6-m/nofp\libgcc.a(_thumb1_case_uhi.o)
 .ARM.attributes
                0x0000000000000b26       0x1e c:/st/stm32cubeide_1.7.0/stm32cubeide/plugins/com.st.stm32cube.ide.mcu.externaltools.gnu-tools-for-stm32.9-2020-q2-update.win32_2.0.0.202105311346/tools/bin/../lib/gcc/arm-none-eabi/9.3.1/thumb/v6-m/nofp\libgcc.a(_udivsi3.o)
 .ARM.attributes
                0x0000000000000b44       0x1e c:/st/stm32cubeide_1.7.0/stm32cubeide/plugins/com.st.stm32cube.ide.mcu.externaltools.gnu-tools-for-stm32.9-2020-q2-update.win32_2.0.0.202105311346/tools/bin/../lib/gcc/arm-none-eabi/9.3.1/thumb/v6-m/nofp\libgcc.a(_dvmd_tls.o)
 .ARM.attributes
                0x0000000000000b62       0x1e c:/st/stm32cubeide_1.7.0/stm32cubeide/plugins/com.st.stm32cube.ide.mcu.externaltools.gnu-tools-for-stm32.9-2020-q2-update.win32_2.0.0.202105311346/tools/bin/../lib/gcc/arm-none-eabi/9.3.1/thumb/v6-m/nofp\libgcc.a(_lshrdi3.o)
 .ARM.attributes
                0x0000000000000b80       0x1e c:/st/stm32cubeide_1.7.0/stm32cubeide/plugins/com.st.stm32cube.ide.mcu.externaltools.gnu-tools-for-stm32.9-2020-q2-update.win32_2.0.0.202105311346/tools/bin/../lib/gcc/arm-none-eabi/9.3.1/thumb/v6-m/nofp/crtn.o
OUTPUT(WDOG_BFK.elf elf32-littlearm)
LOAD linker stubs