Archive member included to satisfy reference by file (symbol)

c:/program files/stm32cubeide_1.7.0/stm32cubeide/plugins/com.st.stm32cube.ide.mcu.externaltools.gnu-tools-for-stm32.9-2020-q2-update.win32_2.0.0.202105311346/tools/bin/../lib/gcc/arm-none-eabi/9.3.1/../../../../arm-none-eabi/lib/thumb/v6-m/nofp\libc_nano.a(lib_a-atoi.o)
                              ./Core/Src/power.o (atoi)
c:/program files/stm32cubeide_1.7.0/stm32cubeide/plugins/com.st.stm32cube.ide.mcu.externaltools.gnu-tools-for-stm32.9-2020-q2-update.win32_2.0.0.202105311346/tools/bin/../lib/gcc/arm-none-eabi/9.3.1/../../../../arm-none-eabi/lib/thumb/v6-m/nofp\libc_nano.a(lib_a-errno.o)
                              ./Core/Src/syscalls.o (__errno)
c:/program files/stm32cubeide_1.7.0/stm32cubeide/plugins/com.st.stm32cube.ide.mcu.externaltools.gnu-tools-for-stm32.9-2020-q2-update.win32_2.0.0.202105311346/tools/bin/../lib/gcc/arm-none-eabi/9.3.1/../../../../arm-none-eabi/lib/thumb/v6-m/nofp\libc_nano.a(lib_a-exit.o)
                              c:/program files/stm32cubeide_1.7.0/stm32cubeide/plugins/com.st.stm32cube.ide.mcu.externaltools.gnu-tools-for-stm32.9-2020-q2-update.win32_2.0.0.202105311346/tools/bin/../lib/gcc/arm-none-eabi/9.3.1/../../../../arm-none-eabi/lib/thumb/v6-m/nofp/crt0.o (exit)
c:/program files/stm32cubeide_1.7.0/stm32cubeide/plugins/com.st.stm32cube.ide.mcu.externaltools.gnu-tools-for-stm32.9-2020-q2-update.win32_2.0.0.202105311346/tools/bin/../lib/gcc/arm-none-eabi/9.3.1/../../../../arm-none-eabi/lib/thumb/v6-m/nofp\libc_nano.a(lib_a-impure.o)
                              c:/program files/stm32cubeide_1.7.0/stm32cubeide/plugins/com.st.stm32cube.ide.mcu.externaltools.gnu-tools-for-stm32.9-2020-q2-update.win32_2.0.0.202105311346/tools/bin/../lib/gcc/arm-none-eabi/9.3.1/../../../../arm-none-eabi/lib/thumb/v6-m/nofp\libc_nano.a(lib_a-exit.o) (_global_impure_ptr)
c:/program files/stm32cubeide_1.7.0/stm32cubeide/plugins/com.st.stm32cube.ide.mcu.externaltools.gnu-tools-for-stm32.9-2020-q2-update.win32_2.0.0.202105311346/tools/bin/../lib/gcc/arm-none-eabi/9.3.1/../../../../arm-none-eabi/lib/thumb/v6-m/nofp\libc_nano.a(lib_a-init.o)
                              c:/program files/stm32cubeide_1.7.0/stm32cubeide/plugins/com.st.stm32cube.ide.mcu.externaltools.gnu-tools-for-stm32.9-2020-q2-update.win32_2.0.0.202105311346/tools/bin/../lib/gcc/arm-none-eabi/9.3.1/../../../../arm-none-eabi/lib/thumb/v6-m/nofp/crt0.o (__libc_init_array)
c:/program files/stm32cubeide_1.7.0/stm32cubeide/plugins/com.st.stm32cube.ide.mcu.externaltools.gnu-tools-for-stm32.9-2020-q2-update.win32_2.0.0.202105311346/tools/bin/../lib/gcc/arm-none-eabi/9.3.1/../../../../arm-none-eabi/lib/thumb/v6-m/nofp\libc_nano.a(lib_a-memcpy-stub.o)
                              ./Core/Src/main.o (memcpy)
c:/program files/stm32cubeide_1.7.0/stm32cubeide/plugins/com.st.stm32cube.ide.mcu.externaltools.gnu-tools-for-stm32.9-2020-q2-update.win32_2.0.0.202105311346/tools/bin/../lib/gcc/arm-none-eabi/9.3.1/../../../../arm-none-eabi/lib/thumb/v6-m/nofp\libc_nano.a(lib_a-memset.o)
                              c:/program files/stm32cubeide_1.7.0/stm32cubeide/plugins/com.st.stm32cube.ide.mcu.externaltools.gnu-tools-for-stm32.9-2020-q2-update.win32_2.0.0.202105311346/tools/bin/../lib/gcc/arm-none-eabi/9.3.1/../../../../arm-none-eabi/lib/thumb/v6-m/nofp/crt0.o (memset)
c:/program files/stm32cubeide_1.7.0/stm32cubeide/plugins/com.st.stm32cube.ide.mcu.externaltools.gnu-tools-for-stm32.9-2020-q2-update.win32_2.0.0.202105311346/tools/bin/../lib/gcc/arm-none-eabi/9.3.1/../../../../arm-none-eabi/lib/thumb/v6-m/nofp\libc_nano.a(lib_a-sprintf.o)
                              ./Core/Src/POST.o (sprintf)
c:/program files/stm32cubeide_1.7.0/stm32cubeide/plugins/com.st.stm32cube.ide.mcu.externaltools.gnu-tools-for-stm32.9-2020-q2-update.win32_2.0.0.202105311346/tools/bin/../lib/gcc/arm-none-eabi/9.3.1/../../../../arm-none-eabi/lib/thumb/v6-m/nofp\libc_nano.a(lib_a-strcmp.o)
                              ./Core/Src/main.o (strcmp)
c:/program files/stm32cubeide_1.7.0/stm32cubeide/plugins/com.st.stm32cube.ide.mcu.externaltools.gnu-tools-for-stm32.9-2020-q2-update.win32_2.0.0.202105311346/tools/bin/../lib/gcc/arm-none-eabi/9.3.1/../../../../arm-none-eabi/lib/thumb/v6-m/nofp\libc_nano.a(lib_a-strcpy.o)
                              ./Core/Src/POST.o (strcpy)
c:/program files/stm32cubeide_1.7.0/stm32cubeide/plugins/com.st.stm32cube.ide.mcu.externaltools.gnu-tools-for-stm32.9-2020-q2-update.win32_2.0.0.202105311346/tools/bin/../lib/gcc/arm-none-eabi/9.3.1/../../../../arm-none-eabi/lib/thumb/v6-m/nofp\libc_nano.a(lib_a-strlen.o)
                              ./Core/Src/main.o (strlen)
c:/program files/stm32cubeide_1.7.0/stm32cubeide/plugins/com.st.stm32cube.ide.mcu.externaltools.gnu-tools-for-stm32.9-2020-q2-update.win32_2.0.0.202105311346/tools/bin/../lib/gcc/arm-none-eabi/9.3.1/../../../../arm-none-eabi/lib/thumb/v6-m/nofp\libc_nano.a(lib_a-strtol.o)
[...]
Memory Configuration

Name             Origin             Length             Attributes
RAM              0x0000000020000000 0x0000000000001800 xrw
FLASH            0x0000000008000000 0x0000000000008000 xr
*default*        0x0000000000000000 0xffffffffffffffff

Linker script and memory map

LOAD c:/program files/stm32cubeide_1.7.0/stm32cubeide/plugins/com.st.stm32cube.ide.mcu.externaltools.gnu-tools-for-stm32.9-2020-q2-update.win32_2.0.0.202105311346/tools/bin/../lib/gcc/arm-none-eabi/9.3.1/thumb/v6-m/nofp/crti.o
LOAD c:/program files/stm32cubeide_1.7.0/stm32cubeide/plugins/com.st.stm32cube.ide.mcu.externaltools.gnu-tools-for-stm32.9-2020-q2-update.win32_2.0.0.202105311346/tools/bin/../lib/gcc/arm-none-eabi/9.3.1/thumb/v6-m/nofp/crtbegin.o
LOAD c:/program files/stm32cubeide_1.7.0/stm32cubeide/plugins/com.st.stm32cube.ide.mcu.externaltools.gnu-tools-for-stm32.9-2020-q2-update.win32_2.0.0.202105311346/tools/bin/../lib/gcc/arm-none-eabi/9.3.1/../../../../arm-none-eabi/lib/thumb/v6-m/nofp/crt0.o
LOAD ./Core/Src/POST.o
LOAD ./Core/Src/i2c.o
LOAD ./Core/Src/i2cSlave.o
LOAD ./Core/Src/main.o
LOAD ./Core/Src/memory.o
LOAD ./Core/Src/power.o
LOAD ./Core/Src/stm32f0xx_hal_msp.o
LOAD ./Core/Src/stm32f0xx_hal_timebase_tim.o
LOAD ./Core/Src/stm32f0xx_it.o
LOAD ./Core/Src/syscalls.o
LOAD ./Core/Src/sysmem.o
LOAD ./Core/Src/system_stm32f0xx.o
LOAD ./Core/Src/text.o
LOAD ./Core/Startup/startup_stm32f048g6ux.o
LOAD ./Drivers/STM32F0xx_HAL_Driver/Src/stm32f0xx_hal.o
LOAD ./Drivers/STM32F0xx_HAL_Driver/Src/stm32f0xx_hal_adc.o
LOAD ./Drivers/STM32F0xx_HAL_Driver/Src/stm32f0xx_hal_adc_ex.o
LOAD ./Drivers/STM32F0xx_HAL_Driver/Src/stm32f0xx_hal_cortex.o
LOAD ./Drivers/STM32F0xx_HAL_Driver/Src/stm32f0xx_hal_dma.o
LOAD ./Drivers/STM32F0xx_HAL_Driver/Src/stm32f0xx_hal_exti.o
LOAD ./Drivers/STM32F0xx_HAL_Driver/Src/stm32f0xx_hal_flash.o
LOAD ./Drivers/STM32F0xx_HAL_Driver/Src/stm32f0xx_hal_flash_ex.o
LOAD ./Drivers/STM32F0xx_HAL_Driver/Src/stm32f0xx_hal_gpio.o
LOAD ./Drivers/STM32F0xx_HAL_Driver/Src/stm32f0xx_hal_i2c.o
LOAD ./Drivers/STM32F0xx_HAL_Driver/Src/stm32f0xx_hal_i2c_ex.o
LOAD ./Drivers/STM32F0xx_HAL_Driver/Src/stm32f0xx_hal_pcd.o
LOAD ./Drivers/STM32F0xx_HAL_Driver/Src/stm32f0xx_hal_pcd_ex.o
LOAD ./Drivers/STM32F0xx_HAL_Driver/Src/stm32f0xx_hal_pwr.o
LOAD ./Drivers/STM32F0xx_HAL_Driver/Src/stm32f0xx_hal_pwr_ex.o
LOAD ./Drivers/STM32F0xx_HAL_Driver/Src/stm32f0xx_hal_rcc.o
LOAD ./Drivers/STM32F0xx_HAL_Driver/Src/stm32f0xx_hal_rcc_ex.o
LOAD ./Drivers/STM32F0xx_HAL_Driver/Src/stm32f0xx_hal_spi.o
LOAD ./Drivers/STM32F0xx_HAL_Driver/Src/stm32f0xx_hal_spi_ex.o
LOAD ./Drivers/STM32F0xx_HAL_Driver/Src/stm32f0xx_hal_tim.o
LOAD ./Drivers/STM32F0xx_HAL_Driver/Src/stm32f0xx_hal_tim_ex.o
LOAD ./Drivers/STM32F0xx_HAL_Driver/Src/stm32f0xx_ll_usb.o
LOAD ./Middlewares/ST/STM32_USB_Device_Library/Class/CDC/Src/usbd_cdc.o
LOAD ./Middlewares/ST/STM32_USB_Device_Library/Core/Src/usbd_core.o
LOAD ./Middlewares/ST/STM32_USB_Device_Library/Core/Src/usbd_ctlreq.o
LOAD ./Middlewares/ST/STM32_USB_Device_Library/Core/Src/usbd_ioreq.o
LOAD ./USB_DEVICE/App/usb_device.o
LOAD ./USB_DEVICE/App/usbd_cdc_if.o
LOAD ./USB_DEVICE/App/usbd_desc.o
LOAD ./USB_DEVICE/Target/usbd_conf.o
START GROUP
LOAD c:/program files/stm32cubeide_1.7.0/stm32cubeide/plugins/com.st.stm32cube.ide.mcu.externaltools.gnu-tools-for-stm32.9-2020-q2-update.win32_2.0.0.202105311346/tools/bin/../lib/gcc/arm-none-eabi/9.3.1/../../../../arm-none-eabi/lib/thumb/v6-m/nofp\libc_nano.a
LOAD c:/program files/stm32cubeide_1.7.0/stm32cubeide/plugins/com.st.stm32cube.ide.mcu.externaltools.gnu-tools-for-stm32.9-2020-q2-update.win32_2.0.0.202105311346/tools/bin/../lib/gcc/arm-none-eabi/9.3.1/../../../../arm-none-eabi/lib/thumb/v6-m/nofp\libm.a
END GROUP
START GROUP
LOAD c:/program files/stm32cubeide_1.7.0/stm32cubeide/plugins/com.st.stm32cube.ide.mcu.externaltools.gnu-tools-for-stm32.9-2020-q2-update.win32_2.0.0.202105311346/tools/bin/../lib/gcc/arm-none-eabi/9.3.1/thumb/v6-m/nofp\libgcc.a
LOAD c:/program files/stm32cubeide_1.7.0/stm32cubeide/plugins/com.st.stm32cube.ide.mcu.externaltools.gnu-tools-for-stm32.9-2020-q2-update.win32_2.0.0.202105311346/tools/bin/../lib/gcc/arm-none-eabi/9.3.1/../../../../arm-none-eabi/lib/thumb/v6-m/nofp\libc_nano.a
END GROUP
START GROUP
LOAD c:/program files/stm32cubeide_1.7.0/stm32cubeide/plugins/com.st.stm32cube.ide.mcu.externaltools.gnu-tools-for-stm32.9-2020-q2-update.win32_2.0.0.202105311346/tools/bin/../lib/gcc/arm-none-eabi/9.3.1/thumb/v6-m/nofp\libgcc.a
LOAD c:/program files/stm32cubeide_1.7.0/stm32cubeide/plugins/com.st.stm32cube.ide.mcu.externaltools.gnu-tools-for-stm32.9-2020-q2-update.win32_2.0.0.202105311346/tools/bin/../lib/gcc/arm-none-eabi/9.3.1/../../../../arm-none-eabi/lib/thumb/v6-m/nofp\libc_nano.a
LOAD c:/program files/stm32cubeide_1.7.0/stm32cubeide/plugins/com.st.stm32cube.ide.mcu.externaltools.gnu-tools-for-stm32.9-2020-q2-update.win32_2.0.0.202105311346/tools/bin/../lib/gcc/arm-none-eabi/9.3.1/../../../../arm-none-eabi/lib/thumb/v6-m/nofp\libnosys.a
END GROUP
START GROUP
LOAD c:/program files/stm32cubeide_1.7.0/stm32cubeide/plugins/com.st.stm32cube.ide.mcu.externaltools.gnu-tools-for-stm32.9-2020-q2-update.win32_2.0.0.202105311346/tools/bin/../lib/gcc/arm-none-eabi/9.3.1/thumb/v6-m/nofp\libgcc.a
LOAD c:/program files/stm32cubeide_1.7.0/stm32cubeide/plugins/com.st.stm32cube.ide.mcu.externaltools.gnu-tools-for-stm32.9-2020-q2-update.win32_2.0.0.202105311346/tools/bin/../lib/gcc/arm-none-eabi/9.3.1/../../../../arm-none-eabi/lib/thumb/v6-m/nofp\libc_nano.a
LOAD c:/program files/stm32cubeide_1.7.0/stm32cubeide/plugins/com.st.stm32cube.ide.mcu.externaltools.gnu-tools-for-stm32.9-2020-q2-update.win32_2.0.0.202105311346/tools/bin/../lib/gcc/arm-none-eabi/9.3.1/../../../../arm-none-eabi/lib/thumb/v6-m/nofp\libnosys.a
END GROUP
LOAD c:/program files/stm32cubeide_1.7.0/stm32cubeide/plugins/com.st.stm32cube.ide.mcu.externaltools.gnu-tools-for-stm32.9-2020-q2-update.win32_2.0.0.202105311346/tools/bin/../lib/gcc/arm-none-eabi/9.3.1/thumb/v6-m/nofp/crtend.o
LOAD c:/program files/stm32cubeide_1.7.0/stm32cubeide/plugins/com.st.stm32cube.ide.mcu.externaltools.gnu-tools-for-stm32.9-2020-q2-update.win32_2.0.0.202105311346/tools/bin/../lib/gcc/arm-none-eabi/9.3.1/thumb/v6-m/nofp/crtn.o
                0x0000000020001800                _estack = (ORIGIN (RAM) + LENGTH (RAM))
                0x0000000000000200                _Min_Heap_Size = 0x200
                0x0000000000000325                _Min_Stack_Size = 0x325

.isr_vector     0x0000000008000000       0xc0
                0x0000000008000000                . = ALIGN (0x4)
 *(.isr_vector)
 .isr_vector    0x0000000008000000       0xc0 ./Core/Startup/startup_stm32f048g6ux.o
                0x0000000008000000                g_pfnVectors
                0x00000000080000c0                . = ALIGN (0x4)

.text           0x00000000080000c0     0x6ea0
                0x00000000080000c0                . = ALIGN (0x4)
 *(.text)
 .text          0x00000000080000c0       0x48 c:/program files/stm32cubeide_1.7.0/stm32cubeide/plugins/com.st.stm32cube.ide.mcu.externaltools.gnu-tools-for-stm32.9-2020-q2-update.win32_2.0.0.202105311346/tools/bin/../lib/gcc/arm-none-eabi/9.3.1/thumb/v6-m/nofp/crtbegin.o
 .text          0x0000000008000108       0x14 c:/program files/stm32cubeide_1.7.0/stm32cubeide/plugins/com.st.stm32cube.ide.mcu.externaltools.gnu-tools-for-stm32.9-2020-q2-update.win32_2.0.0.202105311346/tools/bin/../lib/gcc/arm-none-eabi/9.3.1/../../../../arm-none-eabi/lib/thumb/v6-m/nofp\libc_nano.a(lib_a-strcmp.o)
                0x0000000008000108                strcmp
 .text          0x000000000800011c        0xe c:/program files/stm32cubeide_1.7.0/stm32cubeide/plugins/com.st.stm32cube.ide.mcu.externaltools.gnu-tools-for-stm32.9-2020-q2-update.win32_2.0.0.202105311346/tools/bin/../lib/gcc/arm-none-eabi/9.3.1/../../../../arm-none-eabi/lib/thumb/v6-m/nofp\libc_nano.a(lib_a-strlen.o)
                0x000000000800011c                strlen
 *fill*         0x000000000800012a        0x2 
 .text          0x000000000800012c       0x14 c:/program files/stm32cubeide_1.7.0/stm32cubeide/plugins/com.st.stm32cube.ide.mcu.externaltools.gnu-tools-for-stm32.9-2020-q2-update.win32_2.0.0.202105311346/tools/bin/../lib/gcc/arm-none-eabi/9.3.1/thumb/v6-m/nofp\libgcc.a(_thumb1_case_uqi.o)
                0x000000000800012c                __gnu_thumb1_case_uqi
 .text          0x0000000008000140       0x14 c:/program files/stm32cubeide_1.7.0/stm32cubeide/plugins/com.st.stm32cube.ide.mcu.externaltools.gnu-tools-for-stm32.9-2020-q2-update.win32_2.0.0.202105311346/tools/bin/../lib/gcc/arm-none-eabi/9.3.1/thumb/v6-m/nofp\libgcc.a(_thumb1_case_shi.o)
                0x0000000008000140                __gnu_thumb1_case_shi
 .text          0x0000000008000154       0x14 c:/program files/stm32cubeide_1.7.0/stm32cubeide/plugins/com.st.stm32cube.ide.mcu.externaltools.gnu-tools-for-stm32.9-2020-q2-update.win32_2.0.0.202105311346/tools/bin/../lib/gcc/arm-none-eabi/9.3.1/thumb/v6-m/nofp\libgcc.a(_thumb1_case_uhi.o)
                0x0000000008000154                __gnu_thumb1_case_uhi
 .text          0x0000000008000168      0x114 c:/program files/stm32cubeide_1.7.0/stm32cubeide/plugins/com.st.stm32cube.ide.mcu.externaltools.gnu-tools-for-stm32.9-2020-q2-update.win32_2.0.0.202105311346/tools/bin/../lib/gcc/arm-none-eabi/9.3.1/thumb/v6-m/nofp\libgcc.a(_udivsi3.o)
                0x0000000008000168                __aeabi_uidiv
                0x0000000008000168                __udivsi3
                0x0000000008000274                __aeabi_uidivmod
 .text          0x000000000800027c        0x4 c:/program files/stm32cubeide_1.7.0/stm32cubeide/plugins/com.st.stm32cube.ide.mcu.externaltools.gnu-tools-for-stm32.9-2020-q2-update.win32_2.0.0.202105311346/tools/bin/../lib/gcc/arm-none-eabi/9.3.1/thumb/v6-m/nofp\libgcc.a(_dvmd_tls.o)
                0x000000000800027c                __aeabi_idiv0
                0x000000000800027c                __aeabi_ldiv0
 .text          0x0000000008000280       0x18 c:/program files/stm32cubeide_1.7.0/stm32cubeide/plugins/com.st.stm32cube.ide.mcu.externaltools.gnu-tools-for-stm32.9-2020-q2-update.win32_2.0.0.202105311346/tools/bin/../lib/gcc/arm-none-eabi/9.3.1/thumb/v6-m/nofp\libgcc.a(_lshrdi3.o)
                0x0000000008000280                __lshrdi3
                0x0000000008000280                __aeabi_llsr
 *(.text*)
 .text.clearBuf
                0x0000000008000298       0x10 ./Core/Src/POST.o
                0x0000000008000298                clearBuf
 .text.POST     0x00000000080002a8      0x170 ./Core/Src/POST.o
                0x00000000080002a8                POST
 .text.setLineDirection
                0x0000000008000418       0x34 ./Core/Src/i2c.o
                0x0000000008000418                setLineDirection
 .text.SFT_I2C_Init
                0x000000000800044c       0x24 ./Core/Src/i2c.o
                0x000000000800044c                SFT_I2C_Init
 .text.startCondition
                0x0000000008000470       0x4e ./Core/Src/i2c.o
                0x0000000008000470                startCondition
 .text.stopCondition
                0x00000000080004be       0x32 ./Core/Src/i2c.o
                0x00000000080004be                stopCondition
 .text.sendByte
                0x00000000080004f0       0x50 ./Core/Src/i2c.o
                0x00000000080004f0                sendByte
 .text.recvByte
                0x0000000008000540       0x94 ./Core/Src/i2c.o
                0x0000000008000540                recvByte
 .text.readReceipt
                0x00000000080005d4       0x54 ./Core/Src/i2c.o
                0x00000000080005d4                readReceipt
 .text.SFT_I2C_Master_Transmit
                0x0000000008000628       0x3a ./Core/Src/i2c.o
                0x0000000008000628                SFT_I2C_Master_Transmit
 .text.SFT_I2C_Master_Receive
                0x0000000008000662       0x44 ./Core/Src/i2c.o
                0x0000000008000662                SFT_I2C_Master_Receive
 *fill*         0x00000000080006a6        0x2 
 .text.readWord
                0x00000000080006a8       0x20 ./Core/Src/i2cSlave.o
                0x00000000080006a8                readWord
 .text.writeWord
                0x00000000080006c8       0x18 ./Core/Src/i2cSlave.o
                0x00000000080006c8                writeWord
 .text.clearHi2c
                0x00000000080006e0       0x2c ./Core/Src/i2cSlave.o
                0x00000000080006e0                clearHi2c
 .text.checkChange
                0x000000000800070c       0x68 ./Core/Src/i2cSlave.o
                0x000000000800070c                checkChange
 .text.i2cSM    0x0000000008000774      0x20c ./Core/Src/i2cSlave.o
                0x0000000008000774                i2cSM
 .text.DisableSPI
                0x0000000008000980       0x30 ./Core/Src/main.o
                0x0000000008000980                DisableSPI
 .text.SetI2C_Mask
                0x00000000080009b0       0x28 ./Core/Src/main.o
                0x00000000080009b0                SetI2C_Mask
 .text.ClrI2C_Mask
                0x00000000080009d8       0x28 ./Core/Src/main.o
                0x00000000080009d8                ClrI2C_Mask
 .text.Set_CS   0x0000000008000a00       0x20 ./Core/Src/main.o
                0x0000000008000a00                Set_CS
 .text.Clr_CS   0x0000000008000a20       0x20 ./Core/Src/main.o
                0x0000000008000a20                Clr_CS
 .text.Test_RxPacket
                0x0000000008000a40       0x30 ./Core/Src/main.o
                0x0000000008000a40                Test_RxPacket
 .text.UART_putstrln
                0x0000000008000a70       0x48 ./Core/Src/main.o
                0x0000000008000a70                UART_putstrln
 .text.UART_SendByte
                0x0000000008000ab8       0x16 ./Core/Src/main.o
                0x0000000008000ab8                UART_SendByte
 *fill*         0x0000000008000ace        0x2 
 .text.ReadUartNonBlock
                0x0000000008000ad0       0x38 ./Core/Src/main.o
                0x0000000008000ad0                ReadUartNonBlock
 .text.userInput
                0x0000000008000b08      0x11c ./Core/Src/main.o
                0x0000000008000b08                userInput
 .text.refreshConsoleBuffer
                0x0000000008000c24       0x1c ./Core/Src/main.o
                0x0000000008000c24                refreshConsoleBuffer
 .text.clearUartConsole
                0x0000000008000c40       0x10 ./Core/Src/main.o
                0x0000000008000c40                clearUartConsole
 .text.ByteToHEX
                0x0000000008000c50       0x16 ./Core/Src/main.o
                0x0000000008000c50                ByteToHEX
 *fill*         0x0000000008000c66        0x2 
 .text.HAL_TIM_PeriodElapsedCallback
                0x0000000008000c68       0x44 ./Core/Src/main.o
                0x0000000008000c68                HAL_TIM_PeriodElapsedCallback
 .text.Error_Handler
                0x0000000008000cac       0x14 ./Core/Src/main.o
                0x0000000008000cac                Error_Handler
 .text.MX_SPI1_Init
                0x0000000008000cc0       0x4c ./Core/Src/main.o
 .text.EnableSPI
                0x0000000008000d0c       0x44 ./Core/Src/main.o
                0x0000000008000d0c                EnableSPI
 .text.UART_Con_Mash
                0x0000000008000d50      0x200 ./Core/Src/main.o
                0x0000000008000d50                UART_Con_Mash
 .text.SystemClock_Config
                0x0000000008000f50       0x74 ./Core/Src/main.o
                0x0000000008000f50                SystemClock_Config
 .text.startup.main
                0x0000000008000fc4      0x31c ./Core/Src/main.o
                0x0000000008000fc4                main
 .text.SPI_ReadStatus
                0x00000000080012e0       0x48 ./Core/Src/memory.o
                0x00000000080012e0                SPI_ReadStatus
 .text.Flash_WriteEnable
                0x0000000008001328       0x30 ./Core/Src/memory.o
                0x0000000008001328                Flash_WriteEnable
 .text.SPI_EraseAddr
                0x0000000008001358       0x54 ./Core/Src/memory.o
                0x0000000008001358                SPI_EraseAddr
 .text.Flash_PageWrite
                0x00000000080013ac       0x88 ./Core/Src/memory.o
                0x00000000080013ac                Flash_PageWrite
 .text.SPI_Reset
                0x0000000008001434       0x34 ./Core/Src/memory.o
                0x0000000008001434                SPI_Reset
 .text.SPI_ReadID
                0x0000000008001468       0x5c ./Core/Src/memory.o
                0x0000000008001468                SPI_ReadID
 .text.Xmodem_SPI
                0x00000000080014c4      0x1d0 ./Core/Src/memory.o
                0x00000000080014c4                Xmodem_SPI
 .text.Xmodem_Init
                0x0000000008001694       0x38 ./Core/Src/memory.o
                0x0000000008001694                Xmodem_Init
 .text.FlashDump
                0x00000000080016cc       0xac ./Core/Src/memory.o
                0x00000000080016cc                FlashDump
 .text.memoryMenu
                0x0000000008001778       0xf4 ./Core/Src/memory.o
                0x0000000008001778                memoryMenu
 .text.writeConfig
                0x000000000800186c       0x54 ./Core/Src/memory.o
                0x000000000800186c                writeConfig
 .text.readConfig
                0x00000000080018c0       0x18 ./Core/Src/memory.o
                0x00000000080018c0                readConfig
 .text.debouncer
                0x00000000080018d8       0x4c ./Core/Src/power.o
                0x00000000080018d8                debouncer
 .text.checkPowerLevels
                0x0000000008001924       0xfc ./Core/Src/power.o
                0x0000000008001924                checkPowerLevels
 .text.BootMenu
                0x0000000008001a20      0x168 ./Core/Src/power.o
                0x0000000008001a20                BootMenu
 .text.PowerSM  0x0000000008001b88      0x1cc ./Core/Src/power.o
                0x0000000008001b88                PowerSM
 .text.HAL_MspInit
                0x0000000008001d54       0x3c ./Core/Src/stm32f0xx_hal_msp.o
                0x0000000008001d54                HAL_MspInit
 .text.HAL_ADC_MspInit
                0x0000000008001d90       0x2c ./Core/Src/stm32f0xx_hal_msp.o
                0x0000000008001d90                HAL_ADC_MspInit
 .text.HAL_I2C_MspInit
                0x0000000008001dbc       0x6c ./Core/Src/stm32f0xx_hal_msp.o
                0x0000000008001dbc                HAL_I2C_MspInit
 .text.HAL_SPI_MspInit
                0x0000000008001e28       0x78 ./Core/Src/stm32f0xx_hal_msp.o
                0x0000000008001e28                HAL_SPI_MspInit
 .text.HAL_SPI_MspDeInit
                0x0000000008001ea0       0x34 ./Core/Src/stm32f0xx_hal_msp.o
                0x0000000008001ea0                HAL_SPI_MspDeInit
 .text.HAL_InitTick
                0x0000000008001ed4       0x7c ./Core/Src/stm32f0xx_hal_timebase_tim.o
                0x0000000008001ed4                HAL_InitTick
 .text.NMI_Handler
                0x0000000008001f50        0x2 ./Core/Src/stm32f0xx_it.o
                0x0000000008001f50                NMI_Handler
 .text.HardFault_Handler
                0x0000000008001f52        0x2 ./Core/Src/stm32f0xx_it.o
                0x0000000008001f52                HardFault_Handler
 .text.SVC_Handler
                0x0000000008001f54        0x2 ./Core/Src/stm32f0xx_it.o
                0x0000000008001f54                SVC_Handler
 .text.PendSV_Handler
                0x0000000008001f56        0x2 ./Core/Src/stm32f0xx_it.o
                0x0000000008001f56                PendSV_Handler
 .text.SysTick_Handler
                0x0000000008001f58        0x2 ./Core/Src/stm32f0xx_it.o
                0x0000000008001f58                SysTick_Handler
 *fill*         0x0000000008001f5a        0x2 
 .text.TIM17_IRQHandler
                0x0000000008001f5c       0x10 ./Core/Src/stm32f0xx_it.o
                0x0000000008001f5c                TIM17_IRQHandler
 .text.SPI1_IRQHandler
                0x0000000008001f6c       0x10 ./Core/Src/stm32f0xx_it.o
                0x0000000008001f6c                SPI1_IRQHandler
 .text.USB_IRQHandler
                0x0000000008001f7c       0x10 ./Core/Src/stm32f0xx_it.o
                0x0000000008001f7c                USB_IRQHandler
 .text._sbrk    0x0000000008001f8c       0x40 ./Core/Src/sysmem.o
                0x0000000008001f8c                _sbrk
 .text.SystemInit
                0x0000000008001fcc        0x2 ./Core/Src/system_stm32f0xx.o
                0x0000000008001fcc                SystemInit
 *fill*         0x0000000008001fce        0x2 
 .text.Reset_Handler
                0x0000000008001fd0       0x50 ./Core/Startup/startup_stm32f048g6ux.o
                0x0000000008001fd0                Reset_Handler
 .text.Default_Handler
                0x0000000008002020        0x2 ./Core/Startup/startup_stm32f048g6ux.o
                0x0000000008002020                TIM1_CC_IRQHandler
                0x0000000008002020                TSC_IRQHandler
                0x0000000008002020                I2C1_IRQHandler
                0x0000000008002020                RCC_CRS_IRQHandler
                0x0000000008002020                EXTI2_3_IRQHandler
                0x0000000008002020                ADC1_IRQHandler
                0x0000000008002020                CEC_CAN_IRQHandler
                0x0000000008002020                RTC_IRQHandler
                0x0000000008002020                TIM16_IRQHandler
                0x0000000008002020                TIM3_IRQHandler
                0x0000000008002020                EXTI4_15_IRQHandler
                0x0000000008002020                DMA1_Channel1_IRQHandler
                0x0000000008002020                Default_Handler
                0x0000000008002020                TIM14_IRQHandler
                0x0000000008002020                DMA1_Channel4_5_IRQHandler
                0x0000000008002020                EXTI0_1_IRQHandler
                0x0000000008002020                SPI2_IRQHandler
                0x0000000008002020                WWDG_IRQHandler
                0x0000000008002020                TIM2_IRQHandler
                0x0000000008002020                DMA1_Channel2_3_IRQHandler
                0x0000000008002020                USART2_IRQHandler
                0x0000000008002020                VDDIO2_IRQHandler
                0x0000000008002020                FLASH_IRQHandler
                0x0000000008002020                USART1_IRQHandler
                0x0000000008002020                TIM1_BRK_UP_TRG_COM_IRQHandler
 *fill*         0x0000000008002022        0x2 
 .text.HAL_Init
                0x0000000008002024       0x20 ./Drivers/STM32F0xx_HAL_Driver/Src/stm32f0xx_hal.o
                0x0000000008002024                HAL_Init
 .text.HAL_IncTick
                0x0000000008002044       0x18 ./Drivers/STM32F0xx_HAL_Driver/Src/stm32f0xx_hal.o
                0x0000000008002044                HAL_IncTick
 .text.HAL_GetTick
                0x000000000800205c        0xc ./Drivers/STM32F0xx_HAL_Driver/Src/stm32f0xx_hal.o
                0x000000000800205c                HAL_GetTick
 .text.HAL_Delay
                0x0000000008002068       0x24 ./Drivers/STM32F0xx_HAL_Driver/Src/stm32f0xx_hal.o
                0x0000000008002068                HAL_Delay
 .text.HAL_ADC_Init
                0x000000000800208c      0x150 ./Drivers/STM32F0xx_HAL_Driver/Src/stm32f0xx_hal_adc.o
                0x000000000800208c                HAL_ADC_Init
 .text.HAL_ADC_ConfigChannel
                0x00000000080021dc      0x108 ./Drivers/STM32F0xx_HAL_Driver/Src/stm32f0xx_hal_adc.o
                0x00000000080021dc                HAL_ADC_ConfigChannel
 .text.HAL_NVIC_SetPriority
                0x00000000080022e4       0x54 ./Drivers/STM32F0xx_HAL_Driver/Src/stm32f0xx_hal_cortex.o
                0x00000000080022e4                HAL_NVIC_SetPriority
 .text.HAL_NVIC_EnableIRQ
                0x0000000008002338       0x18 ./Drivers/STM32F0xx_HAL_Driver/Src/stm32f0xx_hal_cortex.o
                0x0000000008002338                HAL_NVIC_EnableIRQ
 .text.HAL_NVIC_DisableIRQ
                0x0000000008002350       0x20 ./Drivers/STM32F0xx_HAL_Driver/Src/stm32f0xx_hal_cortex.o
                0x0000000008002350                HAL_NVIC_DisableIRQ
 .text.HAL_DMA_Abort_IT
                0x0000000008002370       0x46 ./Drivers/STM32F0xx_HAL_Driver/Src/stm32f0xx_hal_dma.o
                0x0000000008002370                HAL_DMA_Abort_IT
 *fill*         0x00000000080023b6        0x2 
 .text.FLASH_SetErrorCode
                0x00000000080023b8       0x3c ./Drivers/STM32F0xx_HAL_Driver/Src/stm32f0xx_hal_flash.o
 .text.HAL_FLASH_Unlock
                0x00000000080023f4       0x28 ./Drivers/STM32F0xx_HAL_Driver/Src/stm32f0xx_hal_flash.o
                0x00000000080023f4                HAL_FLASH_Unlock
 .text.HAL_FLASH_Lock
                0x000000000800241c       0x14 ./Drivers/STM32F0xx_HAL_Driver/Src/stm32f0xx_hal_flash.o
                0x000000000800241c                HAL_FLASH_Lock
 .text.FLASH_WaitForLastOperation
                0x0000000008002430       0x58 ./Drivers/STM32F0xx_HAL_Driver/Src/stm32f0xx_hal_flash.o
                0x0000000008002430                FLASH_WaitForLastOperation
 .text.HAL_FLASH_Program
                0x0000000008002488       0x84 ./Drivers/STM32F0xx_HAL_Driver/Src/stm32f0xx_hal_flash.o
                0x0000000008002488                HAL_FLASH_Program
 .text.FLASH_MassErase
                0x000000000800250c       0x24 ./Drivers/STM32F0xx_HAL_Driver/Src/stm32f0xx_hal_flash_ex.o
 .text.FLASH_PageErase
                0x0000000008002530       0x24 ./Drivers/STM32F0xx_HAL_Driver/Src/stm32f0xx_hal_flash_ex.o
                0x0000000008002530                FLASH_PageErase
 .text.HAL_FLASHEx_Erase
                0x0000000008002554       0x94 ./Drivers/STM32F0xx_HAL_Driver/Src/stm32f0xx_hal_flash_ex.o
                0x0000000008002554                HAL_FLASHEx_Erase
 .text.HAL_GPIO_Init
                0x00000000080025e8      0x160 ./Drivers/STM32F0xx_HAL_Driver/Src/stm32f0xx_hal_gpio.o
                0x00000000080025e8                HAL_GPIO_Init
 .text.HAL_GPIO_DeInit
                0x0000000008002748       0xd0 ./Drivers/STM32F0xx_HAL_Driver/Src/stm32f0xx_hal_gpio.o
                0x0000000008002748                HAL_GPIO_DeInit
 .text.HAL_GPIO_ReadPin
                0x0000000008002818        0xc ./Drivers/STM32F0xx_HAL_Driver/Src/stm32f0xx_hal_gpio.o
                0x0000000008002818                HAL_GPIO_ReadPin
 .text.HAL_GPIO_WritePin
                0x0000000008002824        0xc ./Drivers/STM32F0xx_HAL_Driver/Src/stm32f0xx_hal_gpio.o
                0x0000000008002824                HAL_GPIO_WritePin
 .text.HAL_I2C_Init
                0x0000000008002830       0xac ./Drivers/STM32F0xx_HAL_Driver/Src/stm32f0xx_hal_i2c.o
                0x0000000008002830                HAL_I2C_Init
 .text.HAL_I2CEx_ConfigAnalogFilter
                0x00000000080028dc       0x4c ./Drivers/STM32F0xx_HAL_Driver/Src/stm32f0xx_hal_i2c_ex.o
                0x00000000080028dc                HAL_I2CEx_ConfigAnalogFilter
 .text.HAL_I2CEx_ConfigDigitalFilter
                0x0000000008002928       0x48 ./Drivers/STM32F0xx_HAL_Driver/Src/stm32f0xx_hal_i2c_ex.o
                0x0000000008002928                HAL_I2CEx_ConfigDigitalFilter
 .text.HAL_PCD_Init
                0x0000000008002970       0xd8 ./Drivers/STM32F0xx_HAL_Driver/Src/stm32f0xx_hal_pcd.o
                0x0000000008002970                HAL_PCD_Init
 .text.HAL_PCD_Start
                0x0000000008002a48       0x26 ./Drivers/STM32F0xx_HAL_Driver/Src/stm32f0xx_hal_pcd.o
                0x0000000008002a48                HAL_PCD_Start
 .text.HAL_PCD_SetAddress
                0x0000000008002a6e       0x24 ./Drivers/STM32F0xx_HAL_Driver/Src/stm32f0xx_hal_pcd.o
                0x0000000008002a6e                HAL_PCD_SetAddress
 *fill*         0x0000000008002a92        0x2 
 .text.HAL_PCD_IRQHandler
                0x0000000008002a94      0xa2c ./Drivers/STM32F0xx_HAL_Driver/Src/stm32f0xx_hal_pcd.o
                0x0000000008002a94                HAL_PCD_IRQHandler
 .text.HAL_PCD_EP_Open
                0x00000000080034c0       0x62 ./Drivers/STM32F0xx_HAL_Driver/Src/stm32f0xx_hal_pcd.o
                0x00000000080034c0                HAL_PCD_EP_Open
 .text.HAL_PCD_EP_Close
                0x0000000008003522       0x4e ./Drivers/STM32F0xx_HAL_Driver/Src/stm32f0xx_hal_pcd.o
                0x0000000008003522                HAL_PCD_EP_Close
 .text.HAL_PCD_EP_Receive
                0x0000000008003570       0x42 ./Drivers/STM32F0xx_HAL_Driver/Src/stm32f0xx_hal_pcd.o
                0x0000000008003570                HAL_PCD_EP_Receive
 .text.HAL_PCD_EP_GetRxCount
                0x00000000080035b2       0x12 ./Drivers/STM32F0xx_HAL_Driver/Src/stm32f0xx_hal_pcd.o
                0x00000000080035b2                HAL_PCD_EP_GetRxCount
 .text.HAL_PCD_EP_Transmit
                0x00000000080035c4       0x3a ./Drivers/STM32F0xx_HAL_Driver/Src/stm32f0xx_hal_pcd.o
                0x00000000080035c4                HAL_PCD_EP_Transmit
 .text.HAL_PCD_EP_SetStall
                0x00000000080035fe       0x56 ./Drivers/STM32F0xx_HAL_Driver/Src/stm32f0xx_hal_pcd.o
                0x00000000080035fe                HAL_PCD_EP_SetStall
 .text.HAL_PCD_EP_ClrStall
                0x0000000008003654       0x5e ./Drivers/STM32F0xx_HAL_Driver/Src/stm32f0xx_hal_pcd.o
                0x0000000008003654                HAL_PCD_EP_ClrStall
 .text.HAL_PCDEx_PMAConfig
                0x00000000080036b2       0x34 ./Drivers/STM32F0xx_HAL_Driver/Src/stm32f0xx_hal_pcd_ex.o
                0x00000000080036b2                HAL_PCDEx_PMAConfig
 .text.HAL_PCDEx_ActivateLPM
                0x00000000080036e6       0x28 ./Drivers/STM32F0xx_HAL_Driver/Src/stm32f0xx_hal_pcd_ex.o
                0x00000000080036e6                HAL_PCDEx_ActivateLPM
 .text.HAL_PCDEx_LPM_Callback
                0x000000000800370e        0x2 ./Drivers/STM32F0xx_HAL_Driver/Src/stm32f0xx_hal_pcd_ex.o
                0x000000000800370e                HAL_PCDEx_LPM_Callback
 .text.HAL_RCC_OscConfig
                0x0000000008003710      0x4a0 ./Drivers/STM32F0xx_HAL_Driver/Src/stm32f0xx_hal_rcc.o
                0x0000000008003710                HAL_RCC_OscConfig
 .text.HAL_RCC_GetSysClockFreq
                0x0000000008003bb0       0x84 ./Drivers/STM32F0xx_HAL_Driver/Src/stm32f0xx_hal_rcc.o
                0x0000000008003bb0                HAL_RCC_GetSysClockFreq
 .text.HAL_RCC_ClockConfig
                0x0000000008003c34      0x118 ./Drivers/STM32F0xx_HAL_Driver/Src/stm32f0xx_hal_rcc.o
                0x0000000008003c34                HAL_RCC_ClockConfig
 .text.HAL_RCC_GetPCLK1Freq
                0x0000000008003d4c       0x20 ./Drivers/STM32F0xx_HAL_Driver/Src/stm32f0xx_hal_rcc.o
                0x0000000008003d4c                HAL_RCC_GetPCLK1Freq
 .text.HAL_RCC_GetClockConfig
                0x0000000008003d6c       0x38 ./Drivers/STM32F0xx_HAL_Driver/Src/stm32f0xx_hal_rcc.o
                0x0000000008003d6c                HAL_RCC_GetClockConfig
 .text.HAL_RCCEx_PeriphCLKConfig
                0x0000000008003da4      0x130 ./Drivers/STM32F0xx_HAL_Driver/Src/stm32f0xx_hal_rcc_ex.o
                0x0000000008003da4                HAL_RCCEx_PeriphCLKConfig
 .text.SPI_WaitFlagStateUntilTimeout.constprop.0
                0x0000000008003ed4       0xb8 ./Drivers/STM32F0xx_HAL_Driver/Src/stm32f0xx_hal_spi.o
 .text.SPI_WaitFifoStateUntilTimeout.constprop.0
                0x0000000008003f8c       0xd8 ./Drivers/STM32F0xx_HAL_Driver/Src/stm32f0xx_hal_spi.o
 .text.SPI_EndRxTransaction
                0x0000000008004064       0x7a ./Drivers/STM32F0xx_HAL_Driver/Src/stm32f0xx_hal_spi.o
 .text.SPI_EndRxTxTransaction
                0x00000000080040de       0x46 ./Drivers/STM32F0xx_HAL_Driver/Src/stm32f0xx_hal_spi.o
 .text.HAL_SPI_Init
                0x0000000008004124       0xf0 ./Drivers/STM32F0xx_HAL_Driver/Src/stm32f0xx_hal_spi.o
                0x0000000008004124                HAL_SPI_Init
 .text.HAL_SPI_DeInit
                0x0000000008004214       0x2e ./Drivers/STM32F0xx_HAL_Driver/Src/stm32f0xx_hal_spi.o
                0x0000000008004214                HAL_SPI_DeInit
 .text.HAL_SPI_Transmit
                0x0000000008004242      0x17a ./Drivers/STM32F0xx_HAL_Driver/Src/stm32f0xx_hal_spi.o
                0x0000000008004242                HAL_SPI_Transmit
 .text.HAL_SPI_TransmitReceive
                0x00000000080043bc      0x20c ./Drivers/STM32F0xx_HAL_Driver/Src/stm32f0xx_hal_spi.o
                0x00000000080043bc                HAL_SPI_TransmitReceive
 .text.HAL_SPI_Receive
                0x00000000080045c8      0x178 ./Drivers/STM32F0xx_HAL_Driver/Src/stm32f0xx_hal_spi.o
                0x00000000080045c8                HAL_SPI_Receive
 .text.HAL_SPI_ErrorCallback
                0x0000000008004740        0x2 ./Drivers/STM32F0xx_HAL_Driver/Src/stm32f0xx_hal_spi.o
                0x0000000008004740                HAL_SPI_ErrorCallback
 *fill*         0x0000000008004742        0x2 
 .text.HAL_SPI_IRQHandler
                0x0000000008004744      0x120 ./Drivers/STM32F0xx_HAL_Driver/Src/stm32f0xx_hal_spi.o
                0x0000000008004744                HAL_SPI_IRQHandler
 .text.SPI_DMAAbortOnError
                0x0000000008004864       0x14 ./Drivers/STM32F0xx_HAL_Driver/Src/stm32f0xx_hal_spi.o
 .text.HAL_TIM_Base_MspInit
                0x0000000008004878        0x2 ./Drivers/STM32F0xx_HAL_Driver/Src/stm32f0xx_hal_tim.o
                0x0000000008004878                HAL_TIM_Base_MspInit
 *fill*         0x000000000800487a        0x2 
 .text.HAL_TIM_Base_Start_IT
                0x000000000800487c       0x58 ./Drivers/STM32F0xx_HAL_Driver/Src/stm32f0xx_hal_tim.o
                0x000000000800487c                HAL_TIM_Base_Start_IT
 .text.HAL_TIM_OC_DelayElapsedCallback
                0x00000000080048d4        0x2 ./Drivers/STM32F0xx_HAL_Driver/Src/stm32f0xx_hal_tim.o
                0x00000000080048d4                HAL_TIM_OC_DelayElapsedCallback
 .text.HAL_TIM_IC_CaptureCallback
                0x00000000080048d6        0x2 ./Drivers/STM32F0xx_HAL_Driver/Src/stm32f0xx_hal_tim.o
                0x00000000080048d6                HAL_TIM_IC_CaptureCallback
 .text.HAL_TIM_PWM_PulseFinishedCallback
                0x00000000080048d8        0x2 ./Drivers/STM32F0xx_HAL_Driver/Src/stm32f0xx_hal_tim.o
                0x00000000080048d8                HAL_TIM_PWM_PulseFinishedCallback
 .text.HAL_TIM_TriggerCallback
                0x00000000080048da        0x2 ./Drivers/STM32F0xx_HAL_Driver/Src/stm32f0xx_hal_tim.o
                0x00000000080048da                HAL_TIM_TriggerCallback
 .text.HAL_TIM_IRQHandler
                0x00000000080048dc      0x148 ./Drivers/STM32F0xx_HAL_Driver/Src/stm32f0xx_hal_tim.o
                0x00000000080048dc                HAL_TIM_IRQHandler
 .text.TIM_Base_SetConfig
                0x0000000008004a24       0x90 ./Drivers/STM32F0xx_HAL_Driver/Src/stm32f0xx_hal_tim.o
                0x0000000008004a24                TIM_Base_SetConfig
 .text.HAL_TIM_Base_Init
                0x0000000008004ab4       0x50 ./Drivers/STM32F0xx_HAL_Driver/Src/stm32f0xx_hal_tim.o
                0x0000000008004ab4                HAL_TIM_Base_Init
 .text.HAL_TIMEx_CommutCallback
                0x0000000008004b04        0x2 ./Drivers/STM32F0xx_HAL_Driver/Src/stm32f0xx_hal_tim_ex.o
                0x0000000008004b04                HAL_TIMEx_CommutCallback
 .text.HAL_TIMEx_BreakCallback
                0x0000000008004b06        0x2 ./Drivers/STM32F0xx_HAL_Driver/Src/stm32f0xx_hal_tim_ex.o
                0x0000000008004b06                HAL_TIMEx_BreakCallback
 .text.USB_EnableGlobalInt
                0x0000000008004b08       0x14 ./Drivers/STM32F0xx_HAL_Driver/Src/stm32f0xx_ll_usb.o
                0x0000000008004b08                USB_EnableGlobalInt
 .text.USB_DisableGlobalInt
                0x0000000008004b1c       0x14 ./Drivers/STM32F0xx_HAL_Driver/Src/stm32f0xx_ll_usb.o
                0x0000000008004b1c                USB_DisableGlobalInt
 .text.USB_DevInit
                0x0000000008004b30       0x26 ./Drivers/STM32F0xx_HAL_Driver/Src/stm32f0xx_ll_usb.o
                0x0000000008004b30                USB_DevInit
 *fill*         0x0000000008004b56        0x2 
 .text.USB_ActivateEndpoint
                0x0000000008004b58      0x27c ./Drivers/STM32F0xx_HAL_Driver/Src/stm32f0xx_ll_usb.o
                0x0000000008004b58                USB_ActivateEndpoint
 .text.USB_DeactivateEndpoint
                0x0000000008004dd4      0x12c ./Drivers/STM32F0xx_HAL_Driver/Src/stm32f0xx_ll_usb.o
                0x0000000008004dd4                USB_DeactivateEndpoint
 .text.USB_EPSetStall
                0x0000000008004f00       0x3c ./Drivers/STM32F0xx_HAL_Driver/Src/stm32f0xx_ll_usb.o
                0x0000000008004f00                USB_EPSetStall
 .text.USB_EPClearStall
                0x0000000008004f3c       0x84 ./Drivers/STM32F0xx_HAL_Driver/Src/stm32f0xx_ll_usb.o
                0x0000000008004f3c                USB_EPClearStall
 .text.USB_SetDevAddress
                0x0000000008004fc0        0xe ./Drivers/STM32F0xx_HAL_Driver/Src/stm32f0xx_ll_usb.o
                0x0000000008004fc0                USB_SetDevAddress
 .text.USB_DevConnect
                0x0000000008004fce       0x10 ./Drivers/STM32F0xx_HAL_Driver/Src/stm32f0xx_ll_usb.o
                0x0000000008004fce                USB_DevConnect
 .text.USB_ReadInterrupts
                0x0000000008004fde        0x8 ./Drivers/STM32F0xx_HAL_Driver/Src/stm32f0xx_ll_usb.o
                0x0000000008004fde                USB_ReadInterrupts
 .text.USB_WritePMA
                0x0000000008004fe6       0x2a ./Drivers/STM32F0xx_HAL_Driver/Src/stm32f0xx_ll_usb.o
                0x0000000008004fe6                USB_WritePMA
 .text.USB_EPStartXfer
                0x0000000008005010      0x554 ./Drivers/STM32F0xx_HAL_Driver/Src/stm32f0xx_ll_usb.o
                0x0000000008005010                USB_EPStartXfer
 .text.USB_ReadPMA
                0x0000000008005564       0x38 ./Drivers/STM32F0xx_HAL_Driver/Src/stm32f0xx_ll_usb.o
                0x0000000008005564                USB_ReadPMA
 .text.USBD_CDC_EP0_RxReady
                0x000000000800559c       0x34 ./Middlewares/ST/STM32_USB_Device_Library/Class/CDC/Src/usbd_cdc.o
 .text.USBD_CDC_GetFSCfgDesc
                0x00000000080055d0        0xc ./Middlewares/ST/STM32_USB_Device_Library/Class/CDC/Src/usbd_cdc.o
 .text.USBD_CDC_GetHSCfgDesc
                0x00000000080055dc        0xc ./Middlewares/ST/STM32_USB_Device_Library/Class/CDC/Src/usbd_cdc.o
 .text.USBD_CDC_GetOtherSpeedCfgDesc
                0x00000000080055e8        0xc ./Middlewares/ST/STM32_USB_Device_Library/Class/CDC/Src/usbd_cdc.o
 .text.USBD_CDC_GetDeviceQualifierDescriptor
                0x00000000080055f4        0xc ./Middlewares/ST/STM32_USB_Device_Library/Class/CDC/Src/usbd_cdc.o
                0x00000000080055f4                USBD_CDC_GetDeviceQualifierDescriptor
 .text.USBD_CDC_DataOut
                0x0000000008005600       0x34 ./Middlewares/ST/STM32_USB_Device_Library/Class/CDC/Src/usbd_cdc.o
 .text.USBD_CDC_DataIn
                0x0000000008005634       0x54 ./Middlewares/ST/STM32_USB_Device_Library/Class/CDC/Src/usbd_cdc.o
 .text.USBD_CDC_Setup
                0x0000000008005688       0xc8 ./Middlewares/ST/STM32_USB_Device_Library/Class/CDC/Src/usbd_cdc.o
 .text.USBD_CDC_DeInit
                0x0000000008005750       0x46 ./Middlewares/ST/STM32_USB_Device_Library/Class/CDC/Src/usbd_cdc.o
 .text.USBD_CDC_Init
                0x0000000008005796       0xa4 ./Middlewares/ST/STM32_USB_Device_Library/Class/CDC/Src/usbd_cdc.o
 .text.USBD_CDC_RegisterInterface
                0x000000000800583a       0x12 ./Middlewares/ST/STM32_USB_Device_Library/Class/CDC/Src/usbd_cdc.o
                0x000000000800583a                USBD_CDC_RegisterInterface
 .text.USBD_CDC_SetTxBuffer
                0x000000000800584c       0x16 ./Middlewares/ST/STM32_USB_Device_Library/Class/CDC/Src/usbd_cdc.o
                0x000000000800584c                USBD_CDC_SetTxBuffer
 .text.USBD_CDC_SetRxBuffer
                0x0000000008005862        0xe ./Middlewares/ST/STM32_USB_Device_Library/Class/CDC/Src/usbd_cdc.o
                0x0000000008005862                USBD_CDC_SetRxBuffer
 .text.USBD_CDC_TransmitPacket
                0x0000000008005870       0x38 ./Middlewares/ST/STM32_USB_Device_Library/Class/CDC/Src/usbd_cdc.o
                0x0000000008005870                USBD_CDC_TransmitPacket
 .text.USBD_CDC_ReceivePacket
                0x00000000080058a8       0x34 ./Middlewares/ST/STM32_USB_Device_Library/Class/CDC/Src/usbd_cdc.o
                0x00000000080058a8                USBD_CDC_ReceivePacket
 .text.USBD_Init
                0x00000000080058dc       0x34 ./Middlewares/ST/STM32_USB_Device_Library/Core/Src/usbd_core.o
                0x00000000080058dc                USBD_Init
 .text.USBD_RegisterClass
                0x0000000008005910       0x12 ./Middlewares/ST/STM32_USB_Device_Library/Core/Src/usbd_core.o
                0x0000000008005910                USBD_RegisterClass
 .text.USBD_Start
                0x0000000008005922        0xa ./Middlewares/ST/STM32_USB_Device_Library/Core/Src/usbd_core.o
                0x0000000008005922                USBD_Start
 .text.USBD_SetClassConfig
                0x000000000800592c       0x1a ./Middlewares/ST/STM32_USB_Device_Library/Core/Src/usbd_core.o
                0x000000000800592c                USBD_SetClassConfig
 .text.USBD_ClrClassConfig
                0x0000000008005946       0x10 ./Middlewares/ST/STM32_USB_Device_Library/Core/Src/usbd_core.o
                0x0000000008005946                USBD_ClrClassConfig
 *fill*         0x0000000008005956        0x2 
 .text.USBD_LL_SetupStage
                0x0000000008005958       0x64 ./Middlewares/ST/STM32_USB_Device_Library/Core/Src/usbd_core.o
                0x0000000008005958                USBD_LL_SetupStage
 .text.USBD_LL_DataOutStage
                0x00000000080059bc       0x8c ./Middlewares/ST/STM32_USB_Device_Library/Core/Src/usbd_core.o
                0x00000000080059bc                USBD_LL_DataOutStage
 .text.USBD_LL_DataInStage
                0x0000000008005a48       0xca ./Middlewares/ST/STM32_USB_Device_Library/Core/Src/usbd_core.o
                0x0000000008005a48                USBD_LL_DataInStage
 .text.USBD_LL_Reset
                0x0000000008005b12       0x54 ./Middlewares/ST/STM32_USB_Device_Library/Core/Src/usbd_core.o
                0x0000000008005b12                USBD_LL_Reset
 .text.USBD_LL_SetSpeed
                0x0000000008005b66        0x6 ./Middlewares/ST/STM32_USB_Device_Library/Core/Src/usbd_core.o
                0x0000000008005b66                USBD_LL_SetSpeed
 .text.USBD_LL_Suspend
                0x0000000008005b6c       0x18 ./Middlewares/ST/STM32_USB_Device_Library/Core/Src/usbd_core.o
                0x0000000008005b6c                USBD_LL_Suspend
 .text.USBD_LL_Resume
                0x0000000008005b84       0x18 ./Middlewares/ST/STM32_USB_Device_Library/Core/Src/usbd_core.o
                0x0000000008005b84                USBD_LL_Resume
 .text.USBD_LL_SOF
                0x0000000008005b9c       0x1e ./Middlewares/ST/STM32_USB_Device_Library/Core/Src/usbd_core.o
                0x0000000008005b9c                USBD_LL_SOF
 .text.USBD_CtlError.constprop.0
                0x0000000008005bba       0x14 ./Middlewares/ST/STM32_USB_Device_Library/Core/Src/usbd_ctlreq.o
 *fill*         0x0000000008005bce        0x2 
 .text.USBD_StdDevReq
                0x0000000008005bd0      0x26c ./Middlewares/ST/STM32_USB_Device_Library/Core/Src/usbd_ctlreq.o
                0x0000000008005bd0                USBD_StdDevReq
 .text.USBD_StdItfReq
                0x0000000008005e3c       0x50 ./Middlewares/ST/STM32_USB_Device_Library/Core/Src/usbd_ctlreq.o
                0x0000000008005e3c                USBD_StdItfReq
 .text.USBD_StdEPReq
                0x0000000008005e8c      0x12c ./Middlewares/ST/STM32_USB_Device_Library/Core/Src/usbd_ctlreq.o
                0x0000000008005e8c                USBD_StdEPReq
 .text.USBD_ParseSetupRequest
                0x0000000008005fb8       0x28 ./Middlewares/ST/STM32_USB_Device_Library/Core/Src/usbd_ctlreq.o
                0x0000000008005fb8                USBD_ParseSetupRequest
 .text.USBD_CtlError
                0x0000000008005fe0       0x14 ./Middlewares/ST/STM32_USB_Device_Library/Core/Src/usbd_ctlreq.o
                0x0000000008005fe0                USBD_CtlError
 .text.USBD_GetString
                0x0000000008005ff4       0x3c ./Middlewares/ST/STM32_USB_Device_Library/Core/Src/usbd_ctlreq.o
                0x0000000008005ff4                USBD_GetString
 .text.USBD_CtlSendData
                0x0000000008006030       0x1c ./Middlewares/ST/STM32_USB_Device_Library/Core/Src/usbd_ioreq.o
                0x0000000008006030                USBD_CtlSendData
 .text.USBD_CtlContinueSendData
                0x000000000800604c       0x10 ./Middlewares/ST/STM32_USB_Device_Library/Core/Src/usbd_ioreq.o
                0x000000000800604c                USBD_CtlContinueSendData
 .text.USBD_CtlPrepareRx
                0x000000000800605c       0x20 ./Middlewares/ST/STM32_USB_Device_Library/Core/Src/usbd_ioreq.o
                0x000000000800605c                USBD_CtlPrepareRx
 .text.USBD_CtlContinueRx
                0x000000000800607c       0x10 ./Middlewares/ST/STM32_USB_Device_Library/Core/Src/usbd_ioreq.o
                0x000000000800607c                USBD_CtlContinueRx
 .text.USBD_CtlSendStatus
                0x000000000800608c       0x18 ./Middlewares/ST/STM32_USB_Device_Library/Core/Src/usbd_ioreq.o
                0x000000000800608c                USBD_CtlSendStatus
 .text.USBD_CtlReceiveStatus
                0x00000000080060a4       0x18 ./Middlewares/ST/STM32_USB_Device_Library/Core/Src/usbd_ioreq.o
                0x00000000080060a4                USBD_CtlReceiveStatus
 .text.MX_USB_DEVICE_Init
                0x00000000080060bc       0x58 ./USB_DEVICE/App/usb_device.o
                0x00000000080060bc                MX_USB_DEVICE_Init
 .text.CDC_DeInit_FS
                0x0000000008006114        0x4 ./USB_DEVICE/App/usbd_cdc_if.o
 .text.CDC_Control_FS
                0x0000000008006118        0x4 ./USB_DEVICE/App/usbd_cdc_if.o
 .text.CDC_Receive_FS
                0x000000000800611c       0x24 ./USB_DEVICE/App/usbd_cdc_if.o
 .text.CDC_Init_FS
                0x0000000008006140       0x28 ./USB_DEVICE/App/usbd_cdc_if.o
 .text.CDC_Transmit_FS
                0x0000000008006168       0x2c ./USB_DEVICE/App/usbd_cdc_if.o
                0x0000000008006168                CDC_Transmit_FS
 .text.USBD_FS_DeviceDescriptor
                0x0000000008006194        0xc ./USB_DEVICE/App/usbd_desc.o
                0x0000000008006194                USBD_FS_DeviceDescriptor
 .text.USBD_FS_LangIDStrDescriptor
                0x00000000080061a0        0xc ./USB_DEVICE/App/usbd_desc.o
                0x00000000080061a0                USBD_FS_LangIDStrDescriptor
 .text.IntToUnicode
                0x00000000080061ac       0x24 ./USB_DEVICE/App/usbd_desc.o
 .text.USBD_FS_SerialStrDescriptor
                0x00000000080061d0       0x44 ./USB_DEVICE/App/usbd_desc.o
                0x00000000080061d0                USBD_FS_SerialStrDescriptor
 .text.USBD_FS_ManufacturerStrDescriptor
                0x0000000008006214       0x1c ./USB_DEVICE/App/usbd_desc.o
                0x0000000008006214                USBD_FS_ManufacturerStrDescriptor
 .text.USBD_FS_ProductStrDescriptor
                0x0000000008006230       0x1c ./USB_DEVICE/App/usbd_desc.o
                0x0000000008006230                USBD_FS_ProductStrDescriptor
 .text.USBD_FS_ConfigStrDescriptor
                0x000000000800624c       0x1c ./USB_DEVICE/App/usbd_desc.o
                0x000000000800624c                USBD_FS_ConfigStrDescriptor
 .text.USBD_FS_InterfaceStrDescriptor
                0x0000000008006268       0x1c ./USB_DEVICE/App/usbd_desc.o
                0x0000000008006268                USBD_FS_InterfaceStrDescriptor
 .text.HAL_PCD_MspInit
                0x0000000008006284       0x38 ./USB_DEVICE/Target/usbd_conf.o
                0x0000000008006284                HAL_PCD_MspInit
 .text.HAL_PCD_SetupStageCallback
                0x00000000080062bc       0x12 ./USB_DEVICE/Target/usbd_conf.o
                0x00000000080062bc                HAL_PCD_SetupStageCallback
 .text.HAL_PCD_DataOutStageCallback
                0x00000000080062ce       0x1a ./USB_DEVICE/Target/usbd_conf.o
                0x00000000080062ce                HAL_PCD_DataOutStageCallback
 .text.HAL_PCD_DataInStageCallback
                0x00000000080062e8       0x16 ./USB_DEVICE/Target/usbd_conf.o
                0x00000000080062e8                HAL_PCD_DataInStageCallback
 .text.HAL_PCD_SOFCallback
                0x00000000080062fe        0xe ./USB_DEVICE/Target/usbd_conf.o
                0x00000000080062fe                HAL_PCD_SOFCallback
 .text.HAL_PCD_ResetCallback
                0x000000000800630c       0x22 ./USB_DEVICE/Target/usbd_conf.o
                0x000000000800630c                HAL_PCD_ResetCallback
 *fill*         0x000000000800632e        0x2 
 .text.HAL_PCD_SuspendCallback
                0x0000000008006330       0x24 ./USB_DEVICE/Target/usbd_conf.o
                0x0000000008006330                HAL_PCD_SuspendCallback
 .text.HAL_PCD_ResumeCallback
                0x0000000008006354       0x28 ./USB_DEVICE/Target/usbd_conf.o
                0x0000000008006354                HAL_PCD_ResumeCallback
 .text.USBD_LL_Init
                0x000000000800637c       0x80 ./USB_DEVICE/Target/usbd_conf.o
                0x000000000800637c                USBD_LL_Init
 .text.USBD_LL_Start
                0x00000000080063fc       0x20 ./USB_DEVICE/Target/usbd_conf.o
                0x00000000080063fc                USBD_LL_Start
 .text.USBD_LL_OpenEP
                0x000000000800641c       0x24 ./USB_DEVICE/Target/usbd_conf.o
                0x000000000800641c                USBD_LL_OpenEP
 .text.USBD_LL_CloseEP
                0x0000000008006440       0x20 ./USB_DEVICE/Target/usbd_conf.o
                0x0000000008006440                USBD_LL_CloseEP
 .text.USBD_LL_StallEP
                0x0000000008006460       0x20 ./USB_DEVICE/Target/usbd_conf.o
                0x0000000008006460                USBD_LL_StallEP
 .text.USBD_LL_ClearStallEP
                0x0000000008006480       0x20 ./USB_DEVICE/Target/usbd_conf.o
                0x0000000008006480                USBD_LL_ClearStallEP
 .text.USBD_LL_IsStallEP
                0x00000000080064a0       0x2a ./USB_DEVICE/Target/usbd_conf.o
                0x00000000080064a0                USBD_LL_IsStallEP
 *fill*         0x00000000080064ca        0x2 
 .text.USBD_LL_SetUSBAddress
                0x00000000080064cc       0x20 ./USB_DEVICE/Target/usbd_conf.o
                0x00000000080064cc                USBD_LL_SetUSBAddress
 .text.USBD_LL_Transmit
                0x00000000080064ec       0x20 ./USB_DEVICE/Target/usbd_conf.o
                0x00000000080064ec                USBD_LL_Transmit
 .text.USBD_LL_PrepareReceive
                0x000000000800650c       0x20 ./USB_DEVICE/Target/usbd_conf.o
                0x000000000800650c                USBD_LL_PrepareReceive
 .text.USBD_LL_GetRxDataSize
                0x000000000800652c        0xe ./USB_DEVICE/Target/usbd_conf.o
                0x000000000800652c                USBD_LL_GetRxDataSize
 *fill*         0x000000000800653a        0x2 
 .text.USBD_static_malloc
                0x000000000800653c        0x8 ./USB_DEVICE/Target/usbd_conf.o
                0x000000000800653c                USBD_static_malloc
 .text.USBD_static_free
                0x0000000008006544        0x2 ./USB_DEVICE/Target/usbd_conf.o
                0x0000000008006544                USBD_static_free
 .text.atoi     0x0000000008006546        0xc c:/program files/stm32cubeide_1.7.0/stm32cubeide/plugins/com.st.stm32cube.ide.mcu.externaltools.gnu-tools-for-stm32.9-2020-q2-update.win32_2.0.0.202105311346/tools/bin/../lib/gcc/arm-none-eabi/9.3.1/../../../../arm-none-eabi/lib/thumb/v6-m/nofp\libc_nano.a(lib_a-atoi.o)
                0x0000000008006546                atoi
 *fill*         0x0000000008006552        0x2 
 .text.__errno  0x0000000008006554        0xc c:/program files/stm32cubeide_1.7.0/stm32cubeide/plugins/com.st.stm32cube.ide.mcu.externaltools.gnu-tools-for-stm32.9-2020-q2-update.win32_2.0.0.202105311346/tools/bin/../lib/gcc/arm-none-eabi/9.3.1/../../../../arm-none-eabi/lib/thumb/v6-m/nofp\libc_nano.a(lib_a-errno.o)
                0x0000000008006554                __errno
 .text.__libc_init_array
                0x0000000008006560       0x48 c:/program files/stm32cubeide_1.7.0/stm32cubeide/plugins/com.st.stm32cube.ide.mcu.externaltools.gnu-tools-for-stm32.9-2020-q2-update.win32_2.0.0.202105311346/tools/bin/../lib/gcc/arm-none-eabi/9.3.1/../../../../arm-none-eabi/lib/thumb/v6-m/nofp\libc_nano.a(lib_a-init.o)
                0x0000000008006560                __libc_init_array
 .text.memcpy   0x00000000080065a8       0x12 c:/program files/stm32cubeide_1.7.0/stm32cubeide/plugins/com.st.stm32cube.ide.mcu.externaltools.gnu-tools-for-stm32.9-2020-q2-update.win32_2.0.0.202105311346/tools/bin/../lib/gcc/arm-none-eabi/9.3.1/../../../../arm-none-eabi/lib/thumb/v6-m/nofp\libc_nano.a(lib_a-memcpy-stub.o)
                0x00000000080065a8                memcpy
 .text.memset   0x00000000080065ba       0x10 c:/program files/stm32cubeide_1.7.0/stm32cubeide/plugins/com.st.stm32cube.ide.mcu.externaltools.gnu-tools-for-stm32.9-2020-q2-update.win32_2.0.0.202105311346/tools/bin/../lib/gcc/arm-none-eabi/9.3.1/../../../../arm-none-eabi/lib/thumb/v6-m/nofp\libc_nano.a(lib_a-memset.o)
                0x00000000080065ba                memset
 *fill*         0x00000000080065ca        0x2 
 .text.sprintf  0x00000000080065cc       0x40 c:/program files/stm32cubeide_1.7.0/stm32cubeide/plugins/com.st.stm32cube.ide.mcu.externaltools.gnu-tools-for-stm32.9-2020-q2-update.win32_2.0.0.202105311346/tools/bin/../lib/gcc/arm-none-eabi/9.3.1/../../../../arm-none-eabi/lib/thumb/v6-m/nofp\libc_nano.a(lib_a-sprintf.o)
                0x00000000080065cc                siprintf
                0x00000000080065cc                sprintf
 .text.strcpy   0x000000000800660c       0x10 c:/program files/stm32cubeide_1.7.0/stm32cubeide/plugins/com.st.stm32cube.ide.mcu.externaltools.gnu-tools-for-stm32.9-2020-q2-update.win32_2.0.0.202105311346/tools/bin/../lib/gcc/arm-none-eabi/9.3.1/../../../../arm-none-eabi/lib/thumb/v6-m/nofp\libc_nano.a(lib_a-strcpy.o)
                0x000000000800660c                strcpy
 .text._strtol_l.isra.0
                0x000000000800661c      0x11c c:/program files/stm32cubeide_1.7.0/stm32cubeide/plugins/com.st.stm32cube.ide.mcu.externaltools.gnu-tools-for-stm32.9-2020-q2-update.win32_2.0.0.202105311346/tools/bin/../lib/gcc/arm-none-eabi/9.3.1/../../../../arm-none-eabi/lib/thumb/v6-m/nofp\libc_nano.a(lib_a-strtol.o)
 .text.strtol   0x0000000008006738       0x18 c:/program files/stm32cubeide_1.7.0/stm32cubeide/plugins/com.st.stm32cube.ide.mcu.externaltools.gnu-tools-for-stm32.9-2020-q2-update.win32_2.0.0.202105311346/tools/bin/../lib/gcc/arm-none-eabi/9.3.1/../../../../arm-none-eabi/lib/thumb/v6-m/nofp\libc_nano.a(lib_a-strtol.o)
                0x0000000008006738                strtol
 .text.__ssputs_r
                0x0000000008006750       0xc4 c:/program files/stm32cubeide_1.7.0/stm32cubeide/plugins/com.st.stm32cube.ide.mcu.externaltools.gnu-tools-for-stm32.9-2020-q2-update.win32_2.0.0.202105311346/tools/bin/../lib/gcc/arm-none-eabi/9.3.1/../../../../arm-none-eabi/lib/thumb/v6-m/nofp\libc_nano.a(lib_a-nano-svfprintf.o)
                0x0000000008006750                __ssputs_r
 .text._svfprintf_r
                0x0000000008006814      0x200 c:/program files/stm32cubeide_1.7.0/stm32cubeide/plugins/com.st.stm32cube.ide.mcu.externaltools.gnu-tools-for-stm32.9-2020-q2-update.win32_2.0.0.202105311346/tools/bin/../lib/gcc/arm-none-eabi/9.3.1/../../../../arm-none-eabi/lib/thumb/v6-m/nofp\libc_nano.a(lib_a-nano-svfprintf.o)
                0x0000000008006814                _svfiprintf_r
                0x0000000008006814                _svfprintf_r
 .text._printf_common
                0x0000000008006a14       0xde c:/program files/stm32cubeide_1.7.0/stm32cubeide/plugins/com.st.stm32cube.ide.mcu.externaltools.gnu-tools-for-stm32.9-2020-q2-update.win32_2.0.0.202105311346/tools/bin/../lib/gcc/arm-none-eabi/9.3.1/../../../../arm-none-eabi/lib/thumb/v6-m/nofp\libc_nano.a(lib_a-nano-vfprintf_i.o)
                0x0000000008006a14                _printf_common
 *fill*         0x0000000008006af2        0x2 
 .text._printf_i
                0x0000000008006af4      0x224 c:/program files/stm32cubeide_1.7.0/stm32cubeide/plugins/com.st.stm32cube.ide.mcu.externaltools.gnu-tools-for-stm32.9-2020-q2-update.win32_2.0.0.202105311346/tools/bin/../lib/gcc/arm-none-eabi/9.3.1/../../../../arm-none-eabi/lib/thumb/v6-m/nofp\libc_nano.a(lib_a-nano-vfprintf_i.o)
                0x0000000008006af4                _printf_i
 .text.memchr   0x0000000008006d18       0x16 c:/program files/stm32cubeide_1.7.0/stm32cubeide/plugins/com.st.stm32cube.ide.mcu.externaltools.gnu-tools-for-stm32.9-2020-q2-update.win32_2.0.0.202105311346/tools/bin/../lib/gcc/arm-none-eabi/9.3.1/../../../../arm-none-eabi/lib/thumb/v6-m/nofp\libc_nano.a(lib_a-memchr-stub.o)
                0x0000000008006d18                memchr
 .text.memmove  0x0000000008006d2e       0x26 c:/program files/stm32cubeide_1.7.0/stm32cubeide/plugins/com.st.stm32cube.ide.mcu.externaltools.gnu-tools-for-stm32.9-2020-q2-update.win32_2.0.0.202105311346/tools/bin/../lib/gcc/arm-none-eabi/9.3.1/../../../../arm-none-eabi/lib/thumb/v6-m/nofp\libc_nano.a(lib_a-memmove.o)
                0x0000000008006d2e                memmove
 .text._free_r  0x0000000008006d54       0x94 c:/program files/stm32cubeide_1.7.0/stm32cubeide/plugins/com.st.stm32cube.ide.mcu.externaltools.gnu-tools-for-stm32.9-2020-q2-update.win32_2.0.0.202105311346/tools/bin/../lib/gcc/arm-none-eabi/9.3.1/../../../../arm-none-eabi/lib/thumb/v6-m/nofp\libc_nano.a(lib_a-nano-freer.o)
                0x0000000008006d54                _free_r
 .text._malloc_r
                0x0000000008006de8       0xbc c:/program files/stm32cubeide_1.7.0/stm32cubeide/plugins/com.st.stm32cube.ide.mcu.externaltools.gnu-tools-for-stm32.9-2020-q2-update.win32_2.0.0.202105311346/tools/bin/../lib/gcc/arm-none-eabi/9.3.1/../../../../arm-none-eabi/lib/thumb/v6-m/nofp\libc_nano.a(lib_a-nano-mallocr.o)
                0x0000000008006de8                _malloc_r
 .text._realloc_r
                0x0000000008006ea4       0x4c c:/program files/stm32cubeide_1.7.0/stm32cubeide/plugins/com.st.stm32cube.ide.mcu.externaltools.gnu-tools-for-stm32.9-2020-q2-update.win32_2.0.0.202105311346/tools/bin/../lib/gcc/arm-none-eabi/9.3.1/../../../../arm-none-eabi/lib/thumb/v6-m/nofp\libc_nano.a(lib_a-nano-reallocr.o)
                0x0000000008006ea4                _realloc_r
 .text._sbrk_r  0x0000000008006ef0       0x24 c:/program files/stm32cubeide_1.7.0/stm32cubeide/plugins/com.st.stm32cube.ide.mcu.externaltools.gnu-tools-for-stm32.9-2020-q2-update.win32_2.0.0.202105311346/tools/bin/../lib/gcc/arm-none-eabi/9.3.1/../../../../arm-none-eabi/lib/thumb/v6-m/nofp\libc_nano.a(lib_a-sbrkr.o)
                0x0000000008006ef0                _sbrk_r
 .text.__malloc_lock
                0x0000000008006f14       0x10 c:/program files/stm32cubeide_1.7.0/stm32cubeide/plugins/com.st.stm32cube.ide.mcu.externaltools.gnu-tools-for-stm32.9-2020-q2-update.win32_2.0.0.202105311346/tools/bin/../lib/gcc/arm-none-eabi/9.3.1/../../../../arm-none-eabi/lib/thumb/v6-m/nofp\libc_nano.a(lib_a-mlock.o)
                0x0000000008006f14                __malloc_lock
 .text.__malloc_unlock
                0x0000000008006f24       0x10 c:/program files/stm32cubeide_1.7.0/stm32cubeide/plugins/com.st.stm32cube.ide.mcu.externaltools.gnu-tools-for-stm32.9-2020-q2-update.win32_2.0.0.202105311346/tools/bin/../lib/gcc/arm-none-eabi/9.3.1/../../../../arm-none-eabi/lib/thumb/v6-m/nofp\libc_nano.a(lib_a-mlock.o)
                0x0000000008006f24                __malloc_unlock
 .text._malloc_usable_size_r
                0x0000000008006f34       0x10 c:/program files/stm32cubeide_1.7.0/stm32cubeide/plugins/com.st.stm32cube.ide.mcu.externaltools.gnu-tools-for-stm32.9-2020-q2-update.win32_2.0.0.202105311346/tools/bin/../lib/gcc/arm-none-eabi/9.3.1/../../../../arm-none-eabi/lib/thumb/v6-m/nofp\libc_nano.a(lib_a-nano-msizer.o)
                0x0000000008006f34                _malloc_usable_size_r
 .text.__retarget_lock_acquire_recursive
                0x0000000008006f44        0x2 c:/program files/stm32cubeide_1.7.0/stm32cubeide/plugins/com.st.stm32cube.ide.mcu.externaltools.gnu-tools-for-stm32.9-2020-q2-update.win32_2.0.0.202105311346/tools/bin/../lib/gcc/arm-none-eabi/9.3.1/../../../../arm-none-eabi/lib/thumb/v6-m/nofp\libc_nano.a(lib_a-lock.o)
                0x0000000008006f44                __retarget_lock_acquire_recursive
 .text.__retarget_lock_release_recursive
                0x0000000008006f46        0x2 c:/program files/stm32cubeide_1.7.0/stm32cubeide/plugins/com.st.stm32cube.ide.mcu.externaltools.gnu-tools-for-stm32.9-2020-q2-update.win32_2.0.0.202105311346/tools/bin/../lib/gcc/arm-none-eabi/9.3.1/../../../../arm-none-eabi/lib/thumb/v6-m/nofp\libc_nano.a(lib_a-lock.o)
                0x0000000008006f46                __retarget_lock_release_recursive
 *(.glue_7)
 .glue_7        0x0000000008006f48        0x0 linker stubs
 *(.glue_7t)
 .glue_7t       0x0000000008006f48        0x0 linker stubs
 *(.eh_frame)
 .eh_frame      0x0000000008006f48        0x0 c:/program files/stm32cubeide_1.7.0/stm32cubeide/plugins/com.st.stm32cube.ide.mcu.externaltools.gnu-tools-for-stm32.9-2020-q2-update.win32_2.0.0.202105311346/tools/bin/../lib/gcc/arm-none-eabi/9.3.1/thumb/v6-m/nofp/crtbegin.o
 *(.init)
 .init          0x0000000008006f48        0x4 c:/program files/stm32cubeide_1.7.0/stm32cubeide/plugins/com.st.stm32cube.ide.mcu.externaltools.gnu-tools-for-stm32.9-2020-q2-update.win32_2.0.0.202105311346/tools/bin/../lib/gcc/arm-none-eabi/9.3.1/thumb/v6-m/nofp/crti.o
                0x0000000008006f48                _init
 .init          0x0000000008006f4c        0x8 c:/program files/stm32cubeide_1.7.0/stm32cubeide/plugins/com.st.stm32cube.ide.mcu.externaltools.gnu-tools-for-stm32.9-2020-q2-update.win32_2.0.0.202105311346/tools/bin/../lib/gcc/arm-none-eabi/9.3.1/thumb/v6-m/nofp/crtn.o
 *(.fini)
 .fini          0x0000000008006f54        0x4 c:/program files/stm32cubeide_1.7.0/stm32cubeide/plugins/com.st.stm32cube.ide.mcu.externaltools.gnu-tools-for-stm32.9-2020-q2-update.win32_2.0.0.202105311346/tools/bin/../lib/gcc/arm-none-eabi/9.3.1/thumb/v6-m/nofp/crti.o
                0x0000000008006f54                _fini
 .fini          0x0000000008006f58        0x8 c:/program files/stm32cubeide_1.7.0/stm32cubeide/plugins/com.st.stm32cube.ide.mcu.externaltools.gnu-tools-for-stm32.9-2020-q2-update.win32_2.0.0.202105311346/tools/bin/../lib/gcc/arm-none-eabi/9.3.1/thumb/v6-m/nofp/crtn.o
                0x0000000008006f60                . = ALIGN (0x4)
                0x0000000008006f60                _etext = .

.vfp11_veneer   0x0000000008006f60        0x0
 .vfp11_veneer  0x0000000008006f60        0x0 linker stubs

.v4_bx          0x0000000008006f60        0x0
 .v4_bx         0x0000000008006f60        0x0 linker stubs

.iplt           0x0000000008006f60        0x0
 .iplt          0x0000000008006f60        0x0 c:/program files/stm32cubeide_1.7.0/stm32cubeide/plugins/com.st.stm32cube.ide.mcu.externaltools.gnu-tools-for-stm32.9-2020-q2-update.win32_2.0.0.202105311346/tools/bin/../lib/gcc/arm-none-eabi/9.3.1/thumb/v6-m/nofp/crtbegin.o

.rodata         0x0000000008006f60      0x574
                0x0000000008006f60                . = ALIGN (0x4)
 *(.rodata)
 *(.rodata*)
 .rodata.POST.str1.1
                0x0000000008006f60       0x52 ./Core/Src/POST.o
 .rodata.i2cSM.str1.1
                0x0000000008006fb2       0x34 ./Core/Src/i2cSlave.o
 .rodata.UART_putstrln.str1.1
                0x0000000008006fe6        0x3 ./Core/Src/main.o
 .rodata.clearUartConsole.str1.1
                0x0000000008006fe9        0x5 ./Core/Src/main.o
 .rodata.Error_Handler.str1.1
                0x0000000008006fee        0xd ./Core/Src/main.o
 .rodata.UART_Con_Mash.str1.1
                0x0000000008006ffb       0xaf ./Core/Src/main.o
                                         0xb1 (size before relaxing)
 .rodata.Xmodem_SPI.str1.1
                0x00000000080070aa       0x16 ./Core/Src/memory.o
 .rodata.FlashDump.str1.1
                0x00000000080070c0        0x3 ./Core/Src/memory.o
                                          0x5 (size before relaxing)
 .rodata.memoryMenu.str1.1
                0x00000000080070c3       0xb2 ./Core/Src/memory.o
 .rodata.checkPowerLevels.str1.1
                0x0000000008007175       0x1f ./Core/Src/power.o
 .rodata.BootMenu.str1.1
                0x0000000008007194       0x4b ./Core/Src/power.o
 .rodata.AHBPrescTable
                0x00000000080071df       0x10 ./Core/Src/system_stm32f0xx.o
                0x00000000080071df                AHBPrescTable
 .rodata.APBPrescTable
                0x00000000080071ef        0x8 ./Core/Src/system_stm32f0xx.o
                0x00000000080071ef                APBPrescTable
 .rodata.str1.1
                0x00000000080071f7      0x140 ./Core/Src/text.o
                                        0x159 (size before relaxing)
 .rodata.HAL_RCC_GetSysClockFreq.str1.1
                0x0000000008007337       0x22 ./Drivers/STM32F0xx_HAL_Driver/Src/stm32f0xx_hal_rcc.o
 .rodata.USBD_FS_ManufacturerStrDescriptor.str1.1
                0x0000000008007359       0x13 ./USB_DEVICE/App/usbd_desc.o
 .rodata.USBD_FS_ProductStrDescriptor.str1.1
                0x000000000800736c       0x16 ./USB_DEVICE/App/usbd_desc.o
 .rodata.USBD_FS_ConfigStrDescriptor.str1.1
                0x0000000008007382        0xb ./USB_DEVICE/App/usbd_desc.o
 .rodata.USBD_FS_InterfaceStrDescriptor.str1.1
                0x000000000800738d        0xe ./USB_DEVICE/App/usbd_desc.o
 .rodata.CSWTCH.3
                0x000000000800739b        0x4 ./USB_DEVICE/Target/usbd_conf.o
 .rodata._ctype_
                0x000000000800739f      0x101 c:/program files/stm32cubeide_1.7.0/stm32cubeide/plugins/com.st.stm32cube.ide.mcu.externaltools.gnu-tools-for-stm32.9-2020-q2-update.win32_2.0.0.202105311346/tools/bin/../lib/gcc/arm-none-eabi/9.3.1/../../../../arm-none-eabi/lib/thumb/v6-m/nofp\libc_nano.a(lib_a-ctype_.o)
                0x000000000800739f                _ctype_
 .rodata._svfprintf_r.str1.1
                0x00000000080074a0       0x11 c:/program files/stm32cubeide_1.7.0/stm32cubeide/plugins/com.st.stm32cube.ide.mcu.externaltools.gnu-tools-for-stm32.9-2020-q2-update.win32_2.0.0.202105311346/tools/bin/../lib/gcc/arm-none-eabi/9.3.1/../../../../arm-none-eabi/lib/thumb/v6-m/nofp\libc_nano.a(lib_a-nano-svfprintf.o)
 .rodata._printf_i.str1.1
                0x00000000080074b1       0x22 c:/program files/stm32cubeide_1.7.0/stm32cubeide/plugins/com.st.stm32cube.ide.mcu.externaltools.gnu-tools-for-stm32.9-2020-q2-update.win32_2.0.0.202105311346/tools/bin/../lib/gcc/arm-none-eabi/9.3.1/../../../../arm-none-eabi/lib/thumb/v6-m/nofp\libc_nano.a(lib_a-nano-vfprintf_i.o)
                0x00000000080074d4                . = ALIGN (0x4)
 *fill*         0x00000000080074d3        0x1 

.rel.dyn        0x00000000080074d4        0x0
 .rel.iplt      0x00000000080074d4        0x0 c:/program files/stm32cubeide_1.7.0/stm32cubeide/plugins/com.st.stm32cube.ide.mcu.externaltools.gnu-tools-for-stm32.9-2020-q2-update.win32_2.0.0.202105311346/tools/bin/../lib/gcc/arm-none-eabi/9.3.1/thumb/v6-m/nofp/crtbegin.o

.ARM.extab      0x00000000080074d4        0x0
                0x00000000080074d4                . = ALIGN (0x4)
 *(.ARM.extab* .gnu.linkonce.armextab.*)
                0x00000000080074d4                . = ALIGN (0x4)

.ARM            0x00000000080074d4        0x0
                0x00000000080074d4                . = ALIGN (0x4)
                0x00000000080074d4                __exidx_start = .
 *(.ARM.exidx*)
                0x00000000080074d4                __exidx_end = .
                0x00000000080074d4                . = ALIGN (0x4)

.preinit_array  0x00000000080074d4        0x0
                0x00000000080074d4                . = ALIGN (0x4)
                0x00000000080074d4                PROVIDE (__preinit_array_start = .)
 *(.preinit_array*)
                0x00000000080074d4                PROVIDE (__preinit_array_end = .)
                0x00000000080074d4                . = ALIGN (0x4)

.init_array     0x00000000080074d4        0x4
                0x00000000080074d4                . = ALIGN (0x4)
                0x00000000080074d4                PROVIDE (__init_array_start = .)
 *(SORT_BY_NAME(.init_array.*))
 *(.init_array*)
 .init_array    0x00000000080074d4        0x4 c:/program files/stm32cubeide_1.7.0/stm32cubeide/plugins/com.st.stm32cube.ide.mcu.externaltools.gnu-tools-for-stm32.9-2020-q2-update.win32_2.0.0.202105311346/tools/bin/../lib/gcc/arm-none-eabi/9.3.1/thumb/v6-m/nofp/crtbegin.o
                0x00000000080074d8                PROVIDE (__init_array_end = .)
                0x00000000080074d8                . = ALIGN (0x4)

.fini_array     0x00000000080074d8        0x4
                0x00000000080074d8                . = ALIGN (0x4)
                [!provide]                        PROVIDE (__fini_array_start = .)
 *(SORT_BY_NAME(.fini_array.*))
 *(.fini_array*)
 .fini_array    0x00000000080074d8        0x4 c:/program files/stm32cubeide_1.7.0/stm32cubeide/plugins/com.st.stm32cube.ide.mcu.externaltools.gnu-tools-for-stm32.9-2020-q2-update.win32_2.0.0.202105311346/tools/bin/../lib/gcc/arm-none-eabi/9.3.1/thumb/v6-m/nofp/crtbegin.o
                [!provide]                        PROVIDE (__fini_array_end = .)
                0x00000000080074dc                . = ALIGN (0x4)
                0x00000000080074dc                _sidata = LOADADDR (.data)

.data           0x0000000020000000      0x230 load address 0x00000000080074dc
                0x0000000020000000                . = ALIGN (0x4)
                0x0000000020000000                _sdata = .
 *(.data)
 *(.data*)
 .data.SystemCoreClock
                0x0000000020000000        0x4 ./Core/Src/system_stm32f0xx.o
                0x0000000020000000                SystemCoreClock
 .data.CS_STASTUS_LABELS
                0x0000000020000004       0x10 ./Core/Src/text.o
                0x0000000020000004                CS_STASTUS_LABELS
 .data.SWT      0x0000000020000014        0xc ./Core/Src/text.o
                0x0000000020000014                SWT
 .data.menu     0x0000000020000020       0x28 ./Core/Src/text.o
                0x0000000020000020                menu
 .data.text     0x0000000020000048       0x10 ./Core/Src/text.o
                0x0000000020000048                text
 .data.uwTickFreq
                0x0000000020000058        0x1 ./Drivers/STM32F0xx_HAL_Driver/Src/stm32f0xx_hal.o
                0x0000000020000058                uwTickFreq
 *fill*         0x0000000020000059        0x3 
 .data.USBD_CDC
                0x000000002000005c       0x38 ./Middlewares/ST/STM32_USB_Device_Library/Class/CDC/Src/usbd_cdc.o
                0x000000002000005c                USBD_CDC
 .data.USBD_CDC_CfgFSDesc
                0x0000000020000094       0x43 ./Middlewares/ST/STM32_USB_Device_Library/Class/CDC/Src/usbd_cdc.o
                0x0000000020000094                USBD_CDC_CfgFSDesc
 *fill*         0x00000000200000d7        0x1 
 .data.USBD_CDC_CfgHSDesc
                0x00000000200000d8       0x43 ./Middlewares/ST/STM32_USB_Device_Library/Class/CDC/Src/usbd_cdc.o
                0x00000000200000d8                USBD_CDC_CfgHSDesc
 *fill*         0x000000002000011b        0x1 
 .data.USBD_CDC_DeviceQualifierDesc
                0x000000002000011c        0xa ./Middlewares/ST/STM32_USB_Device_Library/Class/CDC/Src/usbd_cdc.o
 *fill*         0x0000000020000126        0x2 
 .data.USBD_CDC_OtherSpeedCfgDesc
                0x0000000020000128       0x43 ./Middlewares/ST/STM32_USB_Device_Library/Class/CDC/Src/usbd_cdc.o
                0x0000000020000128                USBD_CDC_OtherSpeedCfgDesc
 *fill*         0x000000002000016b        0x1 
 .data.USBD_Interface_fops_FS
                0x000000002000016c       0x10 ./USB_DEVICE/App/usbd_cdc_if.o
                0x000000002000016c                USBD_Interface_fops_FS
 .data.FS_Desc  0x000000002000017c       0x1c ./USB_DEVICE/App/usbd_desc.o
                0x000000002000017c                FS_Desc
 .data.USBD_FS_DeviceDesc
                0x0000000020000198       0x12 ./USB_DEVICE/App/usbd_desc.o
                0x0000000020000198                USBD_FS_DeviceDesc
 *fill*         0x00000000200001aa        0x2 
 .data.USBD_LangIDDesc
                0x00000000200001ac        0x4 ./USB_DEVICE/App/usbd_desc.o
                0x00000000200001ac                USBD_LangIDDesc
 .data.USBD_StringSerial
                0x00000000200001b0       0x1a ./USB_DEVICE/App/usbd_desc.o
                0x00000000200001b0                USBD_StringSerial
 *fill*         0x00000000200001ca        0x2 
 .data._impure_ptr
                0x00000000200001cc        0x4 c:/program files/stm32cubeide_1.7.0/stm32cubeide/plugins/com.st.stm32cube.ide.mcu.externaltools.gnu-tools-for-stm32.9-2020-q2-update.win32_2.0.0.202105311346/tools/bin/../lib/gcc/arm-none-eabi/9.3.1/../../../../arm-none-eabi/lib/thumb/v6-m/nofp\libc_nano.a(lib_a-impure.o)
                0x00000000200001cc                _impure_ptr
 .data.impure_data
                0x00000000200001d0       0x60 c:/program files/stm32cubeide_1.7.0/stm32cubeide/plugins/com.st.stm32cube.ide.mcu.externaltools.gnu-tools-for-stm32.9-2020-q2-update.win32_2.0.0.202105311346/tools/bin/../lib/gcc/arm-none-eabi/9.3.1/../../../../arm-none-eabi/lib/thumb/v6-m/nofp\libc_nano.a(lib_a-impure.o)
 *(.RamFunc)
 *(.RamFunc*)
                0x0000000020000230                . = ALIGN (0x4)
                0x0000000020000230                _edata = .

.igot.plt       0x0000000020000230        0x0 load address 0x000000000800770c
 .igot.plt      0x0000000020000230        0x0 c:/program files/stm32cubeide_1.7.0/stm32cubeide/plugins/com.st.stm32cube.ide.mcu.externaltools.gnu-tools-for-stm32.9-2020-q2-update.win32_2.0.0.202105311346/tools/bin/../lib/gcc/arm-none-eabi/9.3.1/thumb/v6-m/nofp/crtbegin.o
                0x0000000020000230                . = ALIGN (0x4)

.bss            0x0000000020000230     0x1098 load address 0x000000000800770c
                0x0000000020000230                _sbss = .
                0x0000000020000230                __bss_start__ = _sbss
 *(.bss)
 .bss           0x0000000020000230       0x1c c:/program files/stm32cubeide_1.7.0/stm32cubeide/plugins/com.st.stm32cube.ide.mcu.externaltools.gnu-tools-for-stm32.9-2020-q2-update.win32_2.0.0.202105311346/tools/bin/../lib/gcc/arm-none-eabi/9.3.1/thumb/v6-m/nofp/crtbegin.o
 *(.bss*)
 .bss.__sbrk_heap_end
                0x000000002000024c        0x4 ./Core/Src/sysmem.o
 .bss.cfgidx.8593
                0x0000000020000250        0x1 ./Middlewares/ST/STM32_USB_Device_Library/Core/Src/usbd_ctlreq.o
 *fill*         0x0000000020000251        0x3 
 .bss.mem.8662  0x0000000020000254      0x220 ./USB_DEVICE/Target/usbd_conf.o
 .bss.__malloc_free_list
                0x0000000020000474        0x4 c:/program files/stm32cubeide_1.7.0/stm32cubeide/plugins/com.st.stm32cube.ide.mcu.externaltools.gnu-tools-for-stm32.9-2020-q2-update.win32_2.0.0.202105311346/tools/bin/../lib/gcc/arm-none-eabi/9.3.1/../../../../arm-none-eabi/lib/thumb/v6-m/nofp\libc_nano.a(lib_a-nano-mallocr.o)
                0x0000000020000474                __malloc_free_list
 .bss.__malloc_sbrk_start
                0x0000000020000478        0x4 c:/program files/stm32cubeide_1.7.0/stm32cubeide/plugins/com.st.stm32cube.ide.mcu.externaltools.gnu-tools-for-stm32.9-2020-q2-update.win32_2.0.0.202105311346/tools/bin/../lib/gcc/arm-none-eabi/9.3.1/../../../../arm-none-eabi/lib/thumb/v6-m/nofp\libc_nano.a(lib_a-nano-mallocr.o)
                0x0000000020000478                __malloc_sbrk_start
 *(COMMON)
 COMMON         0x000000002000047c      0x30e ./Core/Src/POST.o
                0x000000002000047c                console
                0x00000000200004a4                SysCntrl
                0x0000000020000784                hi2c
 COMMON         0x000000002000078a        0x1 ./Core/Src/i2cSlave.o
                0x000000002000078a                confReg0
 *fill*         0x000000002000078b        0x1 
 COMMON         0x000000002000078c      0x108 ./Core/Src/main.o
                0x000000002000078c                si2c1
                0x00000000200007a4                hi2c1
                0x00000000200007f0                hspi1
                0x0000000020000854                hadc
 COMMON         0x0000000020000894       0x48 ./Core/Src/stm32f0xx_hal_timebase_tim.o
                0x0000000020000894                htim17
 COMMON         0x00000000200008dc        0x4 ./Drivers/STM32F0xx_HAL_Driver/Src/stm32f0xx_hal.o
                0x00000000200008dc                uwTick
 COMMON         0x00000000200008e0       0x20 ./Drivers/STM32F0xx_HAL_Driver/Src/stm32f0xx_hal_flash.o
                0x00000000200008e0                pFlash
 COMMON         0x0000000020000900      0x2c4 ./USB_DEVICE/App/usb_device.o
                0x0000000020000900                hUsbDeviceFS
 COMMON         0x0000000020000bc4      0x200 ./USB_DEVICE/App/usbd_cdc_if.o
                0x0000000020000bc4                UserRxBufferFS
                0x0000000020000cc4                UserTxBufferFS
 COMMON         0x0000000020000dc4      0x200 ./USB_DEVICE/App/usbd_desc.o
                0x0000000020000dc4                USBD_StrDesc
 COMMON         0x0000000020000fc4      0x2f4 ./USB_DEVICE/Target/usbd_conf.o
                0x0000000020000fc4                hpcd_USB_FS
 COMMON         0x00000000200012b8        0x4 c:/program files/stm32cubeide_1.7.0/stm32cubeide/plugins/com.st.stm32cube.ide.mcu.externaltools.gnu-tools-for-stm32.9-2020-q2-update.win32_2.0.0.202105311346/tools/bin/../lib/gcc/arm-none-eabi/9.3.1/../../../../arm-none-eabi/lib/thumb/v6-m/nofp\libc_nano.a(lib_a-reent.o)
                0x00000000200012b8                errno
 COMMON         0x00000000200012bc        0x9 c:/program files/stm32cubeide_1.7.0/stm32cubeide/plugins/com.st.stm32cube.ide.mcu.externaltools.gnu-tools-for-stm32.9-2020-q2-update.win32_2.0.0.202105311346/tools/bin/../lib/gcc/arm-none-eabi/9.3.1/../../../../arm-none-eabi/lib/thumb/v6-m/nofp\libc_nano.a(lib_a-lock.o)
                0x00000000200012bc                __lock___atexit_recursive_mutex
                0x00000000200012bd                __lock___arc4random_mutex
                0x00000000200012be                __lock___env_recursive_mutex
                0x00000000200012bf                __lock___sinit_recursive_mutex
                0x00000000200012c0                __lock___malloc_recursive_mutex
                0x00000000200012c1                __lock___at_quick_exit_mutex
                0x00000000200012c2                __lock___dd_hash_mutex
                0x00000000200012c3                __lock___tz_mutex
                0x00000000200012c4                __lock___sfp_recursive_mutex
                0x00000000200012c8                . = ALIGN (0x4)
 *fill*         0x00000000200012c5        0x3 
                0x00000000200012c8                _ebss = .
                0x00000000200012c8                __bss_end__ = _ebss

._user_heap_stack
                0x00000000200012c8      0x528 load address 0x000000000800770c
                0x00000000200012c8                . = ALIGN (0x8)
                [!provide]                        PROVIDE (end = .)
                0x00000000200012c8                PROVIDE (_end = .)
                0x00000000200014c8                . = (. + _Min_Heap_Size)
 *fill*         0x00000000200012c8      0x200 
                0x00000000200017ed                . = (. + _Min_Stack_Size)
 *fill*         0x00000000200014c8      0x325 
                0x00000000200017f0                . = ALIGN (0x8)
 *fill*         0x00000000200017ed        0x3 

/DISCARD/
 libc.a(*)
 libm.a(*)
 libgcc.a(*)

.ARM.attributes
                0x0000000000000000       0x28
 *(.ARM.attributes)
 .ARM.attributes
                0x0000000000000000       0x1e c:/program files/stm32cubeide_1.7.0/stm32cubeide/plugins/com.st.stm32cube.ide.mcu.externaltools.gnu-tools-for-stm32.9-2020-q2-update.win32_2.0.0.202105311346/tools/bin/../lib/gcc/arm-none-eabi/9.3.1/thumb/v6-m/nofp/crti.o
 .ARM.attributes
                0x000000000000001e       0x2c c:/program files/stm32cubeide_1.7.0/stm32cubeide/plugins/com.st.stm32cube.ide.mcu.externaltools.gnu-tools-for-stm32.9-2020-q2-update.win32_2.0.0.202105311346/tools/bin/../lib/gcc/arm-none-eabi/9.3.1/thumb/v6-m/nofp/crtbegin.o
 .ARM.attributes
                0x000000000000004a       0x2c ./Core/Src/POST.o
 .ARM.attributes
                0x0000000000000076       0x2c ./Core/Src/i2c.o
 .ARM.attributes
                0x00000000000000a2       0x2c ./Core/Src/i2cSlave.o
 .ARM.attributes
                0x00000000000000ce       0x2c ./Core/Src/main.o
 .ARM.attributes
                0x00000000000000fa       0x2c ./Core/Src/memory.o
 .ARM.attributes
                0x0000000000000126       0x2c ./Core/Src/power.o
 .ARM.attributes
                0x0000000000000152       0x2c ./Core/Src/stm32f0xx_hal_msp.o
 .ARM.attributes
                0x000000000000017e       0x2c ./Core/Src/stm32f0xx_hal_timebase_tim.o
 .ARM.attributes
                0x00000000000001aa       0x2c ./Core/Src/stm32f0xx_it.o
 .ARM.attributes
                0x00000000000001d6       0x2c ./Core/Src/sysmem.o
 .ARM.attributes
                0x0000000000000202       0x2c ./Core/Src/system_stm32f0xx.o
 .ARM.attributes
                0x000000000000022e       0x31 ./Core/Src/text.o
 .ARM.attributes
                0x000000000000025f       0x21 ./Core/Startup/startup_stm32f048g6ux.o
 .ARM.attributes
                0x0000000000000280       0x2c ./Drivers/STM32F0xx_HAL_Driver/Src/stm32f0xx_hal.o
 .ARM.attributes
                0x00000000000002ac       0x2c ./Drivers/STM32F0xx_HAL_Driver/Src/stm32f0xx_hal_adc.o
 .ARM.attributes
                0x00000000000002d8       0x2c ./Drivers/STM32F0xx_HAL_Driver/Src/stm32f0xx_hal_cortex.o
 .ARM.attributes
                0x0000000000000304       0x2c ./Drivers/STM32F0xx_HAL_Driver/Src/stm32f0xx_hal_dma.o
 .ARM.attributes
                0x0000000000000330       0x2c ./Drivers/STM32F0xx_HAL_Driver/Src/stm32f0xx_hal_flash.o
 .ARM.attributes
                0x000000000000035c       0x2c ./Drivers/STM32F0xx_HAL_Driver/Src/stm32f0xx_hal_flash_ex.o
 .ARM.attributes
                0x0000000000000388       0x2c ./Drivers/STM32F0xx_HAL_Driver/Src/stm32f0xx_hal_gpio.o
 .ARM.attributes
                0x00000000000003b4       0x2c ./Drivers/STM32F0xx_HAL_Driver/Src/stm32f0xx_hal_i2c.o
 .ARM.attributes
                0x00000000000003e0       0x2c ./Drivers/STM32F0xx_HAL_Driver/Src/stm32f0xx_hal_i2c_ex.o
 .ARM.attributes
                0x000000000000040c       0x2c ./Drivers/STM32F0xx_HAL_Driver/Src/stm32f0xx_hal_pcd.o
 .ARM.attributes
                0x0000000000000438       0x2c ./Drivers/STM32F0xx_HAL_Driver/Src/stm32f0xx_hal_pcd_ex.o
 .ARM.attributes
                0x0000000000000464       0x2c ./Drivers/STM32F0xx_HAL_Driver/Src/stm32f0xx_hal_rcc.o
 .ARM.attributes
                0x0000000000000490       0x2c ./Drivers/STM32F0xx_HAL_Driver/Src/stm32f0xx_hal_rcc_ex.o
 .ARM.attributes
                0x00000000000004bc       0x2c ./Drivers/STM32F0xx_HAL_Driver/Src/stm32f0xx_hal_spi.o
 .ARM.attributes
                0x00000000000004e8       0x2c ./Drivers/STM32F0xx_HAL_Driver/Src/stm32f0xx_hal_tim.o
 .ARM.attributes
                0x0000000000000514       0x2c ./Drivers/STM32F0xx_HAL_Driver/Src/stm32f0xx_hal_tim_ex.o
 .ARM.attributes
                0x0000000000000540       0x2c ./Drivers/STM32F0xx_HAL_Driver/Src/stm32f0xx_ll_usb.o
 .ARM.attributes
                0x000000000000056c       0x2c ./Middlewares/ST/STM32_USB_Device_Library/Class/CDC/Src/usbd_cdc.o
 .ARM.attributes
                0x0000000000000598       0x2c ./Middlewares/ST/STM32_USB_Device_Library/Core/Src/usbd_core.o
 .ARM.attributes
                0x00000000000005c4       0x2c ./Middlewares/ST/STM32_USB_Device_Library/Core/Src/usbd_ctlreq.o
 .ARM.attributes
                0x00000000000005f0       0x2c ./Middlewares/ST/STM32_USB_Device_Library/Core/Src/usbd_ioreq.o
 .ARM.attributes
                0x000000000000061c       0x2c ./USB_DEVICE/App/usb_device.o
 .ARM.attributes
                0x0000000000000648       0x2c ./USB_DEVICE/App/usbd_cdc_if.o
 .ARM.attributes
                0x0000000000000674       0x2c ./USB_DEVICE/App/usbd_desc.o
 .ARM.attributes
                0x00000000000006a0       0x2c ./USB_DEVICE/Target/usbd_conf.o
 .ARM.attributes
                0x00000000000006cc       0x2c c:/program files/stm32cubeide_1.7.0/stm32cubeide/plugins/com.st.stm32cube.ide.mcu.externaltools.gnu-tools-for-stm32.9-2020-q2-update.win32_2.0.0.202105311346/tools/bin/../lib/gcc/arm-none-eabi/9.3.1/../../../../arm-none-eabi/lib/thumb/v6-m/nofp\libc_nano.a(lib_a-atoi.o)
 .ARM.attributes
                0x00000000000006f8       0x2c c:/program files/stm32cubeide_1.7.0/stm32cubeide/plugins/com.st.stm32cube.ide.mcu.externaltools.gnu-tools-for-stm32.9-2020-q2-update.win32_2.0.0.202105311346/tools/bin/../lib/gcc/arm-none-eabi/9.3.1/../../../../arm-none-eabi/lib/thumb/v6-m/nofp\libc_nano.a(lib_a-errno.o)
 .ARM.attributes
                0x0000000000000724       0x2c c:/program files/stm32cubeide_1.7.0/stm32cubeide/plugins/com.st.stm32cube.ide.mcu.externaltools.gnu-tools-for-stm32.9-2020-q2-update.win32_2.0.0.202105311346/tools/bin/../lib/gcc/arm-none-eabi/9.3.1/../../../../arm-none-eabi/lib/thumb/v6-m/nofp\libc_nano.a(lib_a-impure.o)
 .ARM.attributes
                0x0000000000000750       0x2c c:/program files/stm32cubeide_1.7.0/stm32cubeide/plugins/com.st.stm32cube.ide.mcu.externaltools.gnu-tools-for-stm32.9-2020-q2-update.win32_2.0.0.202105311346/tools/bin/../lib/gcc/arm-none-eabi/9.3.1/../../../../arm-none-eabi/lib/thumb/v6-m/nofp\libc_nano.a(lib_a-init.o)
 .ARM.attributes
                0x000000000000077c       0x2c c:/program files/stm32cubeide_1.7.0/stm32cubeide/plugins/com.st.stm32cube.ide.mcu.externaltools.gnu-tools-for-stm32.9-2020-q2-update.win32_2.0.0.202105311346/tools/bin/../lib/gcc/arm-none-eabi/9.3.1/../../../../arm-none-eabi/lib/thumb/v6-m/nofp\libc_nano.a(lib_a-memcpy-stub.o)
 .ARM.attributes
                0x00000000000007a8       0x2c c:/program files/stm32cubeide_1.7.0/stm32cubeide/plugins/com.st.stm32cube.ide.mcu.externaltools.gnu-tools-for-stm32.9-2020-q2-update.win32_2.0.0.202105311346/tools/bin/../lib/gcc/arm-none-eabi/9.3.1/../../../../arm-none-eabi/lib/thumb/v6-m/nofp\libc_nano.a(lib_a-memset.o)
 .ARM.attributes
                0x00000000000007d4       0x2c c:/program files/stm32cubeide_1.7.0/stm32cubeide/plugins/com.st.stm32cube.ide.mcu.externaltools.gnu-tools-for-stm32.9-2020-q2-update.win32_2.0.0.202105311346/tools/bin/../lib/gcc/arm-none-eabi/9.3.1/../../../../arm-none-eabi/lib/thumb/v6-m/nofp\libc_nano.a(lib_a-sprintf.o)
 .ARM.attributes
                0x0000000000000800       0x1c c:/program files/stm32cubeide_1.7.0/stm32cubeide/plugins/com.st.stm32cube.ide.mcu.externaltools.gnu-tools-for-stm32.9-2020-q2-update.win32_2.0.0.202105311346/tools/bin/../lib/gcc/arm-none-eabi/9.3.1/../../../../arm-none-eabi/lib/thumb/v6-m/nofp\libc_nano.a(lib_a-strcmp.o)
 .ARM.attributes
                0x000000000000081c       0x2c c:/program files/stm32cubeide_1.7.0/stm32cubeide/plugins/com.st.stm32cube.ide.mcu.externaltools.gnu-tools-for-stm32.9-2020-q2-update.win32_2.0.0.202105311346/tools/bin/../lib/gcc/arm-none-eabi/9.3.1/../../../../arm-none-eabi/lib/thumb/v6-m/nofp\libc_nano.a(lib_a-strcpy.o)
 .ARM.attributes
                0x0000000000000848       0x1c c:/program files/stm32cubeide_1.7.0/stm32cubeide/plugins/com.st.stm32cube.ide.mcu.externaltools.gnu-tools-for-stm32.9-2020-q2-update.win32_2.0.0.202105311346/tools/bin/../lib/gcc/arm-none-eabi/9.3.1/../../../../arm-none-eabi/lib/thumb/v6-m/nofp\libc_nano.a(lib_a-strlen.o)
 .ARM.attributes
                0x0000000000000864       0x2c c:/program files/stm32cubeide_1.7.0/stm32cubeide/plugins/com.st.stm32cube.ide.mcu.externaltools.gnu-tools-for-stm32.9-2020-q2-update.win32_2.0.0.202105311346/tools/bin/../lib/gcc/arm-none-eabi/9.3.1/../../../../arm-none-eabi/lib/thumb/v6-m/nofp\libc_nano.a(lib_a-strtol.o)
 .ARM.attributes
                0x0000000000000890       0x2c c:/program files/stm32cubeide_1.7.0/stm32cubeide/plugins/com.st.stm32cube.ide.mcu.externaltools.gnu-tools-for-stm32.9-2020-q2-update.win32_2.0.0.202105311346/tools/bin/../lib/gcc/arm-none-eabi/9.3.1/../../../../arm-none-eabi/lib/thumb/v6-m/nofp\libc_nano.a(lib_a-ctype_.o)
 .ARM.attributes
                0x00000000000008bc       0x2c c:/program files/stm32cubeide_1.7.0/stm32cubeide/plugins/com.st.stm32cube.ide.mcu.externaltools.gnu-tools-for-stm32.9-2020-q2-update.win32_2.0.0.202105311346/tools/bin/../lib/gcc/arm-none-eabi/9.3.1/../../../../arm-none-eabi/lib/thumb/v6-m/nofp\libc_nano.a(lib_a-nano-svfprintf.o)
 .ARM.attributes
                0x00000000000008e8       0x2c c:/program files/stm32cubeide_1.7.0/stm32cubeide/plugins/com.st.stm32cube.ide.mcu.externaltools.gnu-tools-for-stm32.9-2020-q2-update.win32_2.0.0.202105311346/tools/bin/../lib/gcc/arm-none-eabi/9.3.1/../../../../arm-none-eabi/lib/thumb/v6-m/nofp\libc_nano.a(lib_a-nano-vfprintf_i.o)
 .ARM.attributes
                0x0000000000000914       0x2c c:/program files/stm32cubeide_1.7.0/stm32cubeide/plugins/com.st.stm32cube.ide.mcu.externaltools.gnu-tools-for-stm32.9-2020-q2-update.win32_2.0.0.202105311346/tools/bin/../lib/gcc/arm-none-eabi/9.3.1/../../../../arm-none-eabi/lib/thumb/v6-m/nofp\libc_nano.a(lib_a-memchr-stub.o)
 .ARM.attributes
                0x0000000000000940       0x2c c:/program files/stm32cubeide_1.7.0/stm32cubeide/plugins/com.st.stm32cube.ide.mcu.externaltools.gnu-tools-for-stm32.9-2020-q2-update.win32_2.0.0.202105311346/tools/bin/../lib/gcc/arm-none-eabi/9.3.1/../../../../arm-none-eabi/lib/thumb/v6-m/nofp\libc_nano.a(lib_a-memmove.o)
 .ARM.attributes
                0x000000000000096c       0x2c c:/program files/stm32cubeide_1.7.0/stm32cubeide/plugins/com.st.stm32cube.ide.mcu.externaltools.gnu-tools-for-stm32.9-2020-q2-update.win32_2.0.0.202105311346/tools/bin/../lib/gcc/arm-none-eabi/9.3.1/../../../../arm-none-eabi/lib/thumb/v6-m/nofp\libc_nano.a(lib_a-nano-freer.o)
 .ARM.attributes
                0x0000000000000998       0x2c c:/program files/stm32cubeide_1.7.0/stm32cubeide/plugins/com.st.stm32cube.ide.mcu.externaltools.gnu-tools-for-stm32.9-2020-q2-update.win32_2.0.0.202105311346/tools/bin/../lib/gcc/arm-none-eabi/9.3.1/../../../../arm-none-eabi/lib/thumb/v6-m/nofp\libc_nano.a(lib_a-nano-mallocr.o)
 .ARM.attributes
                0x00000000000009c4       0x2c c:/program files/stm32cubeide_1.7.0/stm32cubeide/plugins/com.st.stm32cube.ide.mcu.externaltools.gnu-tools-for-stm32.9-2020-q2-update.win32_2.0.0.202105311346/tools/bin/../lib/gcc/arm-none-eabi/9.3.1/../../../../arm-none-eabi/lib/thumb/v6-m/nofp\libc_nano.a(lib_a-nano-reallocr.o)
 .ARM.attributes
                0x00000000000009f0       0x2c c:/program files/stm32cubeide_1.7.0/stm32cubeide/plugins/com.st.stm32cube.ide.mcu.externaltools.gnu-tools-for-stm32.9-2020-q2-update.win32_2.0.0.202105311346/tools/bin/../lib/gcc/arm-none-eabi/9.3.1/../../../../arm-none-eabi/lib/thumb/v6-m/nofp\libc_nano.a(lib_a-sbrkr.o)
 .ARM.attributes
                0x0000000000000a1c       0x2c c:/program files/stm32cubeide_1.7.0/stm32cubeide/plugins/com.st.stm32cube.ide.mcu.externaltools.gnu-tools-for-stm32.9-2020-q2-update.win32_2.0.0.202105311346/tools/bin/../lib/gcc/arm-none-eabi/9.3.1/../../../../arm-none-eabi/lib/thumb/v6-m/nofp\libc_nano.a(lib_a-mlock.o)
 .ARM.attributes
                0x0000000000000a48       0x2c c:/program files/stm32cubeide_1.7.0/stm32cubeide/plugins/com.st.stm32cube.ide.mcu.externaltools.gnu-tools-for-stm32.9-2020-q2-update.win32_2.0.0.202105311346/tools/bin/../lib/gcc/arm-none-eabi/9.3.1/../../../../arm-none-eabi/lib/thumb/v6-m/nofp\libc_nano.a(lib_a-nano-msizer.o)
 .ARM.attributes
                0x0000000000000a74       0x2c c:/program files/stm32cubeide_1.7.0/stm32cubeide/plugins/com.st.stm32cube.ide.mcu.externaltools.gnu-tools-for-stm32.9-2020-q2-update.win32_2.0.0.202105311346/tools/bin/../lib/gcc/arm-none-eabi/9.3.1/../../../../arm-none-eabi/lib/thumb/v6-m/nofp\libc_nano.a(lib_a-reent.o)
 .ARM.attributes
                0x0000000000000aa0       0x2c c:/program files/stm32cubeide_1.7.0/stm32cubeide/plugins/com.st.stm32cube.ide.mcu.externaltools.gnu-tools-for-stm32.9-2020-q2-update.win32_2.0.0.202105311346/tools/bin/../lib/gcc/arm-none-eabi/9.3.1/../../../../arm-none-eabi/lib/thumb/v6-m/nofp\libc_nano.a(lib_a-lock.o)
 .ARM.attributes
                0x0000000000000acc       0x1e c:/program files/stm32cubeide_1.7.0/stm32cubeide/plugins/com.st.stm32cube.ide.mcu.externaltools.gnu-tools-for-stm32.9-2020-q2-update.win32_2.0.0.202105311346/tools/bin/../lib/gcc/arm-none-eabi/9.3.1/thumb/v6-m/nofp\libgcc.a(_thumb1_case_uqi.o)
 .ARM.attributes
                0x0000000000000aea       0x1e c:/program files/stm32cubeide_1.7.0/stm32cubeide/plugins/com.st.stm32cube.ide.mcu.externaltools.gnu-tools-for-stm32.9-2020-q2-update.win32_2.0.0.202105311346/tools/bin/../lib/gcc/arm-none-eabi/9.3.1/thumb/v6-m/nofp\libgcc.a(_thumb1_case_shi.o)
 .ARM.attributes
                0x0000000000000b08       0x1e c:/program files/stm32cubeide_1.7.0/stm32cubeide/plugins/com.st.stm32cube.ide.mcu.externaltools.gnu-tools-for-stm32.9-2020-q2-update.win32_2.0.0.202105311346/tools/bin/../lib/gcc/arm-none-eabi/9.3.1/thumb/v6-m/nofp\libgcc.a(_thumb1_case_uhi.o)
 .ARM.attributes