Archive member included to satisfy reference by file (symbol)

c:/st/stm32cubeide_1.7.0/stm32cubeide/plugins/com.st.stm32cube.ide.mcu.externaltools.gnu-tools-for-stm32.9-2020-q2-update.win32_2.0.0.202105311346/tools/bin/../lib/gcc/arm-none-eabi/9.3.1/../../../../arm-none-eabi/lib/thumb/v6-m/nofp\libc_nano.a(lib_a-atoi.o)
                              ./Core/Src/power.o (atoi)
c:/st/stm32cubeide_1.7.0/stm32cubeide/plugins/com.st.stm32cube.ide.mcu.externaltools.gnu-tools-for-stm32.9-2020-q2-update.win32_2.0.0.202105311346/tools/bin/../lib/gcc/arm-none-eabi/9.3.1/../../../../arm-none-eabi/lib/thumb/v6-m/nofp\libc_nano.a(lib_a-errno.o)
                              ./Core/Src/syscalls.o (__errno)
c:/st/stm32cubeide_1.7.0/stm32cubeide/plugins/com.st.stm32cube.ide.mcu.externaltools.gnu-tools-for-stm32.9-2020-q2-update.win32_2.0.0.202105311346/tools/bin/../lib/gcc/arm-none-eabi/9.3.1/../../../../arm-none-eabi/lib/thumb/v6-m/nofp\libc_nano.a(lib_a-exit.o)
                              c:/st/stm32cubeide_1.7.0/stm32cubeide/plugins/com.st.stm32cube.ide.mcu.externaltools.gnu-tools-for-stm32.9-2020-q2-update.win32_2.0.0.202105311346/tools/bin/../lib/gcc/arm-none-eabi/9.3.1/../../../../arm-none-eabi/lib/thumb/v6-m/nofp/crt0.o (exit)
c:/st/stm32cubeide_1.7.0/stm32cubeide/plugins/com.st.stm32cube.ide.mcu.externaltools.gnu-tools-for-stm32.9-2020-q2-update.win32_2.0.0.202105311346/tools/bin/../lib/gcc/arm-none-eabi/9.3.1/../../../../arm-none-eabi/lib/thumb/v6-m/nofp\libc_nano.a(lib_a-impure.o)
                              c:/st/stm32cubeide_1.7.0/stm32cubeide/plugins/com.st.stm32cube.ide.mcu.externaltools.gnu-tools-for-stm32.9-2020-q2-update.win32_2.0.0.202105311346/tools/bin/../lib/gcc/arm-none-eabi/9.3.1/../../../../arm-none-eabi/lib/thumb/v6-m/nofp\libc_nano.a(lib_a-exit.o) (_global_impure_ptr)
c:/st/stm32cubeide_1.7.0/stm32cubeide/plugins/com.st.stm32cube.ide.mcu.externaltools.gnu-tools-for-stm32.9-2020-q2-update.win32_2.0.0.202105311346/tools/bin/../lib/gcc/arm-none-eabi/9.3.1/../../../../arm-none-eabi/lib/thumb/v6-m/nofp\libc_nano.a(lib_a-init.o)
                              c:/st/stm32cubeide_1.7.0/stm32cubeide/plugins/com.st.stm32cube.ide.mcu.externaltools.gnu-tools-for-stm32.9-2020-q2-update.win32_2.0.0.202105311346/tools/bin/../lib/gcc/arm-none-eabi/9.3.1/../../../../arm-none-eabi/lib/thumb/v6-m/nofp/crt0.o (__libc_init_array)
c:/st/stm32cubeide_1.7.0/stm32cubeide/plugins/com.st.stm32cube.ide.mcu.externaltools.gnu-tools-for-stm32.9-2020-q2-update.win32_2.0.0.202105311346/tools/bin/../lib/gcc/arm-none-eabi/9.3.1/../../../../arm-none-eabi/lib/thumb/v6-m/nofp\libc_nano.a(lib_a-memcpy-stub.o)
                              ./Drivers/STM32F0xx_HAL_Driver/Src/stm32f0xx_hal_rcc.o (memcpy)
c:/st/stm32cubeide_1.7.0/stm32cubeide/plugins/com.st.stm32cube.ide.mcu.externaltools.gnu-tools-for-stm32.9-2020-q2-update.win32_2.0.0.202105311346/tools/bin/../lib/gcc/arm-none-eabi/9.3.1/../../../../arm-none-eabi/lib/thumb/v6-m/nofp\libc_nano.a(lib_a-memset.o)
                              c:/st/stm32cubeide_1.7.0/stm32cubeide/plugins/com.st.stm32cube.ide.mcu.externaltools.gnu-tools-for-stm32.9-2020-q2-update.win32_2.0.0.202105311346/tools/bin/../lib/gcc/arm-none-eabi/9.3.1/../../../../arm-none-eabi/lib/thumb/v6-m/nofp/crt0.o (memset)
c:/st/stm32cubeide_1.7.0/stm32cubeide/plugins/com.st.stm32cube.ide.mcu.externaltools.gnu-tools-for-stm32.9-2020-q2-update.win32_2.0.0.202105311346/tools/bin/../lib/gcc/arm-none-eabi/9.3.1/../../../../arm-none-eabi/lib/thumb/v6-m/nofp\libc_nano.a(lib_a-sprintf.o)
                              ./Core/Src/POST.o (sprintf)
c:/st/stm32cubeide_1.7.0/stm32cubeide/plugins/com.st.stm32cube.ide.mcu.externaltools.gnu-tools-for-stm32.9-2020-q2-update.win32_2.0.0.202105311346/tools/bin/../lib/gcc/arm-none-eabi/9.3.1/../../../../arm-none-eabi/lib/thumb/v6-m/nofp\libc_nano.a(lib_a-strcmp.o)
                              ./Core/Src/main.o (strcmp)
c:/st/stm32cubeide_1.7.0/stm32cubeide/plugins/com.st.stm32cube.ide.mcu.externaltools.gnu-tools-for-stm32.9-2020-q2-update.win32_2.0.0.202105311346/tools/bin/../lib/gcc/arm-none-eabi/9.3.1/../../../../arm-none-eabi/lib/thumb/v6-m/nofp\libc_nano.a(lib_a-strcpy.o)
                              ./Core/Src/POST.o (strcpy)
c:/st/stm32cubeide_1.7.0/stm32cubeide/plugins/com.st.stm32cube.ide.mcu.externaltools.gnu-tools-for-stm32.9-2020-q2-update.win32_2.0.0.202105311346/tools/bin/../lib/gcc/arm-none-eabi/9.3.1/../../../../arm-none-eabi/lib/thumb/v6-m/nofp\libc_nano.a(lib_a-strlen.o)
                              ./Core/Src/main.o (strlen)
c:/st/stm32cubeide_1.7.0/stm32cubeide/plugins/com.st.stm32cube.ide.mcu.externaltools.gnu-tools-for-stm32.9-2020-q2-update.win32_2.0.0.202105311346/tools/bin/../lib/gcc/arm-none-eabi/9.3.1/../../../../arm-none-eabi/lib/thumb/v6-m/nofp\libc_nano.a(lib_a-strtol.o)
[...]
Memory Configuration

Name             Origin             Length             Attributes
RAM              0x0000000020000000 0x0000000000001800 xrw
FLASH            0x0000000008000000 0x0000000000008000 xr
*default*        0x0000000000000000 0xffffffffffffffff

Linker script and memory map

LOAD c:/st/stm32cubeide_1.7.0/stm32cubeide/plugins/com.st.stm32cube.ide.mcu.externaltools.gnu-tools-for-stm32.9-2020-q2-update.win32_2.0.0.202105311346/tools/bin/../lib/gcc/arm-none-eabi/9.3.1/thumb/v6-m/nofp/crti.o
LOAD c:/st/stm32cubeide_1.7.0/stm32cubeide/plugins/com.st.stm32cube.ide.mcu.externaltools.gnu-tools-for-stm32.9-2020-q2-update.win32_2.0.0.202105311346/tools/bin/../lib/gcc/arm-none-eabi/9.3.1/thumb/v6-m/nofp/crtbegin.o
LOAD c:/st/stm32cubeide_1.7.0/stm32cubeide/plugins/com.st.stm32cube.ide.mcu.externaltools.gnu-tools-for-stm32.9-2020-q2-update.win32_2.0.0.202105311346/tools/bin/../lib/gcc/arm-none-eabi/9.3.1/../../../../arm-none-eabi/lib/thumb/v6-m/nofp/crt0.o
LOAD ./Core/Src/POST.o
LOAD ./Core/Src/i2c.o
LOAD ./Core/Src/i2cSlave.o
LOAD ./Core/Src/main.o
LOAD ./Core/Src/memory.o
LOAD ./Core/Src/power.o
LOAD ./Core/Src/stm32f0xx_hal_msp.o
LOAD ./Core/Src/stm32f0xx_hal_timebase_tim.o
LOAD ./Core/Src/stm32f0xx_it.o
LOAD ./Core/Src/syscalls.o
LOAD ./Core/Src/sysmem.o
LOAD ./Core/Src/system_stm32f0xx.o
LOAD ./Core/Src/text.o
LOAD ./Core/Startup/startup_stm32f048g6ux.o
LOAD ./Drivers/STM32F0xx_HAL_Driver/Src/stm32f0xx_hal.o
LOAD ./Drivers/STM32F0xx_HAL_Driver/Src/stm32f0xx_hal_adc.o
LOAD ./Drivers/STM32F0xx_HAL_Driver/Src/stm32f0xx_hal_adc_ex.o
LOAD ./Drivers/STM32F0xx_HAL_Driver/Src/stm32f0xx_hal_cortex.o
LOAD ./Drivers/STM32F0xx_HAL_Driver/Src/stm32f0xx_hal_dma.o
LOAD ./Drivers/STM32F0xx_HAL_Driver/Src/stm32f0xx_hal_exti.o
LOAD ./Drivers/STM32F0xx_HAL_Driver/Src/stm32f0xx_hal_flash.o
LOAD ./Drivers/STM32F0xx_HAL_Driver/Src/stm32f0xx_hal_flash_ex.o
LOAD ./Drivers/STM32F0xx_HAL_Driver/Src/stm32f0xx_hal_gpio.o
LOAD ./Drivers/STM32F0xx_HAL_Driver/Src/stm32f0xx_hal_i2c.o
LOAD ./Drivers/STM32F0xx_HAL_Driver/Src/stm32f0xx_hal_i2c_ex.o
LOAD ./Drivers/STM32F0xx_HAL_Driver/Src/stm32f0xx_hal_pcd.o
LOAD ./Drivers/STM32F0xx_HAL_Driver/Src/stm32f0xx_hal_pcd_ex.o
LOAD ./Drivers/STM32F0xx_HAL_Driver/Src/stm32f0xx_hal_pwr.o
LOAD ./Drivers/STM32F0xx_HAL_Driver/Src/stm32f0xx_hal_pwr_ex.o
LOAD ./Drivers/STM32F0xx_HAL_Driver/Src/stm32f0xx_hal_rcc.o
LOAD ./Drivers/STM32F0xx_HAL_Driver/Src/stm32f0xx_hal_rcc_ex.o
LOAD ./Drivers/STM32F0xx_HAL_Driver/Src/stm32f0xx_hal_spi.o
LOAD ./Drivers/STM32F0xx_HAL_Driver/Src/stm32f0xx_hal_spi_ex.o
LOAD ./Drivers/STM32F0xx_HAL_Driver/Src/stm32f0xx_hal_tim.o
LOAD ./Drivers/STM32F0xx_HAL_Driver/Src/stm32f0xx_hal_tim_ex.o
LOAD ./Drivers/STM32F0xx_HAL_Driver/Src/stm32f0xx_ll_usb.o
LOAD ./Middlewares/ST/STM32_USB_Device_Library/Class/CDC/Src/usbd_cdc.o
LOAD ./Middlewares/ST/STM32_USB_Device_Library/Core/Src/usbd_core.o
LOAD ./Middlewares/ST/STM32_USB_Device_Library/Core/Src/usbd_ctlreq.o
LOAD ./Middlewares/ST/STM32_USB_Device_Library/Core/Src/usbd_ioreq.o
LOAD ./USB_DEVICE/App/usb_device.o
LOAD ./USB_DEVICE/App/usbd_cdc_if.o
LOAD ./USB_DEVICE/App/usbd_desc.o
LOAD ./USB_DEVICE/Target/usbd_conf.o
START GROUP
LOAD c:/st/stm32cubeide_1.7.0/stm32cubeide/plugins/com.st.stm32cube.ide.mcu.externaltools.gnu-tools-for-stm32.9-2020-q2-update.win32_2.0.0.202105311346/tools/bin/../lib/gcc/arm-none-eabi/9.3.1/../../../../arm-none-eabi/lib/thumb/v6-m/nofp\libc_nano.a
LOAD c:/st/stm32cubeide_1.7.0/stm32cubeide/plugins/com.st.stm32cube.ide.mcu.externaltools.gnu-tools-for-stm32.9-2020-q2-update.win32_2.0.0.202105311346/tools/bin/../lib/gcc/arm-none-eabi/9.3.1/../../../../arm-none-eabi/lib/thumb/v6-m/nofp\libm.a
END GROUP
START GROUP
LOAD c:/st/stm32cubeide_1.7.0/stm32cubeide/plugins/com.st.stm32cube.ide.mcu.externaltools.gnu-tools-for-stm32.9-2020-q2-update.win32_2.0.0.202105311346/tools/bin/../lib/gcc/arm-none-eabi/9.3.1/thumb/v6-m/nofp\libgcc.a
LOAD c:/st/stm32cubeide_1.7.0/stm32cubeide/plugins/com.st.stm32cube.ide.mcu.externaltools.gnu-tools-for-stm32.9-2020-q2-update.win32_2.0.0.202105311346/tools/bin/../lib/gcc/arm-none-eabi/9.3.1/../../../../arm-none-eabi/lib/thumb/v6-m/nofp\libc_nano.a
END GROUP
START GROUP
LOAD c:/st/stm32cubeide_1.7.0/stm32cubeide/plugins/com.st.stm32cube.ide.mcu.externaltools.gnu-tools-for-stm32.9-2020-q2-update.win32_2.0.0.202105311346/tools/bin/../lib/gcc/arm-none-eabi/9.3.1/thumb/v6-m/nofp\libgcc.a
LOAD c:/st/stm32cubeide_1.7.0/stm32cubeide/plugins/com.st.stm32cube.ide.mcu.externaltools.gnu-tools-for-stm32.9-2020-q2-update.win32_2.0.0.202105311346/tools/bin/../lib/gcc/arm-none-eabi/9.3.1/../../../../arm-none-eabi/lib/thumb/v6-m/nofp\libc_nano.a
LOAD c:/st/stm32cubeide_1.7.0/stm32cubeide/plugins/com.st.stm32cube.ide.mcu.externaltools.gnu-tools-for-stm32.9-2020-q2-update.win32_2.0.0.202105311346/tools/bin/../lib/gcc/arm-none-eabi/9.3.1/../../../../arm-none-eabi/lib/thumb/v6-m/nofp\libnosys.a
END GROUP
START GROUP
LOAD c:/st/stm32cubeide_1.7.0/stm32cubeide/plugins/com.st.stm32cube.ide.mcu.externaltools.gnu-tools-for-stm32.9-2020-q2-update.win32_2.0.0.202105311346/tools/bin/../lib/gcc/arm-none-eabi/9.3.1/thumb/v6-m/nofp\libgcc.a
LOAD c:/st/stm32cubeide_1.7.0/stm32cubeide/plugins/com.st.stm32cube.ide.mcu.externaltools.gnu-tools-for-stm32.9-2020-q2-update.win32_2.0.0.202105311346/tools/bin/../lib/gcc/arm-none-eabi/9.3.1/../../../../arm-none-eabi/lib/thumb/v6-m/nofp\libc_nano.a
LOAD c:/st/stm32cubeide_1.7.0/stm32cubeide/plugins/com.st.stm32cube.ide.mcu.externaltools.gnu-tools-for-stm32.9-2020-q2-update.win32_2.0.0.202105311346/tools/bin/../lib/gcc/arm-none-eabi/9.3.1/../../../../arm-none-eabi/lib/thumb/v6-m/nofp\libnosys.a
END GROUP
LOAD c:/st/stm32cubeide_1.7.0/stm32cubeide/plugins/com.st.stm32cube.ide.mcu.externaltools.gnu-tools-for-stm32.9-2020-q2-update.win32_2.0.0.202105311346/tools/bin/../lib/gcc/arm-none-eabi/9.3.1/thumb/v6-m/nofp/crtend.o
LOAD c:/st/stm32cubeide_1.7.0/stm32cubeide/plugins/com.st.stm32cube.ide.mcu.externaltools.gnu-tools-for-stm32.9-2020-q2-update.win32_2.0.0.202105311346/tools/bin/../lib/gcc/arm-none-eabi/9.3.1/thumb/v6-m/nofp/crtn.o
                0x0000000020001800                _estack = (ORIGIN (RAM) + LENGTH (RAM))
                0x0000000000000200                _Min_Heap_Size = 0x200
                0x0000000000000325                _Min_Stack_Size = 0x325

.isr_vector     0x0000000008000000       0xc0
                0x0000000008000000                . = ALIGN (0x4)
 *(.isr_vector)
 .isr_vector    0x0000000008000000       0xc0 ./Core/Startup/startup_stm32f048g6ux.o
                0x0000000008000000                g_pfnVectors
                0x00000000080000c0                . = ALIGN (0x4)

.text           0x00000000080000c0     0x6df4
                0x00000000080000c0                . = ALIGN (0x4)
 *(.text)
 .text          0x00000000080000c0       0x48 c:/st/stm32cubeide_1.7.0/stm32cubeide/plugins/com.st.stm32cube.ide.mcu.externaltools.gnu-tools-for-stm32.9-2020-q2-update.win32_2.0.0.202105311346/tools/bin/../lib/gcc/arm-none-eabi/9.3.1/thumb/v6-m/nofp/crtbegin.o
 .text          0x0000000008000108       0x14 c:/st/stm32cubeide_1.7.0/stm32cubeide/plugins/com.st.stm32cube.ide.mcu.externaltools.gnu-tools-for-stm32.9-2020-q2-update.win32_2.0.0.202105311346/tools/bin/../lib/gcc/arm-none-eabi/9.3.1/../../../../arm-none-eabi/lib/thumb/v6-m/nofp\libc_nano.a(lib_a-strcmp.o)
                0x0000000008000108                strcmp
 .text          0x000000000800011c        0xe c:/st/stm32cubeide_1.7.0/stm32cubeide/plugins/com.st.stm32cube.ide.mcu.externaltools.gnu-tools-for-stm32.9-2020-q2-update.win32_2.0.0.202105311346/tools/bin/../lib/gcc/arm-none-eabi/9.3.1/../../../../arm-none-eabi/lib/thumb/v6-m/nofp\libc_nano.a(lib_a-strlen.o)
                0x000000000800011c                strlen
 *fill*         0x000000000800012a        0x2 
 .text          0x000000000800012c       0x14 c:/st/stm32cubeide_1.7.0/stm32cubeide/plugins/com.st.stm32cube.ide.mcu.externaltools.gnu-tools-for-stm32.9-2020-q2-update.win32_2.0.0.202105311346/tools/bin/../lib/gcc/arm-none-eabi/9.3.1/thumb/v6-m/nofp\libgcc.a(_thumb1_case_uqi.o)
                0x000000000800012c                __gnu_thumb1_case_uqi
 .text          0x0000000008000140       0x14 c:/st/stm32cubeide_1.7.0/stm32cubeide/plugins/com.st.stm32cube.ide.mcu.externaltools.gnu-tools-for-stm32.9-2020-q2-update.win32_2.0.0.202105311346/tools/bin/../lib/gcc/arm-none-eabi/9.3.1/thumb/v6-m/nofp\libgcc.a(_thumb1_case_shi.o)
                0x0000000008000140                __gnu_thumb1_case_shi
 .text          0x0000000008000154       0x14 c:/st/stm32cubeide_1.7.0/stm32cubeide/plugins/com.st.stm32cube.ide.mcu.externaltools.gnu-tools-for-stm32.9-2020-q2-update.win32_2.0.0.202105311346/tools/bin/../lib/gcc/arm-none-eabi/9.3.1/thumb/v6-m/nofp\libgcc.a(_thumb1_case_uhi.o)
                0x0000000008000154                __gnu_thumb1_case_uhi
 .text          0x0000000008000168      0x114 c:/st/stm32cubeide_1.7.0/stm32cubeide/plugins/com.st.stm32cube.ide.mcu.externaltools.gnu-tools-for-stm32.9-2020-q2-update.win32_2.0.0.202105311346/tools/bin/../lib/gcc/arm-none-eabi/9.3.1/thumb/v6-m/nofp\libgcc.a(_udivsi3.o)
                0x0000000008000168                __aeabi_uidiv
                0x0000000008000168                __udivsi3
                0x0000000008000274                __aeabi_uidivmod
 .text          0x000000000800027c        0x4 c:/st/stm32cubeide_1.7.0/stm32cubeide/plugins/com.st.stm32cube.ide.mcu.externaltools.gnu-tools-for-stm32.9-2020-q2-update.win32_2.0.0.202105311346/tools/bin/../lib/gcc/arm-none-eabi/9.3.1/thumb/v6-m/nofp\libgcc.a(_dvmd_tls.o)
                0x000000000800027c                __aeabi_idiv0
                0x000000000800027c                __aeabi_ldiv0
 .text          0x0000000008000280       0x18 c:/st/stm32cubeide_1.7.0/stm32cubeide/plugins/com.st.stm32cube.ide.mcu.externaltools.gnu-tools-for-stm32.9-2020-q2-update.win32_2.0.0.202105311346/tools/bin/../lib/gcc/arm-none-eabi/9.3.1/thumb/v6-m/nofp\libgcc.a(_lshrdi3.o)
                0x0000000008000280                __lshrdi3
                0x0000000008000280                __aeabi_llsr
 *(.text*)
 .text.clearBuf
                0x0000000008000298       0x10 ./Core/Src/POST.o
                0x0000000008000298                clearBuf
 .text.POST     0x00000000080002a8      0x168 ./Core/Src/POST.o
                0x00000000080002a8                POST
 .text.setLineDirection
                0x0000000008000410       0x34 ./Core/Src/i2c.o
                0x0000000008000410                setLineDirection
 .text.SFT_I2C_Init
                0x0000000008000444       0x28 ./Core/Src/i2c.o
                0x0000000008000444                SFT_I2C_Init
 .text.startCondition
                0x000000000800046c       0x4e ./Core/Src/i2c.o
                0x000000000800046c                startCondition
 .text.stopCondition
                0x00000000080004ba       0x32 ./Core/Src/i2c.o
                0x00000000080004ba                stopCondition
 .text.sendByte
                0x00000000080004ec       0x50 ./Core/Src/i2c.o
                0x00000000080004ec                sendByte
 .text.recvByte
                0x000000000800053c       0x94 ./Core/Src/i2c.o
                0x000000000800053c                recvByte
 .text.readReceipt
                0x00000000080005d0       0x54 ./Core/Src/i2c.o
                0x00000000080005d0                readReceipt
 .text.SFT_I2C_Master_Transmit
                0x0000000008000624       0x3a ./Core/Src/i2c.o
                0x0000000008000624                SFT_I2C_Master_Transmit
 .text.SFT_I2C_Master_Receive
                0x000000000800065e       0x44 ./Core/Src/i2c.o
                0x000000000800065e                SFT_I2C_Master_Receive
 *fill*         0x00000000080006a2        0x2 
 .text.readWord
                0x00000000080006a4       0x20 ./Core/Src/i2cSlave.o
                0x00000000080006a4                readWord
 .text.writeWord
                0x00000000080006c4       0x18 ./Core/Src/i2cSlave.o
                0x00000000080006c4                writeWord
 .text.clearHi2c
                0x00000000080006dc       0x28 ./Core/Src/i2cSlave.o
                0x00000000080006dc                clearHi2c
 .text.i2cSM    0x0000000008000704      0x224 ./Core/Src/i2cSlave.o
                0x0000000008000704                i2cSM
 .text.DisableSPI
                0x0000000008000928       0x30 ./Core/Src/main.o
                0x0000000008000928                DisableSPI
 .text.SetI2C_Mask
                0x0000000008000958       0x28 ./Core/Src/main.o
                0x0000000008000958                SetI2C_Mask
 .text.ClrI2C_Mask
                0x0000000008000980       0x28 ./Core/Src/main.o
                0x0000000008000980                ClrI2C_Mask
 .text.Set_CS   0x00000000080009a8       0x20 ./Core/Src/main.o
                0x00000000080009a8                Set_CS
 .text.Clr_CS   0x00000000080009c8       0x20 ./Core/Src/main.o
                0x00000000080009c8                Clr_CS
 .text.Test_RxPacket
                0x00000000080009e8       0x30 ./Core/Src/main.o
                0x00000000080009e8                Test_RxPacket
 .text.UART_putstr
                0x0000000008000a18       0x18 ./Core/Src/main.o
                0x0000000008000a18                UART_putstr
 .text.UART_putstrln
                0x0000000008000a30       0x38 ./Core/Src/main.o
                0x0000000008000a30                UART_putstrln
 .text.UART_SendByte
                0x0000000008000a68       0x16 ./Core/Src/main.o
                0x0000000008000a68                UART_SendByte
 *fill*         0x0000000008000a7e        0x2 
 .text.ReadUartNonBlock
                0x0000000008000a80       0x38 ./Core/Src/main.o
                0x0000000008000a80                ReadUartNonBlock
 .text.userInput
                0x0000000008000ab8       0x9c ./Core/Src/main.o
                0x0000000008000ab8                userInput
 .text.refreshConsoleBuffer
                0x0000000008000b54       0x1c ./Core/Src/main.o
                0x0000000008000b54                refreshConsoleBuffer
 .text.clearUartConsole
                0x0000000008000b70       0x10 ./Core/Src/main.o
                0x0000000008000b70                clearUartConsole
 .text.ByteToHEX
                0x0000000008000b80       0x16 ./Core/Src/main.o
                0x0000000008000b80                ByteToHEX
 *fill*         0x0000000008000b96        0x2 
 .text.HAL_TIM_PeriodElapsedCallback
                0x0000000008000b98       0x44 ./Core/Src/main.o
                0x0000000008000b98                HAL_TIM_PeriodElapsedCallback
 .text.Error_Handler
                0x0000000008000bdc       0x10 ./Core/Src/main.o
                0x0000000008000bdc                Error_Handler
 .text.MX_SPI1_Init
                0x0000000008000bec       0x4c ./Core/Src/main.o
 .text.EnableSPI
                0x0000000008000c38       0x44 ./Core/Src/main.o
                0x0000000008000c38                EnableSPI
 .text.UART_Con_Mash
                0x0000000008000c7c      0x25c ./Core/Src/main.o
                0x0000000008000c7c                UART_Con_Mash
 .text.SystemClock_Config
                0x0000000008000ed8       0x74 ./Core/Src/main.o
                0x0000000008000ed8                SystemClock_Config
 .text.startup.main
                0x0000000008000f4c      0x308 ./Core/Src/main.o
                0x0000000008000f4c                main
 .text.SPI_ReadStatus
                0x0000000008001254       0x48 ./Core/Src/memory.o
                0x0000000008001254                SPI_ReadStatus
 .text.Flash_WriteEnable
                0x000000000800129c       0x30 ./Core/Src/memory.o
                0x000000000800129c                Flash_WriteEnable
 .text.SPI_EraseAddr
                0x00000000080012cc       0x54 ./Core/Src/memory.o
                0x00000000080012cc                SPI_EraseAddr
 .text.Flash_PageWrite
                0x0000000008001320       0x88 ./Core/Src/memory.o
                0x0000000008001320                Flash_PageWrite
 .text.SPI_Reset
                0x00000000080013a8       0x34 ./Core/Src/memory.o
                0x00000000080013a8                SPI_Reset
 .text.SPI_ReadID
                0x00000000080013dc       0x5c ./Core/Src/memory.o
                0x00000000080013dc                SPI_ReadID
 .text.Xmodem_SPI
                0x0000000008001438      0x190 ./Core/Src/memory.o
                0x0000000008001438                Xmodem_SPI
 .text.Xmodem_Init
                0x00000000080015c8       0x38 ./Core/Src/memory.o
                0x00000000080015c8                Xmodem_Init
 .text.FlashDump
                0x0000000008001600       0xa4 ./Core/Src/memory.o
                0x0000000008001600                FlashDump
 .text.memoryMenu
                0x00000000080016a4       0xe8 ./Core/Src/memory.o
                0x00000000080016a4                memoryMenu
 .text.writeConfig
                0x000000000800178c       0x58 ./Core/Src/memory.o
                0x000000000800178c                writeConfig
 .text.readConfig
                0x00000000080017e4       0x18 ./Core/Src/memory.o
                0x00000000080017e4                readConfig
 .text.debouncer
                0x00000000080017fc       0x46 ./Core/Src/power.o
                0x00000000080017fc                debouncer
 *fill*         0x0000000008001842        0x2 
 .text.checkPowerLevels
                0x0000000008001844      0x148 ./Core/Src/power.o
                0x0000000008001844                checkPowerLevels
 .text.BootMenu
                0x000000000800198c      0x178 ./Core/Src/power.o
                0x000000000800198c                BootMenu
 .text.PowerSM  0x0000000008001b04      0x1a4 ./Core/Src/power.o
                0x0000000008001b04                PowerSM
 .text.HAL_MspInit
                0x0000000008001ca8       0x3c ./Core/Src/stm32f0xx_hal_msp.o
                0x0000000008001ca8                HAL_MspInit
 .text.HAL_ADC_MspInit
                0x0000000008001ce4       0x2c ./Core/Src/stm32f0xx_hal_msp.o
                0x0000000008001ce4                HAL_ADC_MspInit
 .text.HAL_I2C_MspInit
                0x0000000008001d10       0x6c ./Core/Src/stm32f0xx_hal_msp.o
                0x0000000008001d10                HAL_I2C_MspInit
 .text.HAL_SPI_MspInit
                0x0000000008001d7c       0x78 ./Core/Src/stm32f0xx_hal_msp.o
                0x0000000008001d7c                HAL_SPI_MspInit
 .text.HAL_SPI_MspDeInit
                0x0000000008001df4       0x34 ./Core/Src/stm32f0xx_hal_msp.o
                0x0000000008001df4                HAL_SPI_MspDeInit
 .text.HAL_InitTick
                0x0000000008001e28       0x7c ./Core/Src/stm32f0xx_hal_timebase_tim.o
                0x0000000008001e28                HAL_InitTick
 .text.NMI_Handler
                0x0000000008001ea4        0x2 ./Core/Src/stm32f0xx_it.o
                0x0000000008001ea4                NMI_Handler
 .text.HardFault_Handler
                0x0000000008001ea6        0x2 ./Core/Src/stm32f0xx_it.o
                0x0000000008001ea6                HardFault_Handler
 .text.SVC_Handler
                0x0000000008001ea8        0x2 ./Core/Src/stm32f0xx_it.o
                0x0000000008001ea8                SVC_Handler
 .text.PendSV_Handler
                0x0000000008001eaa        0x2 ./Core/Src/stm32f0xx_it.o
                0x0000000008001eaa                PendSV_Handler
 .text.SysTick_Handler
                0x0000000008001eac        0x2 ./Core/Src/stm32f0xx_it.o
                0x0000000008001eac                SysTick_Handler
 *fill*         0x0000000008001eae        0x2 
 .text.TIM17_IRQHandler
                0x0000000008001eb0       0x10 ./Core/Src/stm32f0xx_it.o
                0x0000000008001eb0                TIM17_IRQHandler
 .text.SPI1_IRQHandler
                0x0000000008001ec0       0x10 ./Core/Src/stm32f0xx_it.o
                0x0000000008001ec0                SPI1_IRQHandler
 .text.USB_IRQHandler
                0x0000000008001ed0       0x10 ./Core/Src/stm32f0xx_it.o
                0x0000000008001ed0                USB_IRQHandler
 .text._sbrk    0x0000000008001ee0       0x40 ./Core/Src/sysmem.o
                0x0000000008001ee0                _sbrk
 .text.SystemInit
                0x0000000008001f20        0x2 ./Core/Src/system_stm32f0xx.o
                0x0000000008001f20                SystemInit
 *fill*         0x0000000008001f22        0x2 
 .text.Reset_Handler
                0x0000000008001f24       0x50 ./Core/Startup/startup_stm32f048g6ux.o
                0x0000000008001f24                Reset_Handler
 .text.Default_Handler
                0x0000000008001f74        0x2 ./Core/Startup/startup_stm32f048g6ux.o
                0x0000000008001f74                TIM1_CC_IRQHandler
                0x0000000008001f74                TSC_IRQHandler
                0x0000000008001f74                I2C1_IRQHandler
                0x0000000008001f74                RCC_CRS_IRQHandler
                0x0000000008001f74                EXTI2_3_IRQHandler
                0x0000000008001f74                ADC1_IRQHandler
                0x0000000008001f74                CEC_CAN_IRQHandler
                0x0000000008001f74                RTC_IRQHandler
                0x0000000008001f74                TIM16_IRQHandler
                0x0000000008001f74                TIM3_IRQHandler
                0x0000000008001f74                EXTI4_15_IRQHandler
                0x0000000008001f74                DMA1_Channel1_IRQHandler
                0x0000000008001f74                Default_Handler
                0x0000000008001f74                TIM14_IRQHandler
                0x0000000008001f74                DMA1_Channel4_5_IRQHandler
                0x0000000008001f74                EXTI0_1_IRQHandler
                0x0000000008001f74                SPI2_IRQHandler
                0x0000000008001f74                WWDG_IRQHandler
                0x0000000008001f74                TIM2_IRQHandler
                0x0000000008001f74                DMA1_Channel2_3_IRQHandler
                0x0000000008001f74                USART2_IRQHandler
                0x0000000008001f74                VDDIO2_IRQHandler
                0x0000000008001f74                FLASH_IRQHandler
                0x0000000008001f74                USART1_IRQHandler
                0x0000000008001f74                TIM1_BRK_UP_TRG_COM_IRQHandler
 *fill*         0x0000000008001f76        0x2 
 .text.HAL_Init
                0x0000000008001f78       0x20 ./Drivers/STM32F0xx_HAL_Driver/Src/stm32f0xx_hal.o
                0x0000000008001f78                HAL_Init
 .text.HAL_IncTick
                0x0000000008001f98       0x18 ./Drivers/STM32F0xx_HAL_Driver/Src/stm32f0xx_hal.o
                0x0000000008001f98                HAL_IncTick
 .text.HAL_GetTick
                0x0000000008001fb0        0xc ./Drivers/STM32F0xx_HAL_Driver/Src/stm32f0xx_hal.o
                0x0000000008001fb0                HAL_GetTick
 .text.HAL_Delay
                0x0000000008001fbc       0x24 ./Drivers/STM32F0xx_HAL_Driver/Src/stm32f0xx_hal.o
                0x0000000008001fbc                HAL_Delay
 .text.HAL_ADC_Init
                0x0000000008001fe0      0x150 ./Drivers/STM32F0xx_HAL_Driver/Src/stm32f0xx_hal_adc.o
                0x0000000008001fe0                HAL_ADC_Init
 .text.HAL_ADC_ConfigChannel
                0x0000000008002130      0x108 ./Drivers/STM32F0xx_HAL_Driver/Src/stm32f0xx_hal_adc.o
                0x0000000008002130                HAL_ADC_ConfigChannel
 .text.HAL_NVIC_SetPriority
                0x0000000008002238       0x54 ./Drivers/STM32F0xx_HAL_Driver/Src/stm32f0xx_hal_cortex.o
                0x0000000008002238                HAL_NVIC_SetPriority
 .text.HAL_NVIC_EnableIRQ
                0x000000000800228c       0x18 ./Drivers/STM32F0xx_HAL_Driver/Src/stm32f0xx_hal_cortex.o
                0x000000000800228c                HAL_NVIC_EnableIRQ
 .text.HAL_NVIC_DisableIRQ
                0x00000000080022a4       0x20 ./Drivers/STM32F0xx_HAL_Driver/Src/stm32f0xx_hal_cortex.o
                0x00000000080022a4                HAL_NVIC_DisableIRQ
 .text.HAL_DMA_Abort_IT
                0x00000000080022c4       0x46 ./Drivers/STM32F0xx_HAL_Driver/Src/stm32f0xx_hal_dma.o
                0x00000000080022c4                HAL_DMA_Abort_IT
 *fill*         0x000000000800230a        0x2 
 .text.FLASH_SetErrorCode
                0x000000000800230c       0x3c ./Drivers/STM32F0xx_HAL_Driver/Src/stm32f0xx_hal_flash.o
 .text.HAL_FLASH_Unlock
                0x0000000008002348       0x28 ./Drivers/STM32F0xx_HAL_Driver/Src/stm32f0xx_hal_flash.o
                0x0000000008002348                HAL_FLASH_Unlock
 .text.HAL_FLASH_Lock
                0x0000000008002370       0x14 ./Drivers/STM32F0xx_HAL_Driver/Src/stm32f0xx_hal_flash.o
                0x0000000008002370                HAL_FLASH_Lock
 .text.FLASH_WaitForLastOperation
                0x0000000008002384       0x58 ./Drivers/STM32F0xx_HAL_Driver/Src/stm32f0xx_hal_flash.o
                0x0000000008002384                FLASH_WaitForLastOperation
 .text.HAL_FLASH_Program
                0x00000000080023dc       0x84 ./Drivers/STM32F0xx_HAL_Driver/Src/stm32f0xx_hal_flash.o
                0x00000000080023dc                HAL_FLASH_Program
 .text.FLASH_MassErase
                0x0000000008002460       0x24 ./Drivers/STM32F0xx_HAL_Driver/Src/stm32f0xx_hal_flash_ex.o
 .text.FLASH_PageErase
                0x0000000008002484       0x24 ./Drivers/STM32F0xx_HAL_Driver/Src/stm32f0xx_hal_flash_ex.o
                0x0000000008002484                FLASH_PageErase
 .text.HAL_FLASHEx_Erase
                0x00000000080024a8       0x94 ./Drivers/STM32F0xx_HAL_Driver/Src/stm32f0xx_hal_flash_ex.o
                0x00000000080024a8                HAL_FLASHEx_Erase
 .text.HAL_GPIO_Init
                0x000000000800253c      0x160 ./Drivers/STM32F0xx_HAL_Driver/Src/stm32f0xx_hal_gpio.o
                0x000000000800253c                HAL_GPIO_Init
 .text.HAL_GPIO_DeInit
                0x000000000800269c       0xd0 ./Drivers/STM32F0xx_HAL_Driver/Src/stm32f0xx_hal_gpio.o
                0x000000000800269c                HAL_GPIO_DeInit
 .text.HAL_GPIO_ReadPin
                0x000000000800276c        0xc ./Drivers/STM32F0xx_HAL_Driver/Src/stm32f0xx_hal_gpio.o
                0x000000000800276c                HAL_GPIO_ReadPin
 .text.HAL_GPIO_WritePin
                0x0000000008002778        0xc ./Drivers/STM32F0xx_HAL_Driver/Src/stm32f0xx_hal_gpio.o
                0x0000000008002778                HAL_GPIO_WritePin
 .text.HAL_I2C_Init
                0x0000000008002784       0xac ./Drivers/STM32F0xx_HAL_Driver/Src/stm32f0xx_hal_i2c.o
                0x0000000008002784                HAL_I2C_Init
 .text.HAL_I2CEx_ConfigAnalogFilter
                0x0000000008002830       0x4c ./Drivers/STM32F0xx_HAL_Driver/Src/stm32f0xx_hal_i2c_ex.o
                0x0000000008002830                HAL_I2CEx_ConfigAnalogFilter
 .text.HAL_I2CEx_ConfigDigitalFilter
                0x000000000800287c       0x48 ./Drivers/STM32F0xx_HAL_Driver/Src/stm32f0xx_hal_i2c_ex.o
                0x000000000800287c                HAL_I2CEx_ConfigDigitalFilter
 .text.HAL_PCD_Init
                0x00000000080028c4       0xd8 ./Drivers/STM32F0xx_HAL_Driver/Src/stm32f0xx_hal_pcd.o
                0x00000000080028c4                HAL_PCD_Init
 .text.HAL_PCD_Start
                0x000000000800299c       0x26 ./Drivers/STM32F0xx_HAL_Driver/Src/stm32f0xx_hal_pcd.o
                0x000000000800299c                HAL_PCD_Start
 .text.HAL_PCD_SetAddress
                0x00000000080029c2       0x24 ./Drivers/STM32F0xx_HAL_Driver/Src/stm32f0xx_hal_pcd.o
                0x00000000080029c2                HAL_PCD_SetAddress
 *fill*         0x00000000080029e6        0x2 
 .text.HAL_PCD_IRQHandler
                0x00000000080029e8      0xa2c ./Drivers/STM32F0xx_HAL_Driver/Src/stm32f0xx_hal_pcd.o
                0x00000000080029e8                HAL_PCD_IRQHandler
 .text.HAL_PCD_EP_Open
                0x0000000008003414       0x62 ./Drivers/STM32F0xx_HAL_Driver/Src/stm32f0xx_hal_pcd.o
                0x0000000008003414                HAL_PCD_EP_Open
 .text.HAL_PCD_EP_Close
                0x0000000008003476       0x4e ./Drivers/STM32F0xx_HAL_Driver/Src/stm32f0xx_hal_pcd.o
                0x0000000008003476                HAL_PCD_EP_Close
 .text.HAL_PCD_EP_Receive
                0x00000000080034c4       0x42 ./Drivers/STM32F0xx_HAL_Driver/Src/stm32f0xx_hal_pcd.o
                0x00000000080034c4                HAL_PCD_EP_Receive
 .text.HAL_PCD_EP_GetRxCount
                0x0000000008003506       0x12 ./Drivers/STM32F0xx_HAL_Driver/Src/stm32f0xx_hal_pcd.o
                0x0000000008003506                HAL_PCD_EP_GetRxCount
 .text.HAL_PCD_EP_Transmit
                0x0000000008003518       0x3a ./Drivers/STM32F0xx_HAL_Driver/Src/stm32f0xx_hal_pcd.o
                0x0000000008003518                HAL_PCD_EP_Transmit
 .text.HAL_PCD_EP_SetStall
                0x0000000008003552       0x56 ./Drivers/STM32F0xx_HAL_Driver/Src/stm32f0xx_hal_pcd.o
                0x0000000008003552                HAL_PCD_EP_SetStall
 .text.HAL_PCD_EP_ClrStall
                0x00000000080035a8       0x5e ./Drivers/STM32F0xx_HAL_Driver/Src/stm32f0xx_hal_pcd.o
                0x00000000080035a8                HAL_PCD_EP_ClrStall
 .text.HAL_PCDEx_PMAConfig
                0x0000000008003606       0x34 ./Drivers/STM32F0xx_HAL_Driver/Src/stm32f0xx_hal_pcd_ex.o
                0x0000000008003606                HAL_PCDEx_PMAConfig
 .text.HAL_PCDEx_ActivateLPM
                0x000000000800363a       0x28 ./Drivers/STM32F0xx_HAL_Driver/Src/stm32f0xx_hal_pcd_ex.o
                0x000000000800363a                HAL_PCDEx_ActivateLPM
 .text.HAL_PCDEx_LPM_Callback
                0x0000000008003662        0x2 ./Drivers/STM32F0xx_HAL_Driver/Src/stm32f0xx_hal_pcd_ex.o
                0x0000000008003662                HAL_PCDEx_LPM_Callback
 .text.HAL_RCC_OscConfig
                0x0000000008003664      0x4a0 ./Drivers/STM32F0xx_HAL_Driver/Src/stm32f0xx_hal_rcc.o
                0x0000000008003664                HAL_RCC_OscConfig
 .text.HAL_RCC_GetSysClockFreq
                0x0000000008003b04       0x84 ./Drivers/STM32F0xx_HAL_Driver/Src/stm32f0xx_hal_rcc.o
                0x0000000008003b04                HAL_RCC_GetSysClockFreq
 .text.HAL_RCC_ClockConfig
                0x0000000008003b88      0x118 ./Drivers/STM32F0xx_HAL_Driver/Src/stm32f0xx_hal_rcc.o
                0x0000000008003b88                HAL_RCC_ClockConfig
 .text.HAL_RCC_GetPCLK1Freq
                0x0000000008003ca0       0x20 ./Drivers/STM32F0xx_HAL_Driver/Src/stm32f0xx_hal_rcc.o
                0x0000000008003ca0                HAL_RCC_GetPCLK1Freq
 .text.HAL_RCC_GetClockConfig
                0x0000000008003cc0       0x38 ./Drivers/STM32F0xx_HAL_Driver/Src/stm32f0xx_hal_rcc.o
                0x0000000008003cc0                HAL_RCC_GetClockConfig
 .text.HAL_RCCEx_PeriphCLKConfig
                0x0000000008003cf8      0x130 ./Drivers/STM32F0xx_HAL_Driver/Src/stm32f0xx_hal_rcc_ex.o
                0x0000000008003cf8                HAL_RCCEx_PeriphCLKConfig
 .text.SPI_WaitFlagStateUntilTimeout.constprop.0
                0x0000000008003e28       0xb8 ./Drivers/STM32F0xx_HAL_Driver/Src/stm32f0xx_hal_spi.o
 .text.SPI_WaitFifoStateUntilTimeout.constprop.0
                0x0000000008003ee0       0xd8 ./Drivers/STM32F0xx_HAL_Driver/Src/stm32f0xx_hal_spi.o
 .text.SPI_EndRxTransaction
                0x0000000008003fb8       0x7a ./Drivers/STM32F0xx_HAL_Driver/Src/stm32f0xx_hal_spi.o
 .text.SPI_EndRxTxTransaction
                0x0000000008004032       0x46 ./Drivers/STM32F0xx_HAL_Driver/Src/stm32f0xx_hal_spi.o
 .text.HAL_SPI_Init
                0x0000000008004078       0xf0 ./Drivers/STM32F0xx_HAL_Driver/Src/stm32f0xx_hal_spi.o
                0x0000000008004078                HAL_SPI_Init
 .text.HAL_SPI_DeInit
                0x0000000008004168       0x2e ./Drivers/STM32F0xx_HAL_Driver/Src/stm32f0xx_hal_spi.o
                0x0000000008004168                HAL_SPI_DeInit
 .text.HAL_SPI_Transmit
                0x0000000008004196      0x17a ./Drivers/STM32F0xx_HAL_Driver/Src/stm32f0xx_hal_spi.o
                0x0000000008004196                HAL_SPI_Transmit
 .text.HAL_SPI_TransmitReceive
                0x0000000008004310      0x20c ./Drivers/STM32F0xx_HAL_Driver/Src/stm32f0xx_hal_spi.o
                0x0000000008004310                HAL_SPI_TransmitReceive
 .text.HAL_SPI_Receive
                0x000000000800451c      0x178 ./Drivers/STM32F0xx_HAL_Driver/Src/stm32f0xx_hal_spi.o
                0x000000000800451c                HAL_SPI_Receive
 .text.HAL_SPI_ErrorCallback
                0x0000000008004694        0x2 ./Drivers/STM32F0xx_HAL_Driver/Src/stm32f0xx_hal_spi.o
                0x0000000008004694                HAL_SPI_ErrorCallback
 *fill*         0x0000000008004696        0x2 
 .text.HAL_SPI_IRQHandler
                0x0000000008004698      0x120 ./Drivers/STM32F0xx_HAL_Driver/Src/stm32f0xx_hal_spi.o
                0x0000000008004698                HAL_SPI_IRQHandler
 .text.SPI_DMAAbortOnError
                0x00000000080047b8       0x14 ./Drivers/STM32F0xx_HAL_Driver/Src/stm32f0xx_hal_spi.o
 .text.HAL_TIM_Base_MspInit
                0x00000000080047cc        0x2 ./Drivers/STM32F0xx_HAL_Driver/Src/stm32f0xx_hal_tim.o
                0x00000000080047cc                HAL_TIM_Base_MspInit
 *fill*         0x00000000080047ce        0x2 
 .text.HAL_TIM_Base_Start_IT
                0x00000000080047d0       0x58 ./Drivers/STM32F0xx_HAL_Driver/Src/stm32f0xx_hal_tim.o
                0x00000000080047d0                HAL_TIM_Base_Start_IT
 .text.HAL_TIM_OC_DelayElapsedCallback
                0x0000000008004828        0x2 ./Drivers/STM32F0xx_HAL_Driver/Src/stm32f0xx_hal_tim.o
                0x0000000008004828                HAL_TIM_OC_DelayElapsedCallback
 .text.HAL_TIM_IC_CaptureCallback
                0x000000000800482a        0x2 ./Drivers/STM32F0xx_HAL_Driver/Src/stm32f0xx_hal_tim.o
                0x000000000800482a                HAL_TIM_IC_CaptureCallback
 .text.HAL_TIM_PWM_PulseFinishedCallback
                0x000000000800482c        0x2 ./Drivers/STM32F0xx_HAL_Driver/Src/stm32f0xx_hal_tim.o
                0x000000000800482c                HAL_TIM_PWM_PulseFinishedCallback
 .text.HAL_TIM_TriggerCallback
                0x000000000800482e        0x2 ./Drivers/STM32F0xx_HAL_Driver/Src/stm32f0xx_hal_tim.o
                0x000000000800482e                HAL_TIM_TriggerCallback
 .text.HAL_TIM_IRQHandler
                0x0000000008004830      0x148 ./Drivers/STM32F0xx_HAL_Driver/Src/stm32f0xx_hal_tim.o
                0x0000000008004830                HAL_TIM_IRQHandler
 .text.TIM_Base_SetConfig
                0x0000000008004978       0x90 ./Drivers/STM32F0xx_HAL_Driver/Src/stm32f0xx_hal_tim.o
                0x0000000008004978                TIM_Base_SetConfig
 .text.HAL_TIM_Base_Init
                0x0000000008004a08       0x50 ./Drivers/STM32F0xx_HAL_Driver/Src/stm32f0xx_hal_tim.o
                0x0000000008004a08                HAL_TIM_Base_Init
 .text.HAL_TIMEx_CommutCallback
                0x0000000008004a58        0x2 ./Drivers/STM32F0xx_HAL_Driver/Src/stm32f0xx_hal_tim_ex.o
                0x0000000008004a58                HAL_TIMEx_CommutCallback
 .text.HAL_TIMEx_BreakCallback
                0x0000000008004a5a        0x2 ./Drivers/STM32F0xx_HAL_Driver/Src/stm32f0xx_hal_tim_ex.o
                0x0000000008004a5a                HAL_TIMEx_BreakCallback
 .text.USB_EnableGlobalInt
                0x0000000008004a5c       0x14 ./Drivers/STM32F0xx_HAL_Driver/Src/stm32f0xx_ll_usb.o
                0x0000000008004a5c                USB_EnableGlobalInt
 .text.USB_DisableGlobalInt
                0x0000000008004a70       0x14 ./Drivers/STM32F0xx_HAL_Driver/Src/stm32f0xx_ll_usb.o
                0x0000000008004a70                USB_DisableGlobalInt
 .text.USB_DevInit
                0x0000000008004a84       0x26 ./Drivers/STM32F0xx_HAL_Driver/Src/stm32f0xx_ll_usb.o
                0x0000000008004a84                USB_DevInit
 *fill*         0x0000000008004aaa        0x2 
 .text.USB_ActivateEndpoint
                0x0000000008004aac      0x27c ./Drivers/STM32F0xx_HAL_Driver/Src/stm32f0xx_ll_usb.o
                0x0000000008004aac                USB_ActivateEndpoint
 .text.USB_DeactivateEndpoint
                0x0000000008004d28      0x12c ./Drivers/STM32F0xx_HAL_Driver/Src/stm32f0xx_ll_usb.o
                0x0000000008004d28                USB_DeactivateEndpoint
 .text.USB_EPSetStall
                0x0000000008004e54       0x3c ./Drivers/STM32F0xx_HAL_Driver/Src/stm32f0xx_ll_usb.o
                0x0000000008004e54                USB_EPSetStall
 .text.USB_EPClearStall
                0x0000000008004e90       0x84 ./Drivers/STM32F0xx_HAL_Driver/Src/stm32f0xx_ll_usb.o
                0x0000000008004e90                USB_EPClearStall
 .text.USB_SetDevAddress
                0x0000000008004f14        0xe ./Drivers/STM32F0xx_HAL_Driver/Src/stm32f0xx_ll_usb.o
                0x0000000008004f14                USB_SetDevAddress
 .text.USB_DevConnect
                0x0000000008004f22       0x10 ./Drivers/STM32F0xx_HAL_Driver/Src/stm32f0xx_ll_usb.o
                0x0000000008004f22                USB_DevConnect
 .text.USB_ReadInterrupts
                0x0000000008004f32        0x8 ./Drivers/STM32F0xx_HAL_Driver/Src/stm32f0xx_ll_usb.o
                0x0000000008004f32                USB_ReadInterrupts
 .text.USB_WritePMA
                0x0000000008004f3a       0x2a ./Drivers/STM32F0xx_HAL_Driver/Src/stm32f0xx_ll_usb.o
                0x0000000008004f3a                USB_WritePMA
 .text.USB_EPStartXfer
                0x0000000008004f64      0x554 ./Drivers/STM32F0xx_HAL_Driver/Src/stm32f0xx_ll_usb.o
                0x0000000008004f64                USB_EPStartXfer
 .text.USB_ReadPMA
                0x00000000080054b8       0x38 ./Drivers/STM32F0xx_HAL_Driver/Src/stm32f0xx_ll_usb.o
                0x00000000080054b8                USB_ReadPMA
 .text.USBD_CDC_EP0_RxReady
                0x00000000080054f0       0x34 ./Middlewares/ST/STM32_USB_Device_Library/Class/CDC/Src/usbd_cdc.o
 .text.USBD_CDC_GetFSCfgDesc
                0x0000000008005524        0xc ./Middlewares/ST/STM32_USB_Device_Library/Class/CDC/Src/usbd_cdc.o
 .text.USBD_CDC_GetHSCfgDesc
                0x0000000008005530        0xc ./Middlewares/ST/STM32_USB_Device_Library/Class/CDC/Src/usbd_cdc.o
 .text.USBD_CDC_GetOtherSpeedCfgDesc
                0x000000000800553c        0xc ./Middlewares/ST/STM32_USB_Device_Library/Class/CDC/Src/usbd_cdc.o
 .text.USBD_CDC_GetDeviceQualifierDescriptor
                0x0000000008005548        0xc ./Middlewares/ST/STM32_USB_Device_Library/Class/CDC/Src/usbd_cdc.o
                0x0000000008005548                USBD_CDC_GetDeviceQualifierDescriptor
 .text.USBD_CDC_DataOut
                0x0000000008005554       0x34 ./Middlewares/ST/STM32_USB_Device_Library/Class/CDC/Src/usbd_cdc.o
 .text.USBD_CDC_DataIn
                0x0000000008005588       0x54 ./Middlewares/ST/STM32_USB_Device_Library/Class/CDC/Src/usbd_cdc.o
 .text.USBD_CDC_Setup
                0x00000000080055dc       0xc8 ./Middlewares/ST/STM32_USB_Device_Library/Class/CDC/Src/usbd_cdc.o
 .text.USBD_CDC_DeInit
                0x00000000080056a4       0x46 ./Middlewares/ST/STM32_USB_Device_Library/Class/CDC/Src/usbd_cdc.o
 .text.USBD_CDC_Init
                0x00000000080056ea       0xa4 ./Middlewares/ST/STM32_USB_Device_Library/Class/CDC/Src/usbd_cdc.o
 .text.USBD_CDC_RegisterInterface
                0x000000000800578e       0x12 ./Middlewares/ST/STM32_USB_Device_Library/Class/CDC/Src/usbd_cdc.o
                0x000000000800578e                USBD_CDC_RegisterInterface
 .text.USBD_CDC_SetTxBuffer
                0x00000000080057a0       0x16 ./Middlewares/ST/STM32_USB_Device_Library/Class/CDC/Src/usbd_cdc.o
                0x00000000080057a0                USBD_CDC_SetTxBuffer
 .text.USBD_CDC_SetRxBuffer
                0x00000000080057b6        0xe ./Middlewares/ST/STM32_USB_Device_Library/Class/CDC/Src/usbd_cdc.o
                0x00000000080057b6                USBD_CDC_SetRxBuffer
 .text.USBD_CDC_TransmitPacket
                0x00000000080057c4       0x38 ./Middlewares/ST/STM32_USB_Device_Library/Class/CDC/Src/usbd_cdc.o
                0x00000000080057c4                USBD_CDC_TransmitPacket
 .text.USBD_CDC_ReceivePacket
                0x00000000080057fc       0x34 ./Middlewares/ST/STM32_USB_Device_Library/Class/CDC/Src/usbd_cdc.o
                0x00000000080057fc                USBD_CDC_ReceivePacket
 .text.USBD_Init
                0x0000000008005830       0x34 ./Middlewares/ST/STM32_USB_Device_Library/Core/Src/usbd_core.o
                0x0000000008005830                USBD_Init
 .text.USBD_RegisterClass
                0x0000000008005864       0x12 ./Middlewares/ST/STM32_USB_Device_Library/Core/Src/usbd_core.o
                0x0000000008005864                USBD_RegisterClass
 .text.USBD_Start
                0x0000000008005876        0xa ./Middlewares/ST/STM32_USB_Device_Library/Core/Src/usbd_core.o
                0x0000000008005876                USBD_Start
 .text.USBD_SetClassConfig
                0x0000000008005880       0x1a ./Middlewares/ST/STM32_USB_Device_Library/Core/Src/usbd_core.o
                0x0000000008005880                USBD_SetClassConfig
 .text.USBD_ClrClassConfig
                0x000000000800589a       0x10 ./Middlewares/ST/STM32_USB_Device_Library/Core/Src/usbd_core.o
                0x000000000800589a                USBD_ClrClassConfig
 *fill*         0x00000000080058aa        0x2 
 .text.USBD_LL_SetupStage
                0x00000000080058ac       0x64 ./Middlewares/ST/STM32_USB_Device_Library/Core/Src/usbd_core.o
                0x00000000080058ac                USBD_LL_SetupStage
 .text.USBD_LL_DataOutStage
                0x0000000008005910       0x8c ./Middlewares/ST/STM32_USB_Device_Library/Core/Src/usbd_core.o
                0x0000000008005910                USBD_LL_DataOutStage
 .text.USBD_LL_DataInStage
                0x000000000800599c       0xca ./Middlewares/ST/STM32_USB_Device_Library/Core/Src/usbd_core.o
                0x000000000800599c                USBD_LL_DataInStage
 .text.USBD_LL_Reset
                0x0000000008005a66       0x54 ./Middlewares/ST/STM32_USB_Device_Library/Core/Src/usbd_core.o
                0x0000000008005a66                USBD_LL_Reset
 .text.USBD_LL_SetSpeed
                0x0000000008005aba        0x6 ./Middlewares/ST/STM32_USB_Device_Library/Core/Src/usbd_core.o
                0x0000000008005aba                USBD_LL_SetSpeed
 .text.USBD_LL_Suspend
                0x0000000008005ac0       0x18 ./Middlewares/ST/STM32_USB_Device_Library/Core/Src/usbd_core.o
                0x0000000008005ac0                USBD_LL_Suspend
 .text.USBD_LL_Resume
                0x0000000008005ad8       0x18 ./Middlewares/ST/STM32_USB_Device_Library/Core/Src/usbd_core.o
                0x0000000008005ad8                USBD_LL_Resume
 .text.USBD_LL_SOF
                0x0000000008005af0       0x1e ./Middlewares/ST/STM32_USB_Device_Library/Core/Src/usbd_core.o
                0x0000000008005af0                USBD_LL_SOF
 .text.USBD_CtlError.constprop.0
                0x0000000008005b0e       0x14 ./Middlewares/ST/STM32_USB_Device_Library/Core/Src/usbd_ctlreq.o
 *fill*         0x0000000008005b22        0x2 
 .text.USBD_StdDevReq
                0x0000000008005b24      0x26c ./Middlewares/ST/STM32_USB_Device_Library/Core/Src/usbd_ctlreq.o
                0x0000000008005b24                USBD_StdDevReq
 .text.USBD_StdItfReq
                0x0000000008005d90       0x50 ./Middlewares/ST/STM32_USB_Device_Library/Core/Src/usbd_ctlreq.o
                0x0000000008005d90                USBD_StdItfReq
 .text.USBD_StdEPReq
                0x0000000008005de0      0x12c ./Middlewares/ST/STM32_USB_Device_Library/Core/Src/usbd_ctlreq.o
                0x0000000008005de0                USBD_StdEPReq
 .text.USBD_ParseSetupRequest
                0x0000000008005f0c       0x28 ./Middlewares/ST/STM32_USB_Device_Library/Core/Src/usbd_ctlreq.o
                0x0000000008005f0c                USBD_ParseSetupRequest
 .text.USBD_CtlError
                0x0000000008005f34       0x14 ./Middlewares/ST/STM32_USB_Device_Library/Core/Src/usbd_ctlreq.o
                0x0000000008005f34                USBD_CtlError
 .text.USBD_GetString
                0x0000000008005f48       0x3c ./Middlewares/ST/STM32_USB_Device_Library/Core/Src/usbd_ctlreq.o
                0x0000000008005f48                USBD_GetString
 .text.USBD_CtlSendData
                0x0000000008005f84       0x1c ./Middlewares/ST/STM32_USB_Device_Library/Core/Src/usbd_ioreq.o
                0x0000000008005f84                USBD_CtlSendData
 .text.USBD_CtlContinueSendData
                0x0000000008005fa0       0x10 ./Middlewares/ST/STM32_USB_Device_Library/Core/Src/usbd_ioreq.o
                0x0000000008005fa0                USBD_CtlContinueSendData
 .text.USBD_CtlPrepareRx
                0x0000000008005fb0       0x20 ./Middlewares/ST/STM32_USB_Device_Library/Core/Src/usbd_ioreq.o
                0x0000000008005fb0                USBD_CtlPrepareRx
 .text.USBD_CtlContinueRx
                0x0000000008005fd0       0x10 ./Middlewares/ST/STM32_USB_Device_Library/Core/Src/usbd_ioreq.o
                0x0000000008005fd0                USBD_CtlContinueRx
 .text.USBD_CtlSendStatus
                0x0000000008005fe0       0x18 ./Middlewares/ST/STM32_USB_Device_Library/Core/Src/usbd_ioreq.o
                0x0000000008005fe0                USBD_CtlSendStatus
 .text.USBD_CtlReceiveStatus
                0x0000000008005ff8       0x18 ./Middlewares/ST/STM32_USB_Device_Library/Core/Src/usbd_ioreq.o
                0x0000000008005ff8                USBD_CtlReceiveStatus
 .text.MX_USB_DEVICE_Init
                0x0000000008006010       0x58 ./USB_DEVICE/App/usb_device.o
                0x0000000008006010                MX_USB_DEVICE_Init
 .text.CDC_DeInit_FS
                0x0000000008006068        0x4 ./USB_DEVICE/App/usbd_cdc_if.o
 .text.CDC_Control_FS
                0x000000000800606c        0x4 ./USB_DEVICE/App/usbd_cdc_if.o
 .text.CDC_Receive_FS
                0x0000000008006070       0x24 ./USB_DEVICE/App/usbd_cdc_if.o
 .text.CDC_Init_FS
                0x0000000008006094       0x28 ./USB_DEVICE/App/usbd_cdc_if.o
 .text.CDC_Transmit_FS
                0x00000000080060bc       0x2c ./USB_DEVICE/App/usbd_cdc_if.o
                0x00000000080060bc                CDC_Transmit_FS
 .text.USBD_FS_DeviceDescriptor
                0x00000000080060e8        0xc ./USB_DEVICE/App/usbd_desc.o
                0x00000000080060e8                USBD_FS_DeviceDescriptor
 .text.USBD_FS_LangIDStrDescriptor
                0x00000000080060f4        0xc ./USB_DEVICE/App/usbd_desc.o
                0x00000000080060f4                USBD_FS_LangIDStrDescriptor
 .text.IntToUnicode
                0x0000000008006100       0x24 ./USB_DEVICE/App/usbd_desc.o
 .text.USBD_FS_SerialStrDescriptor
                0x0000000008006124       0x44 ./USB_DEVICE/App/usbd_desc.o
                0x0000000008006124                USBD_FS_SerialStrDescriptor
 .text.USBD_FS_ManufacturerStrDescriptor
                0x0000000008006168       0x1c ./USB_DEVICE/App/usbd_desc.o
                0x0000000008006168                USBD_FS_ManufacturerStrDescriptor
 .text.USBD_FS_ProductStrDescriptor
                0x0000000008006184       0x1c ./USB_DEVICE/App/usbd_desc.o
                0x0000000008006184                USBD_FS_ProductStrDescriptor
 .text.USBD_FS_ConfigStrDescriptor
                0x00000000080061a0       0x1c ./USB_DEVICE/App/usbd_desc.o
                0x00000000080061a0                USBD_FS_ConfigStrDescriptor
 .text.USBD_FS_InterfaceStrDescriptor
                0x00000000080061bc       0x1c ./USB_DEVICE/App/usbd_desc.o
                0x00000000080061bc                USBD_FS_InterfaceStrDescriptor
 .text.HAL_PCD_MspInit
                0x00000000080061d8       0x38 ./USB_DEVICE/Target/usbd_conf.o
                0x00000000080061d8                HAL_PCD_MspInit
 .text.HAL_PCD_SetupStageCallback
                0x0000000008006210       0x12 ./USB_DEVICE/Target/usbd_conf.o
                0x0000000008006210                HAL_PCD_SetupStageCallback
 .text.HAL_PCD_DataOutStageCallback
                0x0000000008006222       0x1a ./USB_DEVICE/Target/usbd_conf.o
                0x0000000008006222                HAL_PCD_DataOutStageCallback
 .text.HAL_PCD_DataInStageCallback
                0x000000000800623c       0x16 ./USB_DEVICE/Target/usbd_conf.o
                0x000000000800623c                HAL_PCD_DataInStageCallback
 .text.HAL_PCD_SOFCallback
                0x0000000008006252        0xe ./USB_DEVICE/Target/usbd_conf.o
                0x0000000008006252                HAL_PCD_SOFCallback
 .text.HAL_PCD_ResetCallback
                0x0000000008006260       0x22 ./USB_DEVICE/Target/usbd_conf.o
                0x0000000008006260                HAL_PCD_ResetCallback
 *fill*         0x0000000008006282        0x2 
 .text.HAL_PCD_SuspendCallback
                0x0000000008006284       0x24 ./USB_DEVICE/Target/usbd_conf.o
                0x0000000008006284                HAL_PCD_SuspendCallback
 .text.HAL_PCD_ResumeCallback
                0x00000000080062a8       0x28 ./USB_DEVICE/Target/usbd_conf.o
                0x00000000080062a8                HAL_PCD_ResumeCallback
 .text.USBD_LL_Init
                0x00000000080062d0       0x80 ./USB_DEVICE/Target/usbd_conf.o
                0x00000000080062d0                USBD_LL_Init
 .text.USBD_LL_Start
                0x0000000008006350       0x20 ./USB_DEVICE/Target/usbd_conf.o
                0x0000000008006350                USBD_LL_Start
 .text.USBD_LL_OpenEP
                0x0000000008006370       0x24 ./USB_DEVICE/Target/usbd_conf.o
                0x0000000008006370                USBD_LL_OpenEP
 .text.USBD_LL_CloseEP
                0x0000000008006394       0x20 ./USB_DEVICE/Target/usbd_conf.o
                0x0000000008006394                USBD_LL_CloseEP
 .text.USBD_LL_StallEP
                0x00000000080063b4       0x20 ./USB_DEVICE/Target/usbd_conf.o
                0x00000000080063b4                USBD_LL_StallEP
 .text.USBD_LL_ClearStallEP
                0x00000000080063d4       0x20 ./USB_DEVICE/Target/usbd_conf.o
                0x00000000080063d4                USBD_LL_ClearStallEP
 .text.USBD_LL_IsStallEP
                0x00000000080063f4       0x2a ./USB_DEVICE/Target/usbd_conf.o
                0x00000000080063f4                USBD_LL_IsStallEP
 *fill*         0x000000000800641e        0x2 
 .text.USBD_LL_SetUSBAddress
                0x0000000008006420       0x20 ./USB_DEVICE/Target/usbd_conf.o
                0x0000000008006420                USBD_LL_SetUSBAddress
 .text.USBD_LL_Transmit
                0x0000000008006440       0x20 ./USB_DEVICE/Target/usbd_conf.o
                0x0000000008006440                USBD_LL_Transmit
 .text.USBD_LL_PrepareReceive
                0x0000000008006460       0x20 ./USB_DEVICE/Target/usbd_conf.o
                0x0000000008006460                USBD_LL_PrepareReceive
 .text.USBD_LL_GetRxDataSize
                0x0000000008006480        0xe ./USB_DEVICE/Target/usbd_conf.o
                0x0000000008006480                USBD_LL_GetRxDataSize
 *fill*         0x000000000800648e        0x2 
 .text.USBD_static_malloc
                0x0000000008006490        0x8 ./USB_DEVICE/Target/usbd_conf.o
                0x0000000008006490                USBD_static_malloc
 .text.USBD_static_free
                0x0000000008006498        0x2 ./USB_DEVICE/Target/usbd_conf.o
                0x0000000008006498                USBD_static_free
 .text.atoi     0x000000000800649a        0xc c:/st/stm32cubeide_1.7.0/stm32cubeide/plugins/com.st.stm32cube.ide.mcu.externaltools.gnu-tools-for-stm32.9-2020-q2-update.win32_2.0.0.202105311346/tools/bin/../lib/gcc/arm-none-eabi/9.3.1/../../../../arm-none-eabi/lib/thumb/v6-m/nofp\libc_nano.a(lib_a-atoi.o)
                0x000000000800649a                atoi
 *fill*         0x00000000080064a6        0x2 
 .text.__errno  0x00000000080064a8        0xc c:/st/stm32cubeide_1.7.0/stm32cubeide/plugins/com.st.stm32cube.ide.mcu.externaltools.gnu-tools-for-stm32.9-2020-q2-update.win32_2.0.0.202105311346/tools/bin/../lib/gcc/arm-none-eabi/9.3.1/../../../../arm-none-eabi/lib/thumb/v6-m/nofp\libc_nano.a(lib_a-errno.o)
                0x00000000080064a8                __errno
 .text.__libc_init_array
                0x00000000080064b4       0x48 c:/st/stm32cubeide_1.7.0/stm32cubeide/plugins/com.st.stm32cube.ide.mcu.externaltools.gnu-tools-for-stm32.9-2020-q2-update.win32_2.0.0.202105311346/tools/bin/../lib/gcc/arm-none-eabi/9.3.1/../../../../arm-none-eabi/lib/thumb/v6-m/nofp\libc_nano.a(lib_a-init.o)
                0x00000000080064b4                __libc_init_array
 .text.memcpy   0x00000000080064fc       0x12 c:/st/stm32cubeide_1.7.0/stm32cubeide/plugins/com.st.stm32cube.ide.mcu.externaltools.gnu-tools-for-stm32.9-2020-q2-update.win32_2.0.0.202105311346/tools/bin/../lib/gcc/arm-none-eabi/9.3.1/../../../../arm-none-eabi/lib/thumb/v6-m/nofp\libc_nano.a(lib_a-memcpy-stub.o)
                0x00000000080064fc                memcpy
 .text.memset   0x000000000800650e       0x10 c:/st/stm32cubeide_1.7.0/stm32cubeide/plugins/com.st.stm32cube.ide.mcu.externaltools.gnu-tools-for-stm32.9-2020-q2-update.win32_2.0.0.202105311346/tools/bin/../lib/gcc/arm-none-eabi/9.3.1/../../../../arm-none-eabi/lib/thumb/v6-m/nofp\libc_nano.a(lib_a-memset.o)
                0x000000000800650e                memset
 *fill*         0x000000000800651e        0x2 
 .text.sprintf  0x0000000008006520       0x40 c:/st/stm32cubeide_1.7.0/stm32cubeide/plugins/com.st.stm32cube.ide.mcu.externaltools.gnu-tools-for-stm32.9-2020-q2-update.win32_2.0.0.202105311346/tools/bin/../lib/gcc/arm-none-eabi/9.3.1/../../../../arm-none-eabi/lib/thumb/v6-m/nofp\libc_nano.a(lib_a-sprintf.o)
                0x0000000008006520                siprintf
                0x0000000008006520                sprintf
 .text.strcpy   0x0000000008006560       0x10 c:/st/stm32cubeide_1.7.0/stm32cubeide/plugins/com.st.stm32cube.ide.mcu.externaltools.gnu-tools-for-stm32.9-2020-q2-update.win32_2.0.0.202105311346/tools/bin/../lib/gcc/arm-none-eabi/9.3.1/../../../../arm-none-eabi/lib/thumb/v6-m/nofp\libc_nano.a(lib_a-strcpy.o)
                0x0000000008006560                strcpy
 .text._strtol_l.isra.0
                0x0000000008006570      0x11c c:/st/stm32cubeide_1.7.0/stm32cubeide/plugins/com.st.stm32cube.ide.mcu.externaltools.gnu-tools-for-stm32.9-2020-q2-update.win32_2.0.0.202105311346/tools/bin/../lib/gcc/arm-none-eabi/9.3.1/../../../../arm-none-eabi/lib/thumb/v6-m/nofp\libc_nano.a(lib_a-strtol.o)
 .text.strtol   0x000000000800668c       0x18 c:/st/stm32cubeide_1.7.0/stm32cubeide/plugins/com.st.stm32cube.ide.mcu.externaltools.gnu-tools-for-stm32.9-2020-q2-update.win32_2.0.0.202105311346/tools/bin/../lib/gcc/arm-none-eabi/9.3.1/../../../../arm-none-eabi/lib/thumb/v6-m/nofp\libc_nano.a(lib_a-strtol.o)
                0x000000000800668c                strtol
 .text.__ssputs_r
                0x00000000080066a4       0xc4 c:/st/stm32cubeide_1.7.0/stm32cubeide/plugins/com.st.stm32cube.ide.mcu.externaltools.gnu-tools-for-stm32.9-2020-q2-update.win32_2.0.0.202105311346/tools/bin/../lib/gcc/arm-none-eabi/9.3.1/../../../../arm-none-eabi/lib/thumb/v6-m/nofp\libc_nano.a(lib_a-nano-svfprintf.o)
                0x00000000080066a4                __ssputs_r
 .text._svfprintf_r
                0x0000000008006768      0x200 c:/st/stm32cubeide_1.7.0/stm32cubeide/plugins/com.st.stm32cube.ide.mcu.externaltools.gnu-tools-for-stm32.9-2020-q2-update.win32_2.0.0.202105311346/tools/bin/../lib/gcc/arm-none-eabi/9.3.1/../../../../arm-none-eabi/lib/thumb/v6-m/nofp\libc_nano.a(lib_a-nano-svfprintf.o)
                0x0000000008006768                _svfiprintf_r
                0x0000000008006768                _svfprintf_r
 .text._printf_common
                0x0000000008006968       0xde c:/st/stm32cubeide_1.7.0/stm32cubeide/plugins/com.st.stm32cube.ide.mcu.externaltools.gnu-tools-for-stm32.9-2020-q2-update.win32_2.0.0.202105311346/tools/bin/../lib/gcc/arm-none-eabi/9.3.1/../../../../arm-none-eabi/lib/thumb/v6-m/nofp\libc_nano.a(lib_a-nano-vfprintf_i.o)
                0x0000000008006968                _printf_common
 *fill*         0x0000000008006a46        0x2 
 .text._printf_i
                0x0000000008006a48      0x224 c:/st/stm32cubeide_1.7.0/stm32cubeide/plugins/com.st.stm32cube.ide.mcu.externaltools.gnu-tools-for-stm32.9-2020-q2-update.win32_2.0.0.202105311346/tools/bin/../lib/gcc/arm-none-eabi/9.3.1/../../../../arm-none-eabi/lib/thumb/v6-m/nofp\libc_nano.a(lib_a-nano-vfprintf_i.o)
                0x0000000008006a48                _printf_i
 .text.memchr   0x0000000008006c6c       0x16 c:/st/stm32cubeide_1.7.0/stm32cubeide/plugins/com.st.stm32cube.ide.mcu.externaltools.gnu-tools-for-stm32.9-2020-q2-update.win32_2.0.0.202105311346/tools/bin/../lib/gcc/arm-none-eabi/9.3.1/../../../../arm-none-eabi/lib/thumb/v6-m/nofp\libc_nano.a(lib_a-memchr-stub.o)
                0x0000000008006c6c                memchr
 .text.memmove  0x0000000008006c82       0x26 c:/st/stm32cubeide_1.7.0/stm32cubeide/plugins/com.st.stm32cube.ide.mcu.externaltools.gnu-tools-for-stm32.9-2020-q2-update.win32_2.0.0.202105311346/tools/bin/../lib/gcc/arm-none-eabi/9.3.1/../../../../arm-none-eabi/lib/thumb/v6-m/nofp\libc_nano.a(lib_a-memmove.o)
                0x0000000008006c82                memmove
 .text._free_r  0x0000000008006ca8       0x94 c:/st/stm32cubeide_1.7.0/stm32cubeide/plugins/com.st.stm32cube.ide.mcu.externaltools.gnu-tools-for-stm32.9-2020-q2-update.win32_2.0.0.202105311346/tools/bin/../lib/gcc/arm-none-eabi/9.3.1/../../../../arm-none-eabi/lib/thumb/v6-m/nofp\libc_nano.a(lib_a-nano-freer.o)
                0x0000000008006ca8                _free_r
 .text._malloc_r
                0x0000000008006d3c       0xbc c:/st/stm32cubeide_1.7.0/stm32cubeide/plugins/com.st.stm32cube.ide.mcu.externaltools.gnu-tools-for-stm32.9-2020-q2-update.win32_2.0.0.202105311346/tools/bin/../lib/gcc/arm-none-eabi/9.3.1/../../../../arm-none-eabi/lib/thumb/v6-m/nofp\libc_nano.a(lib_a-nano-mallocr.o)
                0x0000000008006d3c                _malloc_r
 .text._realloc_r
                0x0000000008006df8       0x4c c:/st/stm32cubeide_1.7.0/stm32cubeide/plugins/com.st.stm32cube.ide.mcu.externaltools.gnu-tools-for-stm32.9-2020-q2-update.win32_2.0.0.202105311346/tools/bin/../lib/gcc/arm-none-eabi/9.3.1/../../../../arm-none-eabi/lib/thumb/v6-m/nofp\libc_nano.a(lib_a-nano-reallocr.o)
                0x0000000008006df8                _realloc_r
 .text._sbrk_r  0x0000000008006e44       0x24 c:/st/stm32cubeide_1.7.0/stm32cubeide/plugins/com.st.stm32cube.ide.mcu.externaltools.gnu-tools-for-stm32.9-2020-q2-update.win32_2.0.0.202105311346/tools/bin/../lib/gcc/arm-none-eabi/9.3.1/../../../../arm-none-eabi/lib/thumb/v6-m/nofp\libc_nano.a(lib_a-sbrkr.o)
                0x0000000008006e44                _sbrk_r
 .text.__malloc_lock
                0x0000000008006e68       0x10 c:/st/stm32cubeide_1.7.0/stm32cubeide/plugins/com.st.stm32cube.ide.mcu.externaltools.gnu-tools-for-stm32.9-2020-q2-update.win32_2.0.0.202105311346/tools/bin/../lib/gcc/arm-none-eabi/9.3.1/../../../../arm-none-eabi/lib/thumb/v6-m/nofp\libc_nano.a(lib_a-mlock.o)
                0x0000000008006e68                __malloc_lock
 .text.__malloc_unlock
                0x0000000008006e78       0x10 c:/st/stm32cubeide_1.7.0/stm32cubeide/plugins/com.st.stm32cube.ide.mcu.externaltools.gnu-tools-for-stm32.9-2020-q2-update.win32_2.0.0.202105311346/tools/bin/../lib/gcc/arm-none-eabi/9.3.1/../../../../arm-none-eabi/lib/thumb/v6-m/nofp\libc_nano.a(lib_a-mlock.o)
                0x0000000008006e78                __malloc_unlock
 .text._malloc_usable_size_r
                0x0000000008006e88       0x10 c:/st/stm32cubeide_1.7.0/stm32cubeide/plugins/com.st.stm32cube.ide.mcu.externaltools.gnu-tools-for-stm32.9-2020-q2-update.win32_2.0.0.202105311346/tools/bin/../lib/gcc/arm-none-eabi/9.3.1/../../../../arm-none-eabi/lib/thumb/v6-m/nofp\libc_nano.a(lib_a-nano-msizer.o)
                0x0000000008006e88                _malloc_usable_size_r
 .text.__retarget_lock_acquire_recursive
                0x0000000008006e98        0x2 c:/st/stm32cubeide_1.7.0/stm32cubeide/plugins/com.st.stm32cube.ide.mcu.externaltools.gnu-tools-for-stm32.9-2020-q2-update.win32_2.0.0.202105311346/tools/bin/../lib/gcc/arm-none-eabi/9.3.1/../../../../arm-none-eabi/lib/thumb/v6-m/nofp\libc_nano.a(lib_a-lock.o)
                0x0000000008006e98                __retarget_lock_acquire_recursive
 .text.__retarget_lock_release_recursive
                0x0000000008006e9a        0x2 c:/st/stm32cubeide_1.7.0/stm32cubeide/plugins/com.st.stm32cube.ide.mcu.externaltools.gnu-tools-for-stm32.9-2020-q2-update.win32_2.0.0.202105311346/tools/bin/../lib/gcc/arm-none-eabi/9.3.1/../../../../arm-none-eabi/lib/thumb/v6-m/nofp\libc_nano.a(lib_a-lock.o)
                0x0000000008006e9a                __retarget_lock_release_recursive
 *(.glue_7)
 .glue_7        0x0000000008006e9c        0x0 linker stubs
 *(.glue_7t)
 .glue_7t       0x0000000008006e9c        0x0 linker stubs
 *(.eh_frame)
 .eh_frame      0x0000000008006e9c        0x0 c:/st/stm32cubeide_1.7.0/stm32cubeide/plugins/com.st.stm32cube.ide.mcu.externaltools.gnu-tools-for-stm32.9-2020-q2-update.win32_2.0.0.202105311346/tools/bin/../lib/gcc/arm-none-eabi/9.3.1/thumb/v6-m/nofp/crtbegin.o
 *(.init)
 .init          0x0000000008006e9c        0x4 c:/st/stm32cubeide_1.7.0/stm32cubeide/plugins/com.st.stm32cube.ide.mcu.externaltools.gnu-tools-for-stm32.9-2020-q2-update.win32_2.0.0.202105311346/tools/bin/../lib/gcc/arm-none-eabi/9.3.1/thumb/v6-m/nofp/crti.o
                0x0000000008006e9c                _init
 .init          0x0000000008006ea0        0x8 c:/st/stm32cubeide_1.7.0/stm32cubeide/plugins/com.st.stm32cube.ide.mcu.externaltools.gnu-tools-for-stm32.9-2020-q2-update.win32_2.0.0.202105311346/tools/bin/../lib/gcc/arm-none-eabi/9.3.1/thumb/v6-m/nofp/crtn.o
 *(.fini)
 .fini          0x0000000008006ea8        0x4 c:/st/stm32cubeide_1.7.0/stm32cubeide/plugins/com.st.stm32cube.ide.mcu.externaltools.gnu-tools-for-stm32.9-2020-q2-update.win32_2.0.0.202105311346/tools/bin/../lib/gcc/arm-none-eabi/9.3.1/thumb/v6-m/nofp/crti.o
                0x0000000008006ea8                _fini
 .fini          0x0000000008006eac        0x8 c:/st/stm32cubeide_1.7.0/stm32cubeide/plugins/com.st.stm32cube.ide.mcu.externaltools.gnu-tools-for-stm32.9-2020-q2-update.win32_2.0.0.202105311346/tools/bin/../lib/gcc/arm-none-eabi/9.3.1/thumb/v6-m/nofp/crtn.o
                0x0000000008006eb4                . = ALIGN (0x4)
                0x0000000008006eb4                _etext = .

.vfp11_veneer   0x0000000008006eb4        0x0
 .vfp11_veneer  0x0000000008006eb4        0x0 linker stubs

.v4_bx          0x0000000008006eb4        0x0
 .v4_bx         0x0000000008006eb4        0x0 linker stubs

.iplt           0x0000000008006eb4        0x0
 .iplt          0x0000000008006eb4        0x0 c:/st/stm32cubeide_1.7.0/stm32cubeide/plugins/com.st.stm32cube.ide.mcu.externaltools.gnu-tools-for-stm32.9-2020-q2-update.win32_2.0.0.202105311346/tools/bin/../lib/gcc/arm-none-eabi/9.3.1/thumb/v6-m/nofp/crtbegin.o

.rodata         0x0000000008006eb4      0x5f8
                0x0000000008006eb4                . = ALIGN (0x4)
 *(.rodata)
 *(.rodata*)
 .rodata.POST.str1.1
                0x0000000008006eb4       0x58 ./Core/Src/POST.o
 .rodata.i2cSM.str1.1
                0x0000000008006f0c       0x4c ./Core/Src/i2cSlave.o
 .rodata.UART_putstrln.str1.1
                0x0000000008006f58       0x4c ./Core/Src/main.o
                                          0x3 (size before relaxing)
 .rodata.clearUartConsole.str1.1
                0x0000000008006f58        0x5 ./Core/Src/main.o
 .rodata.Error_Handler.str1.1
                0x0000000008006f5d        0xd ./Core/Src/main.o
 .rodata.UART_Con_Mash.str1.1
                0x0000000008006f6a      0x10d ./Core/Src/main.o
 .rodata.Xmodem_SPI.str1.1
                0x0000000008007077       0x18 ./Core/Src/memory.o
 .rodata.FlashDump.str1.1
                0x000000000800708f       0x18 ./Core/Src/memory.o
                                          0x5 (size before relaxing)
 .rodata.memoryMenu.str1.1
                0x000000000800708f       0xb2 ./Core/Src/memory.o
 .rodata.checkPowerLevels.str1.1
                0x0000000008007141       0x36 ./Core/Src/power.o
 .rodata.BootMenu.str1.1
                0x0000000008007177       0x48 ./Core/Src/power.o
                                         0x4b (size before relaxing)
 .rodata.AHBPrescTable
                0x00000000080071bf       0x10 ./Core/Src/system_stm32f0xx.o
                0x00000000080071bf                AHBPrescTable
 .rodata.APBPrescTable
                0x00000000080071cf        0x8 ./Core/Src/system_stm32f0xx.o
                0x00000000080071cf                APBPrescTable
 .rodata.str1.1
                0x00000000080071d7      0x139 ./Core/Src/text.o
                                        0x14f (size before relaxing)
 .rodata.HAL_RCC_GetSysClockFreq.str1.1
                0x0000000008007310       0x22 ./Drivers/STM32F0xx_HAL_Driver/Src/stm32f0xx_hal_rcc.o
 .rodata.USBD_FS_ManufacturerStrDescriptor.str1.1
                0x0000000008007332       0x13 ./USB_DEVICE/App/usbd_desc.o
 .rodata.USBD_FS_ProductStrDescriptor.str1.1
                0x0000000008007345       0x16 ./USB_DEVICE/App/usbd_desc.o
 .rodata.USBD_FS_ConfigStrDescriptor.str1.1
                0x000000000800735b        0xb ./USB_DEVICE/App/usbd_desc.o
 .rodata.USBD_FS_InterfaceStrDescriptor.str1.1
                0x0000000008007366        0xe ./USB_DEVICE/App/usbd_desc.o
 .rodata.CSWTCH.3
                0x0000000008007374        0x4 ./USB_DEVICE/Target/usbd_conf.o
 .rodata._ctype_
                0x0000000008007378      0x101 c:/st/stm32cubeide_1.7.0/stm32cubeide/plugins/com.st.stm32cube.ide.mcu.externaltools.gnu-tools-for-stm32.9-2020-q2-update.win32_2.0.0.202105311346/tools/bin/../lib/gcc/arm-none-eabi/9.3.1/../../../../arm-none-eabi/lib/thumb/v6-m/nofp\libc_nano.a(lib_a-ctype_.o)
                0x0000000008007378                _ctype_
 .rodata._svfprintf_r.str1.1
                0x0000000008007479       0x11 c:/st/stm32cubeide_1.7.0/stm32cubeide/plugins/com.st.stm32cube.ide.mcu.externaltools.gnu-tools-for-stm32.9-2020-q2-update.win32_2.0.0.202105311346/tools/bin/../lib/gcc/arm-none-eabi/9.3.1/../../../../arm-none-eabi/lib/thumb/v6-m/nofp\libc_nano.a(lib_a-nano-svfprintf.o)
 .rodata._printf_i.str1.1
                0x000000000800748a       0x22 c:/st/stm32cubeide_1.7.0/stm32cubeide/plugins/com.st.stm32cube.ide.mcu.externaltools.gnu-tools-for-stm32.9-2020-q2-update.win32_2.0.0.202105311346/tools/bin/../lib/gcc/arm-none-eabi/9.3.1/../../../../arm-none-eabi/lib/thumb/v6-m/nofp\libc_nano.a(lib_a-nano-vfprintf_i.o)
                0x00000000080074ac                . = ALIGN (0x4)

.rel.dyn        0x00000000080074ac        0x0
 .rel.iplt      0x00000000080074ac        0x0 c:/st/stm32cubeide_1.7.0/stm32cubeide/plugins/com.st.stm32cube.ide.mcu.externaltools.gnu-tools-for-stm32.9-2020-q2-update.win32_2.0.0.202105311346/tools/bin/../lib/gcc/arm-none-eabi/9.3.1/thumb/v6-m/nofp/crtbegin.o

.ARM.extab      0x00000000080074ac        0x0
                0x00000000080074ac                . = ALIGN (0x4)
 *(.ARM.extab* .gnu.linkonce.armextab.*)
                0x00000000080074ac                . = ALIGN (0x4)

.ARM            0x00000000080074ac        0x0
                0x00000000080074ac                . = ALIGN (0x4)
                0x00000000080074ac                __exidx_start = .
 *(.ARM.exidx*)
                0x00000000080074ac                __exidx_end = .
                0x00000000080074ac                . = ALIGN (0x4)

.preinit_array  0x00000000080074ac        0x0
                0x00000000080074ac                . = ALIGN (0x4)
                0x00000000080074ac                PROVIDE (__preinit_array_start = .)
 *(.preinit_array*)
                0x00000000080074ac                PROVIDE (__preinit_array_end = .)
                0x00000000080074ac                . = ALIGN (0x4)

.init_array     0x00000000080074ac        0x4
                0x00000000080074ac                . = ALIGN (0x4)
                0x00000000080074ac                PROVIDE (__init_array_start = .)
 *(SORT_BY_NAME(.init_array.*))
 *(.init_array*)
 .init_array    0x00000000080074ac        0x4 c:/st/stm32cubeide_1.7.0/stm32cubeide/plugins/com.st.stm32cube.ide.mcu.externaltools.gnu-tools-for-stm32.9-2020-q2-update.win32_2.0.0.202105311346/tools/bin/../lib/gcc/arm-none-eabi/9.3.1/thumb/v6-m/nofp/crtbegin.o
                0x00000000080074b0                PROVIDE (__init_array_end = .)
                0x00000000080074b0                . = ALIGN (0x4)

.fini_array     0x00000000080074b0        0x4
                0x00000000080074b0                . = ALIGN (0x4)
                [!provide]                        PROVIDE (__fini_array_start = .)
 *(SORT_BY_NAME(.fini_array.*))
 *(.fini_array*)
 .fini_array    0x00000000080074b0        0x4 c:/st/stm32cubeide_1.7.0/stm32cubeide/plugins/com.st.stm32cube.ide.mcu.externaltools.gnu-tools-for-stm32.9-2020-q2-update.win32_2.0.0.202105311346/tools/bin/../lib/gcc/arm-none-eabi/9.3.1/thumb/v6-m/nofp/crtbegin.o
                [!provide]                        PROVIDE (__fini_array_end = .)
                0x00000000080074b4                . = ALIGN (0x4)
                0x00000000080074b4                _sidata = LOADADDR (.data)

.data           0x0000000020000000      0x224 load address 0x00000000080074b4
                0x0000000020000000                . = ALIGN (0x4)
                0x0000000020000000                _sdata = .
 *(.data)
 *(.data*)
 .data.SystemCoreClock
                0x0000000020000000        0x4 ./Core/Src/system_stm32f0xx.o
                0x0000000020000000                SystemCoreClock
 .data.CS_STASTUS_LABELS
                0x0000000020000004       0x10 ./Core/Src/text.o
                0x0000000020000004                CS_STASTUS_LABELS
 .data.menu     0x0000000020000014       0x28 ./Core/Src/text.o
                0x0000000020000014                menu
 .data.text     0x000000002000003c       0x10 ./Core/Src/text.o
                0x000000002000003c                text
 .data.uwTickFreq
                0x000000002000004c        0x1 ./Drivers/STM32F0xx_HAL_Driver/Src/stm32f0xx_hal.o
                0x000000002000004c                uwTickFreq
 *fill*         0x000000002000004d        0x3 
 .data.USBD_CDC
                0x0000000020000050       0x38 ./Middlewares/ST/STM32_USB_Device_Library/Class/CDC/Src/usbd_cdc.o
                0x0000000020000050                USBD_CDC
 .data.USBD_CDC_CfgFSDesc
                0x0000000020000088       0x43 ./Middlewares/ST/STM32_USB_Device_Library/Class/CDC/Src/usbd_cdc.o
                0x0000000020000088                USBD_CDC_CfgFSDesc
 *fill*         0x00000000200000cb        0x1 
 .data.USBD_CDC_CfgHSDesc
                0x00000000200000cc       0x43 ./Middlewares/ST/STM32_USB_Device_Library/Class/CDC/Src/usbd_cdc.o
                0x00000000200000cc                USBD_CDC_CfgHSDesc
 *fill*         0x000000002000010f        0x1 
 .data.USBD_CDC_DeviceQualifierDesc
                0x0000000020000110        0xa ./Middlewares/ST/STM32_USB_Device_Library/Class/CDC/Src/usbd_cdc.o
 *fill*         0x000000002000011a        0x2 
 .data.USBD_CDC_OtherSpeedCfgDesc
                0x000000002000011c       0x43 ./Middlewares/ST/STM32_USB_Device_Library/Class/CDC/Src/usbd_cdc.o
                0x000000002000011c                USBD_CDC_OtherSpeedCfgDesc
 *fill*         0x000000002000015f        0x1 
 .data.USBD_Interface_fops_FS
                0x0000000020000160       0x10 ./USB_DEVICE/App/usbd_cdc_if.o
                0x0000000020000160                USBD_Interface_fops_FS
 .data.FS_Desc  0x0000000020000170       0x1c ./USB_DEVICE/App/usbd_desc.o
                0x0000000020000170                FS_Desc
 .data.USBD_FS_DeviceDesc
                0x000000002000018c       0x12 ./USB_DEVICE/App/usbd_desc.o
                0x000000002000018c                USBD_FS_DeviceDesc
 *fill*         0x000000002000019e        0x2 
 .data.USBD_LangIDDesc
                0x00000000200001a0        0x4 ./USB_DEVICE/App/usbd_desc.o
                0x00000000200001a0                USBD_LangIDDesc
 .data.USBD_StringSerial
                0x00000000200001a4       0x1a ./USB_DEVICE/App/usbd_desc.o
                0x00000000200001a4                USBD_StringSerial
 *fill*         0x00000000200001be        0x2 
 .data._impure_ptr
                0x00000000200001c0        0x4 c:/st/stm32cubeide_1.7.0/stm32cubeide/plugins/com.st.stm32cube.ide.mcu.externaltools.gnu-tools-for-stm32.9-2020-q2-update.win32_2.0.0.202105311346/tools/bin/../lib/gcc/arm-none-eabi/9.3.1/../../../../arm-none-eabi/lib/thumb/v6-m/nofp\libc_nano.a(lib_a-impure.o)
                0x00000000200001c0                _impure_ptr
 .data.impure_data
                0x00000000200001c4       0x60 c:/st/stm32cubeide_1.7.0/stm32cubeide/plugins/com.st.stm32cube.ide.mcu.externaltools.gnu-tools-for-stm32.9-2020-q2-update.win32_2.0.0.202105311346/tools/bin/../lib/gcc/arm-none-eabi/9.3.1/../../../../arm-none-eabi/lib/thumb/v6-m/nofp\libc_nano.a(lib_a-impure.o)
 *(.RamFunc)
 *(.RamFunc*)
                0x0000000020000224                . = ALIGN (0x4)
                0x0000000020000224                _edata = .

.igot.plt       0x0000000020000224        0x0 load address 0x00000000080076d8
 .igot.plt      0x0000000020000224        0x0 c:/st/stm32cubeide_1.7.0/stm32cubeide/plugins/com.st.stm32cube.ide.mcu.externaltools.gnu-tools-for-stm32.9-2020-q2-update.win32_2.0.0.202105311346/tools/bin/../lib/gcc/arm-none-eabi/9.3.1/thumb/v6-m/nofp/crtbegin.o
                0x0000000020000224                . = ALIGN (0x4)

.bss            0x0000000020000228     0x10a0 load address 0x00000000080076d8
                0x0000000020000228                _sbss = .
                0x0000000020000228                __bss_start__ = _sbss
 *(.bss)
 .bss           0x0000000020000228       0x1c c:/st/stm32cubeide_1.7.0/stm32cubeide/plugins/com.st.stm32cube.ide.mcu.externaltools.gnu-tools-for-stm32.9-2020-q2-update.win32_2.0.0.202105311346/tools/bin/../lib/gcc/arm-none-eabi/9.3.1/thumb/v6-m/nofp/crtbegin.o
 *(.bss*)
 .bss.__sbrk_heap_end
                0x0000000020000244        0x4 ./Core/Src/sysmem.o
 .bss.cfgidx.8592
                0x0000000020000248        0x1 ./Middlewares/ST/STM32_USB_Device_Library/Core/Src/usbd_ctlreq.o
 *fill*         0x0000000020000249        0x3 
 .bss.mem.8661  0x000000002000024c      0x220 ./USB_DEVICE/Target/usbd_conf.o
 .bss.__malloc_free_list
                0x000000002000046c        0x4 c:/st/stm32cubeide_1.7.0/stm32cubeide/plugins/com.st.stm32cube.ide.mcu.externaltools.gnu-tools-for-stm32.9-2020-q2-update.win32_2.0.0.202105311346/tools/bin/../lib/gcc/arm-none-eabi/9.3.1/../../../../arm-none-eabi/lib/thumb/v6-m/nofp\libc_nano.a(lib_a-nano-mallocr.o)
                0x000000002000046c                __malloc_free_list
 .bss.__malloc_sbrk_start
                0x0000000020000470        0x4 c:/st/stm32cubeide_1.7.0/stm32cubeide/plugins/com.st.stm32cube.ide.mcu.externaltools.gnu-tools-for-stm32.9-2020-q2-update.win32_2.0.0.202105311346/tools/bin/../lib/gcc/arm-none-eabi/9.3.1/../../../../arm-none-eabi/lib/thumb/v6-m/nofp\libc_nano.a(lib_a-nano-mallocr.o)
                0x0000000020000470                __malloc_sbrk_start
 *(COMMON)
 COMMON         0x0000000020000474      0x310 ./Core/Src/POST.o
                0x0000000020000474                console
                0x000000002000049c                SysCntrl
                0x000000002000077c                hi2c
 COMMON         0x0000000020000784        0x1 ./Core/Src/i2cSlave.o
                0x0000000020000784                confReg0
 *fill*         0x0000000020000785        0x3 
 COMMON         0x0000000020000788      0x108 ./Core/Src/main.o
                0x0000000020000788                si2c1
                0x00000000200007a0                hi2c1
                0x00000000200007ec                hspi1
                0x0000000020000850                hadc
 COMMON         0x0000000020000890       0x48 ./Core/Src/stm32f0xx_hal_timebase_tim.o
                0x0000000020000890                htim17
 COMMON         0x00000000200008d8        0x4 ./Drivers/STM32F0xx_HAL_Driver/Src/stm32f0xx_hal.o
                0x00000000200008d8                uwTick
 *fill*         0x00000000200008dc        0x4 
 COMMON         0x00000000200008e0       0x20 ./Drivers/STM32F0xx_HAL_Driver/Src/stm32f0xx_hal_flash.o
                0x00000000200008e0                pFlash
 COMMON         0x0000000020000900      0x2c4 ./USB_DEVICE/App/usb_device.o
                0x0000000020000900                hUsbDeviceFS
 COMMON         0x0000000020000bc4      0x200 ./USB_DEVICE/App/usbd_cdc_if.o
                0x0000000020000bc4                UserRxBufferFS
                0x0000000020000cc4                UserTxBufferFS
 COMMON         0x0000000020000dc4      0x200 ./USB_DEVICE/App/usbd_desc.o
                0x0000000020000dc4                USBD_StrDesc
 COMMON         0x0000000020000fc4      0x2f4 ./USB_DEVICE/Target/usbd_conf.o
                0x0000000020000fc4                hpcd_USB_FS
 COMMON         0x00000000200012b8        0x4 c:/st/stm32cubeide_1.7.0/stm32cubeide/plugins/com.st.stm32cube.ide.mcu.externaltools.gnu-tools-for-stm32.9-2020-q2-update.win32_2.0.0.202105311346/tools/bin/../lib/gcc/arm-none-eabi/9.3.1/../../../../arm-none-eabi/lib/thumb/v6-m/nofp\libc_nano.a(lib_a-reent.o)
                0x00000000200012b8                errno
 COMMON         0x00000000200012bc        0x9 c:/st/stm32cubeide_1.7.0/stm32cubeide/plugins/com.st.stm32cube.ide.mcu.externaltools.gnu-tools-for-stm32.9-2020-q2-update.win32_2.0.0.202105311346/tools/bin/../lib/gcc/arm-none-eabi/9.3.1/../../../../arm-none-eabi/lib/thumb/v6-m/nofp\libc_nano.a(lib_a-lock.o)
                0x00000000200012bc                __lock___atexit_recursive_mutex
                0x00000000200012bd                __lock___arc4random_mutex
                0x00000000200012be                __lock___env_recursive_mutex
                0x00000000200012bf                __lock___sinit_recursive_mutex
                0x00000000200012c0                __lock___malloc_recursive_mutex
                0x00000000200012c1                __lock___at_quick_exit_mutex
                0x00000000200012c2                __lock___dd_hash_mutex
                0x00000000200012c3                __lock___tz_mutex
                0x00000000200012c4                __lock___sfp_recursive_mutex
                0x00000000200012c8                . = ALIGN (0x4)
 *fill*         0x00000000200012c5        0x3 
                0x00000000200012c8                _ebss = .
                0x00000000200012c8                __bss_end__ = _ebss

._user_heap_stack
                0x00000000200012c8      0x528 load address 0x00000000080076d8
                0x00000000200012c8                . = ALIGN (0x8)
                [!provide]                        PROVIDE (end = .)
                0x00000000200012c8                PROVIDE (_end = .)
                0x00000000200014c8                . = (. + _Min_Heap_Size)
 *fill*         0x00000000200012c8      0x200 
                0x00000000200017ed                . = (. + _Min_Stack_Size)
 *fill*         0x00000000200014c8      0x325 
                0x00000000200017f0                . = ALIGN (0x8)
 *fill*         0x00000000200017ed        0x3 

/DISCARD/
 libc.a(*)
 libm.a(*)
 libgcc.a(*)

.ARM.attributes
                0x0000000000000000       0x28
 *(.ARM.attributes)
 .ARM.attributes
                0x0000000000000000       0x1e c:/st/stm32cubeide_1.7.0/stm32cubeide/plugins/com.st.stm32cube.ide.mcu.externaltools.gnu-tools-for-stm32.9-2020-q2-update.win32_2.0.0.202105311346/tools/bin/../lib/gcc/arm-none-eabi/9.3.1/thumb/v6-m/nofp/crti.o
 .ARM.attributes
                0x000000000000001e       0x2c c:/st/stm32cubeide_1.7.0/stm32cubeide/plugins/com.st.stm32cube.ide.mcu.externaltools.gnu-tools-for-stm32.9-2020-q2-update.win32_2.0.0.202105311346/tools/bin/../lib/gcc/arm-none-eabi/9.3.1/thumb/v6-m/nofp/crtbegin.o
 .ARM.attributes
                0x000000000000004a       0x2c ./Core/Src/POST.o
 .ARM.attributes
                0x0000000000000076       0x2c ./Core/Src/i2c.o
 .ARM.attributes
                0x00000000000000a2       0x2c ./Core/Src/i2cSlave.o
 .ARM.attributes
                0x00000000000000ce       0x2c ./Core/Src/main.o
 .ARM.attributes
                0x00000000000000fa       0x2c ./Core/Src/memory.o
 .ARM.attributes
                0x0000000000000126       0x2c ./Core/Src/power.o
 .ARM.attributes
                0x0000000000000152       0x2c ./Core/Src/stm32f0xx_hal_msp.o
 .ARM.attributes
                0x000000000000017e       0x2c ./Core/Src/stm32f0xx_hal_timebase_tim.o
 .ARM.attributes
                0x00000000000001aa       0x2c ./Core/Src/stm32f0xx_it.o
 .ARM.attributes
                0x00000000000001d6       0x2c ./Core/Src/sysmem.o
 .ARM.attributes
                0x0000000000000202       0x2c ./Core/Src/system_stm32f0xx.o
 .ARM.attributes
                0x000000000000022e       0x31 ./Core/Src/text.o
 .ARM.attributes
                0x000000000000025f       0x21 ./Core/Startup/startup_stm32f048g6ux.o
 .ARM.attributes
                0x0000000000000280       0x2c ./Drivers/STM32F0xx_HAL_Driver/Src/stm32f0xx_hal.o
 .ARM.attributes
                0x00000000000002ac       0x2c ./Drivers/STM32F0xx_HAL_Driver/Src/stm32f0xx_hal_adc.o
 .ARM.attributes
                0x00000000000002d8       0x2c ./Drivers/STM32F0xx_HAL_Driver/Src/stm32f0xx_hal_cortex.o
 .ARM.attributes
                0x0000000000000304       0x2c ./Drivers/STM32F0xx_HAL_Driver/Src/stm32f0xx_hal_dma.o
 .ARM.attributes
                0x0000000000000330       0x2c ./Drivers/STM32F0xx_HAL_Driver/Src/stm32f0xx_hal_flash.o
 .ARM.attributes
                0x000000000000035c       0x2c ./Drivers/STM32F0xx_HAL_Driver/Src/stm32f0xx_hal_flash_ex.o
 .ARM.attributes
                0x0000000000000388       0x2c ./Drivers/STM32F0xx_HAL_Driver/Src/stm32f0xx_hal_gpio.o
 .ARM.attributes
                0x00000000000003b4       0x2c ./Drivers/STM32F0xx_HAL_Driver/Src/stm32f0xx_hal_i2c.o
 .ARM.attributes
                0x00000000000003e0       0x2c ./Drivers/STM32F0xx_HAL_Driver/Src/stm32f0xx_hal_i2c_ex.o
 .ARM.attributes
                0x000000000000040c       0x2c ./Drivers/STM32F0xx_HAL_Driver/Src/stm32f0xx_hal_pcd.o
 .ARM.attributes
                0x0000000000000438       0x2c ./Drivers/STM32F0xx_HAL_Driver/Src/stm32f0xx_hal_pcd_ex.o
 .ARM.attributes
                0x0000000000000464       0x2c ./Drivers/STM32F0xx_HAL_Driver/Src/stm32f0xx_hal_rcc.o
 .ARM.attributes
                0x0000000000000490       0x2c ./Drivers/STM32F0xx_HAL_Driver/Src/stm32f0xx_hal_rcc_ex.o
 .ARM.attributes
                0x00000000000004bc       0x2c ./Drivers/STM32F0xx_HAL_Driver/Src/stm32f0xx_hal_spi.o
 .ARM.attributes
                0x00000000000004e8       0x2c ./Drivers/STM32F0xx_HAL_Driver/Src/stm32f0xx_hal_tim.o
 .ARM.attributes
                0x0000000000000514       0x2c ./Drivers/STM32F0xx_HAL_Driver/Src/stm32f0xx_hal_tim_ex.o
 .ARM.attributes
                0x0000000000000540       0x2c ./Drivers/STM32F0xx_HAL_Driver/Src/stm32f0xx_ll_usb.o
 .ARM.attributes
                0x000000000000056c       0x2c ./Middlewares/ST/STM32_USB_Device_Library/Class/CDC/Src/usbd_cdc.o
 .ARM.attributes
                0x0000000000000598       0x2c ./Middlewares/ST/STM32_USB_Device_Library/Core/Src/usbd_core.o
 .ARM.attributes
                0x00000000000005c4       0x2c ./Middlewares/ST/STM32_USB_Device_Library/Core/Src/usbd_ctlreq.o
 .ARM.attributes
                0x00000000000005f0       0x2c ./Middlewares/ST/STM32_USB_Device_Library/Core/Src/usbd_ioreq.o
 .ARM.attributes
                0x000000000000061c       0x2c ./USB_DEVICE/App/usb_device.o
 .ARM.attributes
                0x0000000000000648       0x2c ./USB_DEVICE/App/usbd_cdc_if.o
 .ARM.attributes
                0x0000000000000674       0x2c ./USB_DEVICE/App/usbd_desc.o
 .ARM.attributes
                0x00000000000006a0       0x2c ./USB_DEVICE/Target/usbd_conf.o
 .ARM.attributes
                0x00000000000006cc       0x2c c:/st/stm32cubeide_1.7.0/stm32cubeide/plugins/com.st.stm32cube.ide.mcu.externaltools.gnu-tools-for-stm32.9-2020-q2-update.win32_2.0.0.202105311346/tools/bin/../lib/gcc/arm-none-eabi/9.3.1/../../../../arm-none-eabi/lib/thumb/v6-m/nofp\libc_nano.a(lib_a-atoi.o)
 .ARM.attributes
                0x00000000000006f8       0x2c c:/st/stm32cubeide_1.7.0/stm32cubeide/plugins/com.st.stm32cube.ide.mcu.externaltools.gnu-tools-for-stm32.9-2020-q2-update.win32_2.0.0.202105311346/tools/bin/../lib/gcc/arm-none-eabi/9.3.1/../../../../arm-none-eabi/lib/thumb/v6-m/nofp\libc_nano.a(lib_a-errno.o)
 .ARM.attributes
                0x0000000000000724       0x2c c:/st/stm32cubeide_1.7.0/stm32cubeide/plugins/com.st.stm32cube.ide.mcu.externaltools.gnu-tools-for-stm32.9-2020-q2-update.win32_2.0.0.202105311346/tools/bin/../lib/gcc/arm-none-eabi/9.3.1/../../../../arm-none-eabi/lib/thumb/v6-m/nofp\libc_nano.a(lib_a-impure.o)
 .ARM.attributes
                0x0000000000000750       0x2c c:/st/stm32cubeide_1.7.0/stm32cubeide/plugins/com.st.stm32cube.ide.mcu.externaltools.gnu-tools-for-stm32.9-2020-q2-update.win32_2.0.0.202105311346/tools/bin/../lib/gcc/arm-none-eabi/9.3.1/../../../../arm-none-eabi/lib/thumb/v6-m/nofp\libc_nano.a(lib_a-init.o)
 .ARM.attributes
                0x000000000000077c       0x2c c:/st/stm32cubeide_1.7.0/stm32cubeide/plugins/com.st.stm32cube.ide.mcu.externaltools.gnu-tools-for-stm32.9-2020-q2-update.win32_2.0.0.202105311346/tools/bin/../lib/gcc/arm-none-eabi/9.3.1/../../../../arm-none-eabi/lib/thumb/v6-m/nofp\libc_nano.a(lib_a-memcpy-stub.o)
 .ARM.attributes
                0x00000000000007a8       0x2c c:/st/stm32cubeide_1.7.0/stm32cubeide/plugins/com.st.stm32cube.ide.mcu.externaltools.gnu-tools-for-stm32.9-2020-q2-update.win32_2.0.0.202105311346/tools/bin/../lib/gcc/arm-none-eabi/9.3.1/../../../../arm-none-eabi/lib/thumb/v6-m/nofp\libc_nano.a(lib_a-memset.o)
 .ARM.attributes
                0x00000000000007d4       0x2c c:/st/stm32cubeide_1.7.0/stm32cubeide/plugins/com.st.stm32cube.ide.mcu.externaltools.gnu-tools-for-stm32.9-2020-q2-update.win32_2.0.0.202105311346/tools/bin/../lib/gcc/arm-none-eabi/9.3.1/../../../../arm-none-eabi/lib/thumb/v6-m/nofp\libc_nano.a(lib_a-sprintf.o)
 .ARM.attributes
                0x0000000000000800       0x1c c:/st/stm32cubeide_1.7.0/stm32cubeide/plugins/com.st.stm32cube.ide.mcu.externaltools.gnu-tools-for-stm32.9-2020-q2-update.win32_2.0.0.202105311346/tools/bin/../lib/gcc/arm-none-eabi/9.3.1/../../../../arm-none-eabi/lib/thumb/v6-m/nofp\libc_nano.a(lib_a-strcmp.o)
 .ARM.attributes
                0x000000000000081c       0x2c c:/st/stm32cubeide_1.7.0/stm32cubeide/plugins/com.st.stm32cube.ide.mcu.externaltools.gnu-tools-for-stm32.9-2020-q2-update.win32_2.0.0.202105311346/tools/bin/../lib/gcc/arm-none-eabi/9.3.1/../../../../arm-none-eabi/lib/thumb/v6-m/nofp\libc_nano.a(lib_a-strcpy.o)
 .ARM.attributes
                0x0000000000000848       0x1c c:/st/stm32cubeide_1.7.0/stm32cubeide/plugins/com.st.stm32cube.ide.mcu.externaltools.gnu-tools-for-stm32.9-2020-q2-update.win32_2.0.0.202105311346/tools/bin/../lib/gcc/arm-none-eabi/9.3.1/../../../../arm-none-eabi/lib/thumb/v6-m/nofp\libc_nano.a(lib_a-strlen.o)
 .ARM.attributes
                0x0000000000000864       0x2c c:/st/stm32cubeide_1.7.0/stm32cubeide/plugins/com.st.stm32cube.ide.mcu.externaltools.gnu-tools-for-stm32.9-2020-q2-update.win32_2.0.0.202105311346/tools/bin/../lib/gcc/arm-none-eabi/9.3.1/../../../../arm-none-eabi/lib/thumb/v6-m/nofp\libc_nano.a(lib_a-strtol.o)
 .ARM.attributes
                0x0000000000000890       0x2c c:/st/stm32cubeide_1.7.0/stm32cubeide/plugins/com.st.stm32cube.ide.mcu.externaltools.gnu-tools-for-stm32.9-2020-q2-update.win32_2.0.0.202105311346/tools/bin/../lib/gcc/arm-none-eabi/9.3.1/../../../../arm-none-eabi/lib/thumb/v6-m/nofp\libc_nano.a(lib_a-ctype_.o)
 .ARM.attributes
                0x00000000000008bc       0x2c c:/st/stm32cubeide_1.7.0/stm32cubeide/plugins/com.st.stm32cube.ide.mcu.externaltools.gnu-tools-for-stm32.9-2020-q2-update.win32_2.0.0.202105311346/tools/bin/../lib/gcc/arm-none-eabi/9.3.1/../../../../arm-none-eabi/lib/thumb/v6-m/nofp\libc_nano.a(lib_a-nano-svfprintf.o)
 .ARM.attributes
                0x00000000000008e8       0x2c c:/st/stm32cubeide_1.7.0/stm32cubeide/plugins/com.st.stm32cube.ide.mcu.externaltools.gnu-tools-for-stm32.9-2020-q2-update.win32_2.0.0.202105311346/tools/bin/../lib/gcc/arm-none-eabi/9.3.1/../../../../arm-none-eabi/lib/thumb/v6-m/nofp\libc_nano.a(lib_a-nano-vfprintf_i.o)
 .ARM.attributes
                0x0000000000000914       0x2c c:/st/stm32cubeide_1.7.0/stm32cubeide/plugins/com.st.stm32cube.ide.mcu.externaltools.gnu-tools-for-stm32.9-2020-q2-update.win32_2.0.0.202105311346/tools/bin/../lib/gcc/arm-none-eabi/9.3.1/../../../../arm-none-eabi/lib/thumb/v6-m/nofp\libc_nano.a(lib_a-memchr-stub.o)
 .ARM.attributes
                0x0000000000000940       0x2c c:/st/stm32cubeide_1.7.0/stm32cubeide/plugins/com.st.stm32cube.ide.mcu.externaltools.gnu-tools-for-stm32.9-2020-q2-update.win32_2.0.0.202105311346/tools/bin/../lib/gcc/arm-none-eabi/9.3.1/../../../../arm-none-eabi/lib/thumb/v6-m/nofp\libc_nano.a(lib_a-memmove.o)
 .ARM.attributes
                0x000000000000096c       0x2c c:/st/stm32cubeide_1.7.0/stm32cubeide/plugins/com.st.stm32cube.ide.mcu.externaltools.gnu-tools-for-stm32.9-2020-q2-update.win32_2.0.0.202105311346/tools/bin/../lib/gcc/arm-none-eabi/9.3.1/../../../../arm-none-eabi/lib/thumb/v6-m/nofp\libc_nano.a(lib_a-nano-freer.o)
 .ARM.attributes
                0x0000000000000998       0x2c c:/st/stm32cubeide_1.7.0/stm32cubeide/plugins/com.st.stm32cube.ide.mcu.externaltools.gnu-tools-for-stm32.9-2020-q2-update.win32_2.0.0.202105311346/tools/bin/../lib/gcc/arm-none-eabi/9.3.1/../../../../arm-none-eabi/lib/thumb/v6-m/nofp\libc_nano.a(lib_a-nano-mallocr.o)
 .ARM.attributes
                0x00000000000009c4       0x2c c:/st/stm32cubeide_1.7.0/stm32cubeide/plugins/com.st.stm32cube.ide.mcu.externaltools.gnu-tools-for-stm32.9-2020-q2-update.win32_2.0.0.202105311346/tools/bin/../lib/gcc/arm-none-eabi/9.3.1/../../../../arm-none-eabi/lib/thumb/v6-m/nofp\libc_nano.a(lib_a-nano-reallocr.o)
 .ARM.attributes
                0x00000000000009f0       0x2c c:/st/stm32cubeide_1.7.0/stm32cubeide/plugins/com.st.stm32cube.ide.mcu.externaltools.gnu-tools-for-stm32.9-2020-q2-update.win32_2.0.0.202105311346/tools/bin/../lib/gcc/arm-none-eabi/9.3.1/../../../../arm-none-eabi/lib/thumb/v6-m/nofp\libc_nano.a(lib_a-sbrkr.o)
 .ARM.attributes
                0x0000000000000a1c       0x2c c:/st/stm32cubeide_1.7.0/stm32cubeide/plugins/com.st.stm32cube.ide.mcu.externaltools.gnu-tools-for-stm32.9-2020-q2-update.win32_2.0.0.202105311346/tools/bin/../lib/gcc/arm-none-eabi/9.3.1/../../../../arm-none-eabi/lib/thumb/v6-m/nofp\libc_nano.a(lib_a-mlock.o)
 .ARM.attributes
                0x0000000000000a48       0x2c c:/st/stm32cubeide_1.7.0/stm32cubeide/plugins/com.st.stm32cube.ide.mcu.externaltools.gnu-tools-for-stm32.9-2020-q2-update.win32_2.0.0.202105311346/tools/bin/../lib/gcc/arm-none-eabi/9.3.1/../../../../arm-none-eabi/lib/thumb/v6-m/nofp\libc_nano.a(lib_a-nano-msizer.o)
 .ARM.attributes
                0x0000000000000a74       0x2c c:/st/stm32cubeide_1.7.0/stm32cubeide/plugins/com.st.stm32cube.ide.mcu.externaltools.gnu-tools-for-stm32.9-2020-q2-update.win32_2.0.0.202105311346/tools/bin/../lib/gcc/arm-none-eabi/9.3.1/../../../../arm-none-eabi/lib/thumb/v6-m/nofp\libc_nano.a(lib_a-reent.o)
 .ARM.attributes
                0x0000000000000aa0       0x2c c:/st/stm32cubeide_1.7.0/stm32cubeide/plugins/com.st.stm32cube.ide.mcu.externaltools.gnu-tools-for-stm32.9-2020-q2-update.win32_2.0.0.202105311346/tools/bin/../lib/gcc/arm-none-eabi/9.3.1/../../../../arm-none-eabi/lib/thumb/v6-m/nofp\libc_nano.a(lib_a-lock.o)
 .ARM.attributes
                0x0000000000000acc       0x1e c:/st/stm32cubeide_1.7.0/stm32cubeide/plugins/com.st.stm32cube.ide.mcu.externaltools.gnu-tools-for-stm32.9-2020-q2-update.win32_2.0.0.202105311346/tools/bin/../lib/gcc/arm-none-eabi/9.3.1/thumb/v6-m/nofp\libgcc.a(_thumb1_case_uqi.o)
 .ARM.attributes
                0x0000000000000aea       0x1e c:/st/stm32cubeide_1.7.0/stm32cubeide/plugins/com.st.stm32cube.ide.mcu.externaltools.gnu-tools-for-stm32.9-2020-q2-update.win32_2.0.0.202105311346/tools/bin/../lib/gcc/arm-none-eabi/9.3.1/thumb/v6-m/nofp\libgcc.a(_thumb1_case_shi.o)
 .ARM.attributes
                0x0000000000000b08       0x1e c:/st/stm32cubeide_1.7.0/stm32cubeide/plugins/com.st.stm32cube.ide.mcu.externaltools.gnu-tools-for-stm32.9-2020-q2-update.win32_2.0.0.202105311346/tools/bin/../lib/gcc/arm-none-eabi/9.3.1/thumb/v6-m/nofp\libgcc.a(_thumb1_case_uhi.o)
 .ARM.attributes
                0x0000000000000b26       0x1e c:/st/stm32cubeide_1.7.0/stm32cubeide/plugins/com.st.stm32cube.ide.mcu.externaltools.gnu-tools-for-stm32.9-2020-q2-update.win32_2.0.0.202105311346/tools/bin/../lib/gcc/arm-none-eabi/9.3.1/thumb/v6-m/nofp\libgcc.a(_udivsi3.o)
 .ARM.attributes
                0x0000000000000b44       0x1e c:/st/stm32cubeide_1.7.0/stm32cubeide/plugins/com.st.stm32cube.ide.mcu.externaltools.gnu-tools-for-stm32.9-2020-q2-update.win32_2.0.0.202105311346/tools/bin/../lib/gcc/arm-none-eabi/9.3.1/thumb/v6-m/nofp\libgcc.a(_dvmd_tls.o)
 .ARM.attributes
                0x0000000000000b62       0x1e c:/st/stm32cubeide_1.7.0/stm32cubeide/plugins/com.st.stm32cube.ide.mcu.externaltools.gnu-tools-for-stm32.9-2020-q2-update.win32_2.0.0.202105311346/tools/bin/../lib/gcc/arm-none-eabi/9.3.1/thumb/v6-m/nofp\libgcc.a(_lshrdi3.o)
 .ARM.attributes
                0x0000000000000b80       0x1e c:/st/stm32cubeide_1.7.0/stm32cubeide/plugins/com.st.stm32cube.ide.mcu.externaltools.gnu-tools-for-stm32.9-2020-q2-update.win32_2.0.0.202105311346/tools/bin/../lib/gcc/arm-none-eabi/9.3.1/thumb/v6-m/nofp/crtn.o
OUTPUT(WDOG_BFK.elf elf32-littlearm)
LOAD linker stubs