i2c_sw.c:30:6:TIMER__Wait_us	8	static
i2c_sw.c:36:6:SW_I2C_initial	40	static
i2c_sw.c:58:6:GPIO_SetBits	8	static
i2c_sw.c:63:6:GPIO_ResetBits	8	static
i2c_sw.c:68:9:GPIO_ReadInputDataBit	8	static
i2c_sw.c:75:6:sda_high	8	static
i2c_sw.c:83:6:sda_low	8	static
i2c_sw.c:91:6:scl_high	8	static
i2c_sw.c:99:6:scl_low	8	static
i2c_sw.c:106:6:sda_out	8	static
i2c_sw.c:118:6:sda_in_mode	32	static
i2c_sw.c:134:6:sda_out_mode	32	static
i2c_sw.c:149:6:scl_in_mode	32	static
i2c_sw.c:164:6:scl_out_mode	8	static
i2c_sw.c:179:6:i2c_clk_data_out	8	static
i2c_sw.c:187:6:i2c_port_initial	8	static
i2c_sw.c:193:6:i2c_start_condition	8	static
i2c_sw.c:206:6:i2c_stop_condition	8	static
i2c_sw.c:245:6:i2c_check_not_ack	8	static
i2c_sw.c:253:6:i2c_check_not_ack_continue	8	static
i2c_sw.c:261:6:i2c_slave_address	24	static
i2c_sw.c:300:6:i2c_send_ack	8	static
i2c_sw.c:321:9:SW_I2C_ReadVal_SDA	8	static
i2c_sw.c:216:9:i2c_check_ack	16	static
i2c_sw.c:328:9:SW_I2C_ReadVal_SCL	8	static
i2c_sw.c:336:6:SW_I2C_Write_Data	24	static
i2c_sw.c:285:6:i2c_register_address	8	static
i2c_sw.c:351:9:SW_I2C_Read_Data	24	static
i2c_sw.c:376:9:SW_I2C_WriteControl_8Bit	24	static
i2c_sw.c:411:9:SW_I2C_WriteControl_8Bit_OnlyRegAddr	16	static
i2c_sw.c:434:9:SW_I2C_WriteControl_16Bit	24	static
i2c_sw.c:477:9:SW_I2C_ReadControl_8Bit_OnlyRegAddr	24	static
i2c_sw.c:504:9:SW_I2C_ReadControl_8Bit_OnlyData	16	static
i2c_sw.c:526:10:SW_I2C_ReadControl_16Bit_OnlyData	16	static
i2c_sw.c:554:9:SW_I2C_ReadControl_8Bit	16	static
i2c_sw.c:586:10:SW_I2C_ReadControl_16Bit	16	static
i2c_sw.c:622:9:SW_I2C_ReadnControl_8Bit	32	static
i2c_sw.c:660:9:SW_I2C_Multi_ReadnControl_8Bit	32	static
i2c_sw.c:700:9:SW_I2C_Check_SlaveAddr	16	static
i2c_sw.c:715:9:SW_I2C_UTIL_WRITE	8	static
i2c_sw.c:720:9:SW_I2C_UTIL_Read	8	static
i2c_sw.c:725:9:SW_I2C_UTIL_Read_Multi	16	static
