main.c:89:6:DisableSPI	32	static
main.c:108:6:SetI2C_Mask	16	static
main.c:112:6:ClrI2C_Mask	16	static
main.c:117:6:Set_CS	8	static
main.c:124:6:Clr_CS	8	static
main.c:133:6:Test_RxPacket	20	static
main.c:143:6:UART_putstr	8	static
main.c:149:6:UART_putstrln	8	static
main.c:158:6:UART_SendByte	16	static
main.c:162:5:ReadUartNonBlock	20	static
main.c:175:6:userInput	24	static
main.c:207:6:refreshConsoleBuffer	0	static
main.c:218:6:clearUartConsole	8	static
main.c:318:9:ByteToHEX	0	static
main.c:721:6:HAL_TIM_PeriodElapsedCallback	8	static
main.c:742:6:Error_Handler	8	static,ignoring_inline_asm
main.c:605:13:MX_SPI1_Init	8	static
main.c:75:6:EnableSPI	40	static
main.c:226:6:UART_Con_Mash	32	static
main.c:459:6:SystemClock_Config	104	static
main.c:343:5:main	64	static,ignoring_inline_asm
