main.c:90:6:DisableSPI	32	static
main.c:109:6:SetI2C_Mask	16	static
main.c:113:6:ClrI2C_Mask	16	static
main.c:118:6:Set_CS	8	static
main.c:125:6:Clr_CS	8	static
main.c:134:6:Test_RxPacket	20	static
main.c:159:6:UART_putstrln	16	static
main.c:171:6:UART_SendByte	16	static
main.c:175:5:ReadUartNonBlock	20	static
main.c:188:6:printBuf	8	static
main.c:197:6:userInput	24	static
main.c:248:6:refreshConsoleBuffer	0	static
main.c:259:6:clearUartConsole	8	static
main.c:357:9:ByteToHEX	0	static
main.c:763:6:HAL_TIM_PeriodElapsedCallback	8	static
main.c:784:6:Error_Handler	8	static,ignoring_inline_asm
main.c:647:13:MX_SPI1_Init	8	static
main.c:76:6:EnableSPI	40	static
main.c:263:6:UART_Con_Mash	40	static
main.c:499:6:SystemClock_Config	104	static
main.c:381:5:main	64	static,ignoring_inline_asm
