memory.c:13:9:SPI_ReadStatus	16	static
memory.c:24:6:Flash_WriteEnable	8	static
memory.c:32:6:SPI_PageRead	32	static
memory.c:83:6:SPI_EraseAddr	16	static,ignoring_inline_asm
memory.c:50:6:Flash_PageWrite	24	static
memory.c:101:6:SPI_Reset	8	static
memory.c:109:9:SPI_ReadID	32	static
memory.c:130:6:Xmodem_SPI	40	static
memory.c:232:6:Xmodem_Init	8	static
memory.c:245:6:FlashDump	24	static
memory.c:273:6:memoryMenu	64	static
memory.c:292:6:writeConfig	32	static
memory.c:308:6:readConfig	0	static
