stm32f0xx_ll_usb.c:64:19:USB_CoreInit	0	static
stm32f0xx_ll_usb.c:84:19:USB_EnableGlobalInt	0	static
stm32f0xx_ll_usb.c:109:19:USB_DisableGlobalInt	0	static
stm32f0xx_ll_usb.c:133:19:USB_SetCurrentMode	0	static
stm32f0xx_ll_usb.c:154:19:USB_DevInit	8	static
stm32f0xx_ll_usb.c:181:19:USB_ActivateEndpoint	32	static
stm32f0xx_ll_usb.c:296:19:USB_DeactivateEndpoint	20	static
stm32f0xx_ll_usb.c:562:19:USB_EPSetStall	0	static
stm32f0xx_ll_usb.c:582:19:USB_EPClearStall	8	static
stm32f0xx_ll_usb.c:613:19:USB_StopDevice	0	static
stm32f0xx_ll_usb.c:634:20:USB_SetDevAddress	0	static
stm32f0xx_ll_usb.c:650:20:USB_DevConnect	0	static
stm32f0xx_ll_usb.c:663:20:USB_DevDisconnect	0	static
stm32f0xx_ll_usb.c:676:11:USB_ReadInterrupts	0	static
stm32f0xx_ll_usb.c:689:19:USB_ActivateRemoteWakeup	0	static
stm32f0xx_ll_usb.c:701:19:USB_DeActivateRemoteWakeup	0	static
stm32f0xx_ll_usb.c:716:6:USB_WritePMA	12	static
stm32f0xx_ll_usb.c:352:19:USB_EPStartXfer	32	static
stm32f0xx_ll_usb.c:750:6:USB_ReadPMA	20	static
