stm32f0xx_hal_adc.c:2256:26:ADC_Disable	16	static
stm32f0xx_hal_adc.c:2191:26:ADC_Enable	24	static
stm32f0xx_hal_adc.c:2313:26:ADC_ConversionStop	16	static
stm32f0xx_hal_adc.c:774:13:HAL_ADC_MspInit	0	static
stm32f0xx_hal_adc.c:406:19:HAL_ADC_Init	24	static
stm32f0xx_hal_adc.c:789:13:HAL_ADC_MspDeInit	0	static
stm32f0xx_hal_adc.c:648:19:HAL_ADC_DeInit	16	static
stm32f0xx_hal_adc.c:1027:19:HAL_ADC_Start	16	static
stm32f0xx_hal_adc.c:1092:19:HAL_ADC_Stop	16	static
stm32f0xx_hal_adc.c:1146:19:HAL_ADC_PollForConversion	24	static
stm32f0xx_hal_adc.c:1266:19:HAL_ADC_PollForEvent	24	static
stm32f0xx_hal_adc.c:1342:19:HAL_ADC_Start_IT	16	static
stm32f0xx_hal_adc.c:1423:19:HAL_ADC_Stop_IT	16	static
stm32f0xx_hal_adc.c:1476:19:HAL_ADC_Start_DMA	32	static
stm32f0xx_hal_adc.c:1565:19:HAL_ADC_Stop_DMA	24	static
stm32f0xx_hal_adc.c:1650:10:HAL_ADC_GetValue	0	static
stm32f0xx_hal_adc.c:1792:13:HAL_ADC_ConvCpltCallback	0	static
stm32f0xx_hal_adc.c:2364:13:ADC_DMAConvCplt	8	static
stm32f0xx_hal_adc.c:1807:13:HAL_ADC_ConvHalfCpltCallback	0	static
stm32f0xx_hal_adc.c:2429:13:ADC_DMAHalfConvCplt	8	static
stm32f0xx_hal_adc.c:1822:13:HAL_ADC_LevelOutOfWindowCallback	0	static
stm32f0xx_hal_adc.c:1838:13:HAL_ADC_ErrorCallback	0	static
stm32f0xx_hal_adc.c:2447:13:ADC_DMAError	8	static
stm32f0xx_hal_adc.c:1667:6:HAL_ADC_IRQHandler	16	static
stm32f0xx_hal_adc.c:1892:19:HAL_ADC_ConfigChannel	32	static
stm32f0xx_hal_adc.c:2025:19:HAL_ADC_AnalogWDGConfig	20	static
stm32f0xx_hal_adc.c:2147:10:HAL_ADC_GetState	0	static
stm32f0xx_hal_adc.c:2161:10:HAL_ADC_GetError	0	static
