stm32f0xx_hal_tim_ex.c:2283:13:TIM_CCxNChannelCmd	8	static
stm32f0xx_hal_tim_ex.c:2238:13:TIM_DMAErrorCCxN	8	static
stm32f0xx_hal_tim_ex.c:2179:13:TIM_DMADelayPulseNCplt	8	static
stm32f0xx_hal_tim_ex.c:282:13:HAL_TIMEx_HallSensor_MspInit	0	static
stm32f0xx_hal_tim_ex.c:136:19:HAL_TIMEx_HallSensor_Init	64	static
stm32f0xx_hal_tim_ex.c:297:13:HAL_TIMEx_HallSensor_MspDeInit	0	static
stm32f0xx_hal_tim_ex.c:237:19:HAL_TIMEx_HallSensor_DeInit	16	static
stm32f0xx_hal_tim_ex.c:312:19:HAL_TIMEx_HallSensor_Start	32	static
stm32f0xx_hal_tim_ex.c:365:19:HAL_TIMEx_HallSensor_Stop	8	static
stm32f0xx_hal_tim_ex.c:392:19:HAL_TIMEx_HallSensor_Start_IT	32	static
stm32f0xx_hal_tim_ex.c:448:19:HAL_TIMEx_HallSensor_Stop_IT	8	static
stm32f0xx_hal_tim_ex.c:480:19:HAL_TIMEx_HallSensor_Start_DMA	24	static
stm32f0xx_hal_tim_ex.c:555:19:HAL_TIMEx_HallSensor_Stop_DMA	8	static
stm32f0xx_hal_tim_ex.c:616:19:HAL_TIMEx_OCN_Start	8	static
stm32f0xx_hal_tim_ex.c:667:19:HAL_TIMEx_OCN_Stop	16	static
stm32f0xx_hal_tim_ex.c:699:19:HAL_TIMEx_OCN_Start_IT	8	static
stm32f0xx_hal_tim_ex.c:781:19:HAL_TIMEx_OCN_Stop_IT	16	static
stm32f0xx_hal_tim_ex.c:850:19:HAL_TIMEx_OCN_Start_DMA	16	static
stm32f0xx_hal_tim_ex.c:979:19:HAL_TIMEx_OCN_Stop_DMA	16	static
stm32f0xx_hal_tim_ex.c:1074:19:HAL_TIMEx_PWMN_Start	8	static
stm32f0xx_hal_tim_ex.c:1124:19:HAL_TIMEx_PWMN_Stop	8	static
stm32f0xx_hal_tim_ex.c:1156:19:HAL_TIMEx_PWMN_Start_IT	8	static
stm32f0xx_hal_tim_ex.c:1237:19:HAL_TIMEx_PWMN_Stop_IT	8	static
stm32f0xx_hal_tim_ex.c:1307:19:HAL_TIMEx_PWMN_Start_DMA	8	static
stm32f0xx_hal_tim_ex.c:1436:19:HAL_TIMEx_PWMN_Stop_DMA	8	static
stm32f0xx_hal_tim_ex.c:1519:19:HAL_TIMEx_OnePulseN_Start	16	static
stm32f0xx_hal_tim_ex.c:1560:19:HAL_TIMEx_OnePulseN_Stop	16	static
stm32f0xx_hal_tim_ex.c:1595:19:HAL_TIMEx_OnePulseN_Start_IT	16	static
stm32f0xx_hal_tim_ex.c:1642:19:HAL_TIMEx_OnePulseN_Stop_IT	16	static
stm32f0xx_hal_tim_ex.c:1719:19:HAL_TIMEx_ConfigCommutEvent	12	static
stm32f0xx_hal_tim_ex.c:1775:19:HAL_TIMEx_ConfigCommutEvent_IT	12	static
stm32f0xx_hal_tim_ex.c:1832:19:HAL_TIMEx_ConfigCommutEvent_DMA	16	static
stm32f0xx_hal_tim_ex.c:1881:19:HAL_TIMEx_MasterConfigSynchronization	16	static
stm32f0xx_hal_tim_ex.c:1942:19:HAL_TIMEx_ConfigBreakDeadTime	8	static
stm32f0xx_hal_tim_ex.c:1994:19:HAL_TIMEx_RemapConfig	8	static
stm32f0xx_hal_tim_ex.c:2034:13:HAL_TIMEx_CommutCallback	0	static
stm32f0xx_hal_tim_ex.c:2140:6:TIMEx_DMACommutationCplt	8	static
stm32f0xx_hal_tim_ex.c:2048:13:HAL_TIMEx_CommutHalfCpltCallback	0	static
stm32f0xx_hal_tim_ex.c:2159:6:TIMEx_DMACommutationHalfCplt	8	static
stm32f0xx_hal_tim_ex.c:2063:13:HAL_TIMEx_BreakCallback	0	static
stm32f0xx_hal_tim_ex.c:2096:22:HAL_TIMEx_HallSensor_GetState	0	static
stm32f0xx_hal_tim_ex.c:2111:29:HAL_TIMEx_GetChannelNState	0	static
