stm32f0xx_hal_pcd.c:257:13:HAL_PCD_MspInit	0	static
stm32f0xx_hal_pcd.c:122:19:HAL_PCD_Init	48	static
stm32f0xx_hal_pcd.c:272:13:HAL_PCD_MspDeInit	0	static
stm32f0xx_hal_pcd.c:218:19:HAL_PCD_DeInit	16	static
stm32f0xx_hal_pcd.c:973:19:HAL_PCD_Start	16	static
stm32f0xx_hal_pcd.c:988:19:HAL_PCD_Stop	16	static
stm32f0xx_hal_pcd.c:1130:13:HAL_PCD_DataOutStageCallback	0	static
stm32f0xx_hal_pcd.c:1147:13:HAL_PCD_DataInStageCallback	0	static
stm32f0xx_hal_pcd.c:1162:13:HAL_PCD_SetupStageCallback	0	static
stm32f0xx_hal_pcd.c:1177:13:HAL_PCD_SOFCallback	0	static
stm32f0xx_hal_pcd.c:1192:13:HAL_PCD_ResetCallback	0	static
stm32f0xx_hal_pcd.c:1207:13:HAL_PCD_SuspendCallback	0	static
stm32f0xx_hal_pcd.c:1222:13:HAL_PCD_ResumeCallback	0	static
stm32f0xx_hal_pcd.c:1238:13:HAL_PCD_ISOOUTIncompleteCallback	0	static
stm32f0xx_hal_pcd.c:1255:13:HAL_PCD_ISOINIncompleteCallback	0	static
stm32f0xx_hal_pcd.c:1271:13:HAL_PCD_ConnectCallback	0	static
stm32f0xx_hal_pcd.c:1286:13:HAL_PCD_DisconnectCallback	0	static
stm32f0xx_hal_pcd.c:1320:19:HAL_PCD_DevConnect	16	static
stm32f0xx_hal_pcd.c:1334:19:HAL_PCD_DevDisconnect	16	static
stm32f0xx_hal_pcd.c:1349:19:HAL_PCD_SetAddress	16	static
stm32f0xx_hal_pcd.c:1004:6:HAL_PCD_IRQHandler	40	static
stm32f0xx_hal_pcd.c:1366:19:HAL_PCD_EP_Open	16	static
stm32f0xx_hal_pcd.c:1410:19:HAL_PCD_EP_Close	16	static
stm32f0xx_hal_pcd.c:1441:19:HAL_PCD_EP_Receive	16	static
stm32f0xx_hal_pcd.c:1472:10:HAL_PCD_EP_GetRxCount	0	static
stm32f0xx_hal_pcd.c:1484:19:HAL_PCD_EP_Transmit	16	static
stm32f0xx_hal_pcd.c:1517:19:HAL_PCD_EP_SetStall	16	static
stm32f0xx_hal_pcd.c:1555:19:HAL_PCD_EP_ClrStall	16	static
stm32f0xx_hal_pcd.c:1591:19:HAL_PCD_EP_Flush	0	static
stm32f0xx_hal_pcd.c:1605:19:HAL_PCD_ActivateRemoteWakeup	8	static
stm32f0xx_hal_pcd.c:1615:19:HAL_PCD_DeActivateRemoteWakeup	8	static
stm32f0xx_hal_pcd.c:1644:18:HAL_PCD_GetState	0	static
